E/SoundPool(  380): Error creating AudioTrack
W/ResourceType(  491): No package identifier when getting value for resource number 0x00000000
W/PackageManager(  491): Failure retrieving resources for com.android.music: Resource ID #0x0
W/IInputConnectionWrapper(  855): showStatusIcon on inactive InputConnection
W/AudioPolicyManager(  114): getOutput() could not find output for stream 1, samplingRate 0,format 0, channels 3, flags 0
W/AudioPolicyManager(  114): getOutput() could not find output for stream 1, samplingRate 0,format 0, channels 3, flags 0
I/ActivityManager(  380): START u0 {act=android.intent.action.MAIN cat=[android.intent.category.LAUNCHER] flg=0x10200000 cmp=com.android.email/.activity.Welcome (has extras)} from uid 10006 on display 0
W/AudioPolicyManager(  114): getOutput() could not find output for stream 1, samplingRate 48000,format 1, channels 3, flags 4
E/AudioTrack(  380): Could not get audio output for stream type 1, usage 0, sample rate 48000, format 0x1, channel mask 0x3, flags 0x4
E/SoundPool(  380): Error creating AudioTrack
V/WindowManager(  380): addAppToken: AppWindowToken{1bfe0531 token=Token{4dcadd8 ActivityRecord{2c3584bb u0 com.android.email/.activity.Welcome t12}}} to stack=1 task=12 at 0
V/WindowManager(  380): Adding window Window{24775ff0 u0 Starting com.android.email} at 4 of 9 (after Window{3c29a99a u0 com.android.music/com.android.music.MediaPlaybackActivity})
I/ActivityManager(  380): Start proc 965:com.android.email/u0a24 for activity com.android.email/.activity.Welcome
W/OpenGLRenderer(  762): Incorrectly called buildLayer on View: ShortcutAndWidgetContainer, destroying layer...
I/ActivityManager(  380): Start proc 983:com.android.exchange/u0a25 for service com.android.exchange/.service.EasService
D/ActivityThread(  965): Loading provider com.android.email.provider;com.android.email.notifier: com.android.email.provider.EmailProvider
V/NFC     (  965): this device does not have NFC support
E/Email   (  965): FLF.setSelectedAccount(null) called! Destroying existing loader.
D/OpenGLRenderer(  965): Use EGL_SWAP_BEHAVIOR_PRESERVED: true
W/linker  (  965): gralloc.omap4.so: unused DT entry: type 0xf arg 0x53b
W/linker  (  965): libpvr2d_SGX540_120.so: unused DT entry: type 0xf arg 0x767
D/Atlas   (  965): Validating map...
V/WindowManager(  380): Adding window Window{f233152 u0 com.android.email/com.android.email.activity.Welcome} at 2 of 8 (before Window{24775ff0 u0 Starting com.android.email})
I/Exchange(  983): EasService.onCreate
W/ActivityManager(  380): Unable to start service Intent { cmp=com.android.email/.service.AttachmentService } U=0: not found
I/Exchange(  983): RestartPingTask
W/ActivityManager(  380): Unable to start service Intent { cmp=com.android.email/.service.AttachmentService } U=0: not found
I/OpenGLRenderer(  965): Initialized EGL, version 1.4
W/OpenGLRenderer(  965): Failed to choose config with EGL_SWAP_BEHAVIOR_PRESERVED, retrying without...
D/OpenGLRenderer(  965): Enabling debug mode 0
I/Email   (  965): Observing account changes for notifications
W/linker  (  965): libglslcompiler_SGX540_120.so: unused DT entry: type 0xf arg 0x3db
I/Exchange(  983): RestartPingsTask did not start any pings.
I/Exchange(  983): PSS stopIfIdle
I/Exchange(  983): PSS has no active accounts; stopping service.
W/ActivityManager(  380): Unable to start service Intent { cmp=com.android.email/.service.AttachmentService } U=0: not found
I/ActivityManager(  380): Displayed com.android.email/.activity.Welcome: +1s392ms
I/ActivityManager(  380): START u0 {cmp=com.android.email/.activity.setup.AccountSetupFinal (has extras)} from uid 10024 on display 0
V/WindowManager(  380): addAppToken: AppWindowToken{2161f011 token=Token{19c3f838 ActivityRecord{3c1bfc9b u0 com.android.email/.activity.setup.AccountSetupFinal t12}}} to stack=1 task=12 at 1
V/WindowManager(  380): Adding window Window{25dc5fe4 u0 com.android.email/com.android.email.activity.setup.AccountSetupFinal} at 4 of 9 (after Window{24775ff0 u0 Starting com.android.email EXITING})
I/Exchange(  983): onDestroy
I/ActivityManager(  380): Displayed com.android.email/.activity.setup.AccountSetupFinal: +321ms
W/AudioPolicyManager(  114): getOutput() could not find output for stream 1, samplingRate 0,format 0, channels 3, flags 0
W/AudioPolicyManager(  114): getOutput() could not find output for stream 1, samplingRate 0,format 0, channels 3, flags 0
W/AudioPolicyManager(  114): getOutput() could not find output for stream 1, samplingRate 48000,format 1, channels 3, flags 4
E/AudioTrack(  380): Could not get audio output for stream type 1, usage 0, sample rate 48000, format 0x1, channel mask 0x3, flags 0x4
E/SoundPool(  380): Error creating AudioTrack
W/ResourceType(  491): No package identifier when getting value for resource number 0x00000000
W/PackageManager(  491): Failure retrieving resources for com.android.email: Resource ID #0x0
D/PhoneStatusBar(  491): disable: < expand ICONS* alerts SYSTEM_INFO* back home recent clock search >
W/OpenGLRenderer(  762): Incorrectly called buildLayer on View: ShortcutAndWidgetContainer, destroying layer...
D/BluetoothAdapter(  491): 975489118: getState() :  mService = null. Returning STATE_OFF
D/BluetoothAdapter(  491): 975489118: getState() :  mService = null. Returning STATE_OFF
D/BluetoothAdapter(  491): 975489118: getState() :  mService = null. Returning STATE_OFF
D/BluetoothAdapter(  491): 975489118: getState() :  mService = null. Returning STATE_OFF
W/AudioPolicyManager(  114): getOutput() could not find output for stream 1, samplingRate 0,format 0, channels 3, flags 0
W/AudioPolicyManager(  114): getOutput() could not find output for stream 1, samplingRate 0,format 0, channels 3, flags 0
W/AudioPolicyManager(  114): getOutput() could not find output for stream 1, samplingRate 48000,format 1, channels 3, flags 4
E/AudioTrack(  380): Could not get audio output for stream type 1, usage 0, sample rate 48000, format 0x1, channel mask 0x3, flags 0x4
D/StatusBar(  491): Clicked on content of 0|com.android.music|1|null|10033
E/SoundPool(  380): Error creating AudioTrack
I/ActivityManager(  380): START u0 {act=com.android.music.PLAYBACK_VIEWER flg=0x10000000 cmp=com.android.music/.MediaPlaybackActivity} from uid 10033 on display 0
V/WindowManager(  380): addAppToken: AppWindowToken{188335fe token=Token{35a1db9 ActivityRecord{ff3380 u0 com.android.music/.MediaPlaybackActivity t13}}} to stack=1 task=13 at 0
V/WindowManager(  380): Adding window Window{36e407ac u0 Starting com.android.music} at 2 of 7 (after Window{37ba053b u0 com.android.launcher/com.android.launcher2.Launcher})
V/PhoneStatusBar(  491): setLightsOn(true)
V/WindowManager(  380): Adding window Window{12ac67f3 u0 com.android.music/com.android.music.MediaPlaybackActivity} at 2 of 8 (before Window{36e407ac u0 Starting com.android.music})
I/ActivityManager(  380): Displayed com.android.music/.MediaPlaybackActivity: +247ms
D/PhoneStatusBar(  491): disable: < expand icons* alerts system_info* back home recent clock search >
E/MediaPlayer(  855): pause called in state 8
E/MediaPlayer(  855): error (-38, 0)
W/AudioPolicyManager(  114): getOutput() could not find output for stream 1, samplingRate 0,format 0, channels 3, flags 0
W/AudioPolicyManager(  114): getOutput() could not find output for stream 1, samplingRate 0,format 0, channels 3, flags 0
W/AudioPolicyManager(  114): getOutput() could not find output for stream 1, samplingRate 48000,format 1, channels 3, flags 4
E/AudioTrack(  380): Could not get audio output for stream type 1, usage 0, sample rate 48000, format 0x1, channel mask 0x3, flags 0x4
V/PhoneStatusBar(  491): DEBUG_MEDIA: Disconnecting from old controller: android.media.session.MediaController@11917514
E/MediaPlayer(  855): Error (-38,0)
D/MultiPlayer(  855): Error: -38,0
D/NuPlayerDriver(  114): reset(0x41473dc0)
E/SoundPool(  380): Error creating AudioTrack
D/NuPlayerDriver(  114): notifyResetComplete(0x41473dc0)
E/MediaPlayer(  855): Should have subtitle controller already set
E/MediaPlayer(  855): Should have subtitle controller already set
W/AudioPolicyManager(  114): getOutput() could not find output for stream 1, samplingRate 0,format 0, channels 3, flags 0
W/AudioPolicyManager(  114): getOutput() could not find output for stream 1, samplingRate 0,format 0, channels 3, flags 0
W/AudioPolicyManager(  114): getOutput() could not find output for stream 1, samplingRate 48000,format 1, channels 3, flags 4
E/AudioTrack(  380): Could not get audio output for stream type 1, usage 0, sample rate 48000, format 0x1, channel mask 0x3, flags 0x4
I/MediaFocusControl(  380):  AudioFocus  requestAudioFocus() from android.media.AudioManager@3ab16906com.android.music.MediaPlaybackService$3@c2dbbc7 req=1flags=0x0
E/SoundPool(  380): Error creating AudioTrack
D/NuPlayerDriver(  114): start(0x41473d00)
I/GenericSource(  114): start
E/Utils   (  114):  Couldn't map mime type "audio/g711-alaw" to a valid AudioSystem::audio_format !
E/Utils   (  114):  Couldn't map mime type "audio/g711-alaw" to a valid AudioSystem::audio_format !
W/AudioPolicyManager(  114): getOutput() could not find output for stream 3, samplingRate 0,format 0, channels 3, flags 0
W/NuPlayerRenderer(  114): openAudioSink: non offloaded open failed status: -19
E/NuPlayerDecoder(  114): Failed to open AudioSink on format change for OMX.google.g711.alaw.decoder (err=-19)
E/NuPlayer(  114): received error(0xffffffed) from audio decoder, flushing(0), now shutting down
E/MediaPlayer(  855): error (1, -19)
E/MediaPlayer(  855): Error (1,-19)
D/MultiPlayer(  855): Error: 1,-19
D/NuPlayerDriver(  114): reset(0x41473d00)
D/NuPlayerDriver(  114): notifyResetComplete(0x41473d00)
E/MediaPlayer(  855): Should have subtitle controller already set
E/MediaPlayer(  855): Should have subtitle controller already set
W/MediaScanner(  465): Error opening directory '/storage/sdcard1/.android_secure/', skipping: Permission denied.
W/MediaScanner(  465): Error opening directory '/storage/usbdisk0/', skipping: Permission denied.
D/lights  (  380): set_light_backlight brightness=34
