--------- beginning of main
W/linker  (  109): libsrv_init_SGX540_120.so: unused DT entry: type 0xf arg 0x1ab
W/auditd  (  103): type=2000 audit(0.0:1): initialized
I/auditd  (  103): type=1403 audit(0.0:2): policy loaded auid=4294967295 ses=4294967295
W/linker  (  109): libsrv_um_SGX540_120.so: unused DT entry: type 0xf arg 0xeb9
W/orientationd(  117): type=1400 audit(0.0:4): avc: denied { execmem } for scontext=u:r:orientationd:s0 tcontext=u:r:orientationd:s0 tclass=process
W/geomagneticd(  118): type=1400 audit(0.0:3): avc: denied { execmem } for scontext=u:r:geomagneticd:s0 tcontext=u:r:geomagneticd:s0 tclass=process
W/orientationd(  117): type=1400 audit(0.0:5): avc: denied { read } for name="input" dev=tmpfs ino=1050 scontext=u:r:orientationd:s0 tcontext=u:object_r:input_device:s0 tclass=dir
W/orientationd(  117): type=1400 audit(0.0:6): avc: denied { open } for name="input" dev=tmpfs ino=1050 scontext=u:r:orientationd:s0 tcontext=u:object_r:input_device:s0 tclass=dir
W/orientationd(  117): type=1400 audit(0.0:7): avc: denied { read } for name="event6" dev=tmpfs ino=1288 scontext=u:r:orientationd:s0 tcontext=u:object_r:input_device:s0 tclass=chr_file
W/orientationd(  117): type=1400 audit(0.0:8): avc: denied { open } for name="event6" dev=tmpfs ino=1288 scontext=u:r:orientationd:s0 tcontext=u:object_r:input_device:s0 tclass=chr_file
W/orientationd(  117): type=1400 audit(0.0:9): avc: denied { ioctl } for path="/dev/input/event6" dev=tmpfs ino=1288 scontext=u:r:orientationd:s0 tcontext=u:object_r:input_device:s0 tclass=chr_file
W/dock_kbd_attach(  120): type=1400 audit(0.0:10): avc: denied { read write } for name="ttyO3" dev=tmpfs ino=1057 scontext=u:r:dock_kbd_attach:s0 tcontext=u:object_r:device:s0 tclass=chr_file
W/dock_kbd_attach(  120): type=1400 audit(0.0:11): avc: denied { open } for name="ttyO3" dev=tmpfs ino=1057 scontext=u:r:dock_kbd_attach:s0 tcontext=u:object_r:device:s0 tclass=chr_file
W/linker  (  118): /system/bin/geomagneticd has text relocations. This is wasting memory and prevents security hardening. Please fix.
W/linker  (  117): /system/bin/orientationd has text relocations. This is wasting memory and prevents security hardening. Please fix.
W/dock_kbd_attach(  120): type=1400 audit(0.0:12): avc: denied { ioctl } for path="/dev/ttyO3" dev=tmpfs ino=1057 scontext=u:r:dock_kbd_attach:s0 tcontext=u:object_r:device:s0 tclass=chr_file
W/geomagneticd(  118): type=1400 audit(0.0:13): avc: denied { write } for name="system" dev=mmcblk0p10 ino=677281 scontext=u:r:geomagneticd:s0 tcontext=u:object_r:system_data_file:s0 tclass=dir
W/geomagneticd(  118): type=1400 audit(0.0:14): avc: denied { add_name } for name="yas-backup.cfg" scontext=u:r:geomagneticd:s0 tcontext=u:object_r:system_data_file:s0 tclass=dir
W/geomagneticd(  118): type=1400 audit(0.0:15): avc: denied { create } for name="yas-backup.cfg" scontext=u:r:geomagneticd:s0 tcontext=u:object_r:system_data_file:s0 tclass=file
W/geomagneticd(  118): type=1400 audit(0.0:16): avc: denied { write open } for name="yas-backup.cfg" dev=mmcblk0p10 ino=677429 scontext=u:r:geomagneticd:s0 tcontext=u:object_r:system_data_file:s0 tclass=file
W/geomagneticd(  118): type=1400 audit(0.0:17): avc: denied { setattr } for name="yas-backup.cfg" dev=mmcblk0p10 ino=677429 scontext=u:r:geomagneticd:s0 tcontext=u:object_r:system_data_file:s0 tclass=file
W/geomagneticd(  118): type=1400 audit(0.0:18): avc: denied { remove_name } for name="yas-backup.cfg" dev=mmcblk0p10 ino=677429 scontext=u:r:geomagneticd:s0 tcontext=u:object_r:system_data_file:s0 tclass=dir
W/geomagneticd(  118): type=1400 audit(0.0:19): avc: denied { rename } for name="yas-backup.cfg" dev=mmcblk0p10 ino=677429 scontext=u:r:geomagneticd:s0 tcontext=u:object_r:system_data_file:s0 tclass=file
W/geomagneticd(  118): type=1400 audit(0.0:20): avc: denied { read } for name="input" dev=tmpfs ino=1050 scontext=u:r:geomagneticd:s0 tcontext=u:object_r:input_device:s0 tclass=dir
W/geomagneticd(  118): type=1400 audit(0.0:21): avc: denied { open } for name="input" dev=tmpfs ino=1050 scontext=u:r:geomagneticd:s0 tcontext=u:object_r:input_device:s0 tclass=dir
W/geomagneticd(  118): type=1400 audit(0.0:22): avc: denied { read } for name="event6" dev=tmpfs ino=1288 scontext=u:r:geomagneticd:s0 tcontext=u:object_r:input_device:s0 tclass=chr_file
W/geomagneticd(  118): type=1400 audit(0.0:23): avc: denied { open } for name="event6" dev=tmpfs ino=1288 scontext=u:r:geomagneticd:s0 tcontext=u:object_r:input_device:s0 tclass=chr_file
W/geomagneticd(  118): type=1400 audit(0.0:24): avc: denied { ioctl } for path="/dev/input/event6" dev=tmpfs ino=1288 scontext=u:r:geomagneticd:s0 tcontext=u:object_r:input_device:s0 tclass=chr_file
I/Netd    (  111): Netd 1.0 starting
E/Netd    (  111): Failed to open /proc/sys/net/ipv6/conf/default/accept_ra_rt_table: No such file or directory
E/Netd    (  111): Failed to open /proc/sys/net/ipv6/conf/lo/accept_ra_rt_table: No such file or directory
E/Netd    (  111): Failed to open /proc/sys/net/ipv6/conf/ifb0/accept_ra_rt_table: No such file or directory
E/Netd    (  111): Failed to open /proc/sys/net/ipv6/conf/ifb1/accept_ra_rt_table: No such file or directory
E/Netd    (  111): Failed to open /proc/sys/net/ipv6/conf/sit0/accept_ra_rt_table: No such file or directory
E/Netd    (  111): Failed to open /proc/sys/net/ipv6/conf/ip6tnl0/accept_ra_rt_table: No such file or directory
E/Netd    (  111): Failed to open /proc/sys/net/ipv6/conf/default/use_optimistic: No such file or directory
E/Netd    (  111): Failed to open /proc/sys/net/ipv6/conf/lo/use_optimistic: No such file or directory
E/Netd    (  111): Failed to open /proc/sys/net/ipv6/conf/ifb0/use_optimistic: No such file or directory
E/Netd    (  111): Failed to open /proc/sys/net/ipv6/conf/ifb1/use_optimistic: No such file or directory
E/Netd    (  111): Failed to open /proc/sys/net/ipv6/conf/sit0/use_optimistic: No such file or directory
E/Netd    (  111): Failed to open /proc/sys/net/ipv6/conf/ip6tnl0/use_optimistic: No such file or directory
I/SurfaceFlinger(  108): SurfaceFlinger is starting
I/SurfaceFlinger(  108): SurfaceFlinger's main thread ready to run. Initializing graphics H/W...
W/linker  (  108): libEGL_POWERVR_SGX540_120.so: unused DT entry: type 0xf arg 0x54e
W/linker  (  108): libIMGegl_SGX540_120.so: unused DT entry: type 0xf arg 0x898
W/linker  (  108): libsrv_um_SGX540_120.so: unused DT entry: type 0xf arg 0xeb9
D/libEGL  (  108): loaded /vendor/lib/egl/libEGL_POWERVR_SGX540_120.so
W/linker  (  108): libGLESv1_CM_POWERVR_SGX540_120.so: unused DT entry: type 0xf arg 0xd66
W/linker  (  108): libusc_SGX540_120.so: unused DT entry: type 0xf arg 0x2dc
W/linker  (  108): libGLESv2_POWERVR_SGX540_120.so: unused DT entry: type 0xf arg 0xe4b
W/linker  (  108): libGLESv1_CM_POWERVR_SGX540_120.so: unused DT entry: type 0xf arg 0xd66
W/linker  (  108): libusc_SGX540_120.so: unused DT entry: type 0xf arg 0x2dc
D/libEGL  (  108): loaded /vendor/lib/egl/libGLESv1_CM_POWERVR_SGX540_120.so
W/linker  (  108): libGLESv2_POWERVR_SGX540_120.so: unused DT entry: type 0xf arg 0xe4b
D/libEGL  (  108): loaded /vendor/lib/egl/libGLESv2_POWERVR_SGX540_120.so
I/lowmemorykiller(  105): Using in-kernel low memory killer interface
W/linker  (  108): libpvrANDROID_WSEGL_SGX540_120.so: unused DT entry: type 0xf arg 0x112
I/installd(  115): installd firing up
W/geomagneticd(  118): type=1400 audit(0.0:25): avc: denied { write } for name="offsets" dev=sysfs ino=9442 scontext=u:r:geomagneticd:s0 tcontext=u:object_r:sysfs:s0 tclass=file
W/linker  (  108): gralloc.omap4.so: unused DT entry: type 0xf arg 0x53b
W/linker  (  108): libpvr2d_SGX540_120.so: unused DT entry: type 0xf arg 0x767
I/        (  112): debuggerd: Mar 15 2015 02:17:46
I/ti_hwc  (  108): Expecting h/w vsync for piranha
I/ti_hwc  (  108): transforming FB (1024x600) => (1024x600) rot0
I/ti_hwc  (  108): clone region is set to (0,0) to (1024,600)
I/ti_hwc  (  108): external display changed (state=0, mirror={disabled tform=0deg}, dock={disabled tform=0deg}, tv=0
I/ti_hwc  (  108): open_device(rgb_order=1 nv12_only=0)
I/ti_hwc  (  108): Unable to open gc-core device (2), blits disabled
I/SurfaceFlinger(  108): Using composer version 1.0
W/SurfaceFlinger(  108): no suitable EGLConfig found, trying a simpler query
I/SurfaceFlinger(  108): EGL information:
I/SurfaceFlinger(  108): vendor    : Android
I/SurfaceFlinger(  108): version   : 1.4 Android META-EGL
I/SurfaceFlinger(  108): extensions: EGL_KHR_get_all_proc_addresses EGL_ANDROID_presentation_time EGL_KHR_image EGL_KHR_image_base EGL_KHR_gl_texture_2D_image EGL_KHR_gl_texture_cubemap_image EGL_KHR_gl_renderbuffer_image EGL_KHR_fence_sync EGL_ANDROID_image_native_buffer EGL_ANDROID_recordable 
I/SurfaceFlinger(  108): Client API: OpenGL_ES
I/SurfaceFlinger(  108): EGLSurface: 8-8-8-8, config=0x2
D/ti_hwc  (  108): Using sysfs mechanism for VSYNC notification
W/SurfaceFlinger(  108): Ignoring duplicate VSYNC event from HWC (t=0)
I/SurfaceFlinger(  108): OpenGL ES informations:
I/SurfaceFlinger(  108): vendor    : Imagination Technologies
I/SurfaceFlinger(  108): renderer  : PowerVR SGX 540
I/SurfaceFlinger(  108): version   : OpenGL ES-CM 1.1
I/SurfaceFlinger(  108): extensions: GL_EXT_debug_marker GL_OES_byte_coordinates GL_OES_fixed_point GL_OES_single_precision GL_OES_matrix_get GL_OES_read_format GL_OES_compressed_paletted_texture GL_OES_point_sprite GL_OES_point_size_array GL_OES_matrix_palette GL_OES_draw_texture GL_OES_query_matrix GL_OES_texture_env_crossbar GL_OES_texture_mirrored_repeat GL_OES_texture_cube_map GL_OES_blend_subtract GL_OES_blend_func_separate GL_OES_blend_equation_separate GL_OES_stencil_wrap GL_OES_extended_matrix_palette GL_OES_framebuffer_object GL_OES_rgb8_rgba8 GL_OES_depth24 GL_OES_stencil8 GL_OES_compressed_ETC1_RGB8_texture GL_OES_mapbuffer GL_OES_EGL_image GL_OES_EGL_image_external GL_EXT_multi_draw_arrays GL_OES_required_internalformat GL_IMG_read_format GL_IMG_texture_compression_pvrtc GL_IMG_texture_format_BGRA8888 GL_EXT_texture_format_BGRA8888 GL_OES_egl_sync GL_IMG_vertex_array_object GL_APPLE_texture_2D_limited_npot
I/SurfaceFlinger(  108): GL_MAX_TEXTURE_SIZE = 2048
I/SurfaceFlinger(  108): GL_MAX_VIEWPORT_DIMS = 2048
E/cutils-trace(  108): Error opening trace file: No such file or directory (2)
D/SurfaceFlinger(  108): Set power mode=2, type=0 flinger=0x40c82000
W/orientationd(  117): type=1400 audit(0.0:26): avc: denied { write } for name="event6" dev=tmpfs ino=1288 scontext=u:r:orientationd:s0 tcontext=u:object_r:input_device:s0 tclass=chr_file
--------- beginning of system
I/Vold    (  107): Vold 2.1 (the revenge) firing up
D/Vold    (  107): Volume sdcard1 state changing -1 (Initializing) -> 0 (No-Media)
D/Vold    (  107): Volume usbdisk0 state changing -1 (Initializing) -> 0 (No-Media)
D/Vold    (  107): Volume sdcard1 state changing 0 (No-Media) -> 2 (Pending)
D/Vold    (  107): Volume sdcard1 state changing 2 (Pending) -> 1 (Idle-Unmounted)
I/mediaserver(  114): ServiceManager: 0x414700c0
I/AudioFlinger(  114): Using default 3000 mSec as standby time.
I/ServiceManager(  114): Waiting for service batterystats...
D/AndroidRuntime(  121): >>>>>> START com.android.internal.os.ZygoteInit uid 0 <<<<<<
W/linker  (  150): libEGL_POWERVR_SGX540_120.so: unused DT entry: type 0xf arg 0x54e
W/linker  (  150): libIMGegl_SGX540_120.so: unused DT entry: type 0xf arg 0x898
W/linker  (  150): libsrv_um_SGX540_120.so: unused DT entry: type 0xf arg 0xeb9
D/libEGL  (  150): loaded /vendor/lib/egl/libEGL_POWERVR_SGX540_120.so
W/linker  (  150): libGLESv1_CM_POWERVR_SGX540_120.so: unused DT entry: type 0xf arg 0xd66
W/linker  (  150): libusc_SGX540_120.so: unused DT entry: type 0xf arg 0x2dc
W/linker  (  150): libGLESv2_POWERVR_SGX540_120.so: unused DT entry: type 0xf arg 0xe4b
D/AndroidRuntime(  121): CheckJNI is OFF
W/linker  (  150): libGLESv1_CM_POWERVR_SGX540_120.so: unused DT entry: type 0xf arg 0xd66
W/linker  (  150): libusc_SGX540_120.so: unused DT entry: type 0xf arg 0x2dc
D/libEGL  (  150): loaded /vendor/lib/egl/libGLESv1_CM_POWERVR_SGX540_120.so
W/linker  (  150): libGLESv2_POWERVR_SGX540_120.so: unused DT entry: type 0xf arg 0xe4b
I/art     (  121): option[0]=-Xzygote
I/art     (  121): option[1]=-Xstacktracefile:/data/anr/traces.txt
I/art     (  121): option[2]=exit
I/art     (  121): option[3]=vfprintf
I/art     (  121): option[4]=sensitiveThread
I/art     (  121): option[5]=-verbose:gc
I/art     (  121): option[6]=-Xms5m
I/art     (  121): option[7]=-Xmx256m
I/art     (  121): option[8]=-XX:mainThreadStackSize=24K
I/art     (  121): option[9]=-XX:HeapGrowthLimit=48m
I/art     (  121): option[10]=-XX:HeapMinFree=512k
I/art     (  121): option[11]=-XX:HeapMaxFree=2m
I/art     (  121): option[12]=-XX:HeapTargetUtilization=0.75
I/art     (  121): option[13]=-Xgenregmap
I/art     (  121): option[14]=-Xgc:precise
I/art     (  121): option[15]=-agentlib:jdwp=transport=dt_android_adb,suspend=n,server=y
I/art     (  121): option[16]=-Xlockprofthreshold:500
I/art     (  121): option[17]=-Ximage-compiler-option
I/art     (  121): option[18]=--runtime-arg
I/art     (  121): option[19]=-Ximage-compiler-option
I/art     (  121): option[20]=-Xms64m
I/art     (  121): option[21]=-Ximage-compiler-option
I/art     (  121): option[22]=--runtime-arg
I/art     (  121): option[23]=-Ximage-compiler-option
I/art     (  121): option[24]=-Xmx64m
I/art     (  121): option[25]=-Ximage-compiler-option
I/art     (  121): option[26]=--image-classes=/system/etc/preloaded-classes
I/art     (  121): option[27]=-Xcompiler-option
I/art     (  121): option[28]=--runtime-arg
I/art     (  121): option[29]=-Xcompiler-option
I/art     (  121): option[30]=-Xms64m
I/art     (  121): option[31]=-Xcompiler-option
I/art     (  121): option[32]=--runtime-arg
I/art     (  121): option[33]=-Xcompiler-option
I/art     (  121): option[34]=-Xmx512m
I/art     (  121): option[35]=-Duser.language=en
I/art     (  121): option[36]=-Duser.region=US
D/libEGL  (  150): loaded /vendor/lib/egl/libGLESv2_POWERVR_SGX540_120.so
W/linker  (  150): libpvrANDROID_WSEGL_SGX540_120.so: unused DT entry: type 0xf arg 0x112
W/linker  (  150): gralloc.omap4.so: unused DT entry: type 0xf arg 0x53b
W/linker  (  150): libpvr2d_SGX540_120.so: unused DT entry: type 0xf arg 0x767
E/cutils-trace(  150): Error opening trace file: No such file or directory (2)
E/cutils-trace(  121): Error opening trace file: No such file or directory (2)
I/ServiceManager(  114): Waiting for service batterystats...
E/memtrack(  121): Couldn't load memtrack module (No such file or directory)
E/android.os.Debug(  121): failed to load memtrack module: -2
I/SamplingProfilerIntegration(  121): Profiling disabled.
D/Zygote  (  121): begin preload
I/Zygote  (  121): Preloading classes...
I/art     (  121): Explicit concurrent mark sweep GC freed 800(36KB) AllocSpace objects, 0(0B) LOS objects, 95% free, 44KB/1068KB, paused 274us total 26.275ms
I/art     (  121): Counter: 1
I/art     (  121): Explicit concurrent mark sweep GC freed 550(33KB) AllocSpace objects, 0(0B) LOS objects, 94% free, 64KB/1088KB, paused 244us total 6.896ms
I/art     (  121): Explicit concurrent mark sweep GC freed 650(41KB) AllocSpace objects, 0(0B) LOS objects, 93% free, 71KB/1095KB, paused 244us total 8.514ms
I/art     (  121): Explicit concurrent mark sweep GC freed 381(22KB) AllocSpace objects, 0(0B) LOS objects, 90% free, 102KB/1126KB, paused 244us total 6.164ms
E/Minikin (  121): addFont failed to create font /system/fonts/NotoSansGujarati-Regular.ttf
E/Minikin (  121): addFont failed to create font /system/fonts/NotoSansGujarati-Bold.ttf
E/Minikin (  121): addFont failed to create font /system/fonts/NotoSansGujaratiUI-Regular.ttf
E/Minikin (  121): addFont failed to create font /system/fonts/NotoSansGujaratiUI-Bold.ttf
E/Minikin (  121): addFont failed to create font /system/fonts/NotoSansGurmukhi-Regular.ttf
E/Minikin (  121): addFont failed to create font /system/fonts/NotoSansGurmukhi-Bold.ttf
E/Minikin (  121): addFont failed to create font /system/fonts/NotoSansGurmukhiUI-Regular.ttf
E/Minikin (  121): addFont failed to create font /system/fonts/NotoSansGurmukhiUI-Bold.ttf
E/Minikin (  121): addFont failed to create font /system/fonts/NotoSansSinhala-Regular.ttf
E/Minikin (  121): addFont failed to create font /system/fonts/NotoSansSinhala-Bold.ttf
E/Minikin (  121): addFont failed to create font /system/fonts/NotoSansThaana-Regular.ttf
E/Minikin (  121): addFont failed to create font /system/fonts/NotoSansThaana-Bold.ttf
E/Minikin (  121): addFont failed to create font /system/fonts/NotoSansCham-Regular.ttf
E/Minikin (  121): addFont failed to create font /system/fonts/NotoSansCham-Bold.ttf
E/Minikin (  121): addFont failed to create font /system/fonts/NotoSansBalinese-Regular.ttf
E/Minikin (  121): addFont failed to create font /system/fonts/NotoSansBatak-Regular.ttf
E/Minikin (  121): addFont failed to create font /system/fonts/NotoSansBuginese-Regular.ttf
E/Minikin (  121): addFont failed to create font /system/fonts/NotoSansBuhid-Regular.ttf
E/Minikin (  121): addFont failed to create font /system/fonts/NotoSansCanadianAboriginal-Regular.ttf
E/Minikin (  121): addFont failed to create font /system/fonts/NotoSansCherokee-Regular.ttf
E/Minikin (  121): addFont failed to create font /system/fonts/NotoSansCoptic-Regular.ttf
E/Minikin (  121): addFont failed to create font /system/fonts/NotoSansGlagolitic-Regular.ttf
E/Minikin (  121): addFont failed to create font /system/fonts/NotoSansHanunoo-Regular.ttf
E/Minikin (  121): addFont failed to create font /system/fonts/NotoSansJavanese-Regular.ttf
E/Minikin (  121): addFont failed to create font /system/fonts/NotoSansKayahLi-Regular.ttf
E/Minikin (  121): addFont failed to create font /system/fonts/NotoSansLepcha-Regular.ttf
E/Minikin (  121): addFont failed to create font /system/fonts/NotoSansLimbu-Regular.ttf
E/Minikin (  121): addFont failed to create font /system/fonts/NotoSansMeeteiMayek-Regular.ttf
E/Minikin (  121): addFont failed to create font /system/fonts/NotoSansOlChiki-Regular.ttf
E/Minikin (  121): addFont failed to create font /system/fonts/NotoSansRejang-Regular.ttf
E/Minikin (  121): addFont failed to create font /system/fonts/NotoSansSaurashtra-Regular.ttf
E/Minikin (  121): addFont failed to create font /system/fonts/NotoSansSundanese-Regular.ttf
E/Minikin (  121): addFont failed to create font /system/fonts/NotoSansSylotiNagri-Regular.ttf
E/Minikin (  121): addFont failed to create font /system/fonts/NotoSansTagbanwa-Regular.ttf
E/Minikin (  121): addFont failed to create font /system/fonts/NotoSansTaiLe-Regular.ttf
E/Minikin (  121): addFont failed to create font /system/fonts/NotoSansTaiTham-Regular.ttf
E/Minikin (  121): addFont failed to create font /system/fonts/NotoSansTaiViet-Regular.ttf
E/Minikin (  121): addFont failed to create font /system/fonts/NotoSansTifinagh-Regular.ttf
E/Minikin (  121): addFont failed to create font /system/fonts/NotoSansYi-Regular.ttf
E/Minikin (  121): addFont failed to create font /system/fonts/Lohit-Odia.ttf
E/Minikin (  121): addFont failed to create font /system/fonts/NotoSansHans-Regular.otf
E/Minikin (  121): addFont failed to create font /system/fonts/NotoSansHant-Regular.otf
E/Minikin (  121): addFont failed to create font /system/fonts/NotoSansJP-Regular.otf
E/Minikin (  121): addFont failed to create font /system/fonts/NotoSansKR-Regular.otf
I/art     (  121): Explicit concurrent mark sweep GC freed 1801(129KB) AllocSpace objects, 0(0B) LOS objects, 90% free, 113KB/1137KB, paused 244us total 6.774ms
I/art     (  121): Explicit concurrent mark sweep GC freed 1942(92KB) AllocSpace objects, 0(0B) LOS objects, 86% free, 154KB/1178KB, paused 274us total 9.399ms
I/art     (  121): Explicit concurrent mark sweep GC freed 1977(87KB) AllocSpace objects, 0(0B) LOS objects, 84% free, 189KB/1213KB, paused 213us total 10.467ms
I/art     (  121): Explicit concurrent mark sweep GC freed 371(19KB) AllocSpace objects, 0(0B) LOS objects, 82% free, 222KB/1246KB, paused 244us total 10.467ms
I/ServiceManager(  114): Waiting for service batterystats...
I/art     (  121): Thread[1,tid=121,WaitingForJniOnLoad,Thread*=0x42427800,peer=0x12c31100,"main"] recursive attempt to load library "/system/lib/libmedia_jni.so"
D/MtpDeviceJNI(  121): register_android_mtp_MtpDevice
I/art     (  121): Thread[1,tid=121,WaitingForJniOnLoad,Thread*=0x42427800,peer=0x12c31100,"main"] recursive attempt to load library "/system/lib/libmedia_jni.so"
I/art     (  121): Thread[1,tid=121,WaitingForJniOnLoad,Thread*=0x42427800,peer=0x12c31100,"main"] recursive attempt to load library "/system/lib/libmedia_jni.so"
I/art     (  121): Explicit concurrent mark sweep GC freed 661(37KB) AllocSpace objects, 0(0B) LOS objects, 80% free, 245KB/1269KB, paused 213us total 12.023ms
I/art     (  121): Explicit concurrent mark sweep GC freed 579(29KB) AllocSpace objects, 0(0B) LOS objects, 79% free, 264KB/1288KB, paused 335us total 11.108ms
I/art     (  121): Explicit concurrent mark sweep GC freed 447(26KB) AllocSpace objects, 0(0B) LOS objects, 77% free, 304KB/1328KB, paused 244us total 9.399ms
I/art     (  121): Explicit concurrent mark sweep GC freed 1788(104KB) AllocSpace objects, 0(0B) LOS objects, 69% free, 453KB/1477KB, paused 244us total 9.521ms
E/EmojiFactory_jni(  121): Failed to load libemoji.so: dlopen failed: library "libemoji.so" not found
I/art     (  121): Explicit concurrent mark sweep GC freed 358(45KB) AllocSpace objects, 0(0B) LOS objects, 57% free, 750KB/1774KB, paused 244us total 13.366ms
I/art     (  121): Explicit concurrent mark sweep GC freed 438(30KB) AllocSpace objects, 0(0B) LOS objects, 57% free, 769KB/1793KB, paused 244us total 10.559ms
I/art     (  121): Explicit concurrent mark sweep GC freed 780(49KB) AllocSpace objects, 0(0B) LOS objects, 57% free, 769KB/1793KB, paused 244us total 10.589ms
I/art     (  121): Explicit concurrent mark sweep GC freed 959(105KB) AllocSpace objects, 0(0B) LOS objects, 55% free, 812KB/1836KB, paused 274us total 14.495ms
I/art     (  121): Explicit concurrent mark sweep GC freed 597(42KB) AllocSpace objects, 0(0B) LOS objects, 55% free, 819KB/1843KB, paused 244us total 10.009ms
I/art     (  121): Explicit concurrent mark sweep GC freed 265(20KB) AllocSpace objects, 0(0B) LOS objects, 54% free, 847KB/1871KB, paused 274us total 10.223ms
I/art     (  121): WaitForGcToComplete blocked for 9.735ms for cause Explicit
I/art     (  121): Explicit concurrent mark sweep GC freed 14(640B) AllocSpace objects, 0(0B) LOS objects, 45% free, 1226KB/2MB, paused 305us total 12.268ms
I/art     (  121): Explicit concurrent mark sweep GC freed 572(33KB) AllocSpace objects, 0(0B) LOS objects, 45% free, 1242KB/2MB, paused 274us total 12.725ms
I/art     (  121): Explicit concurrent mark sweep GC freed 741(45KB) AllocSpace objects, 0(0B) LOS objects, 45% free, 1246KB/2MB, paused 274us total 13.214ms
I/System  (  121): Loaded time zone names for "" in 99ms (94ms in ICU)
I/System  (  121): Loaded time zone names for "en_US" in 71ms (61ms in ICU)
I/art     (  121): Explicit concurrent mark sweep GC freed 2345(178KB) AllocSpace objects, 0(0B) LOS objects, 42% free, 1404KB/2MB, paused 305us total 13.732ms
I/art     (  121): Explicit concurrent mark sweep GC freed 136(12KB) AllocSpace objects, 0(0B) LOS objects, 41% free, 1469KB/2MB, paused 274us total 15.197ms
I/art     (  121): Explicit concurrent mark sweep GC freed 288(24KB) AllocSpace objects, 0(0B) LOS objects, 40% free, 1515KB/2MB, paused 274us total 17.150ms
V/NatController(  111): runCmd(/system/bin/iptables -F natctrl_FORWARD) res=0
I/art     (  121): Explicit concurrent mark sweep GC freed 679(47KB) AllocSpace objects, 0(0B) LOS objects, 40% free, 1517KB/2MB, paused 305us total 13.275ms
I/Zygote  (  121): ...preloaded 3005 classes in 1771ms.
I/art     (  121): VMRuntime.preloadDexCaches starting
V/NatController(  111): runCmd(/system/bin/iptables -A natctrl_FORWARD -j DROP) res=0
V/NatController(  111): runCmd(/system/bin/iptables -t nat -F natctrl_nat_POSTROUTING) res=0
I/ServiceManager(  114): Waiting for service batterystats...
V/NatController(  111): runCmd(/system/bin/iptables -F natctrl_tether_counters) res=1
V/NatController(  111): runCmd(/system/bin/iptables -X natctrl_tether_counters) res=1
V/NatController(  111): runCmd(/system/bin/iptables -N natctrl_tether_counters) res=0
I/art     (  121): VMRuntime.preloadDexCaches strings total=214181 before=39046 after=39046
I/art     (  121): VMRuntime.preloadDexCaches types total=18318 before=6361 after=6395
I/art     (  121): VMRuntime.preloadDexCaches fields total=85519 before=32250 after=32584
I/art     (  121): VMRuntime.preloadDexCaches methods total=151256 before=66444 after=67345
I/art     (  121): VMRuntime.preloadDexCaches finished
I/art     (  121): Counter: 0
I/art     (  121): Counter: 1
I/art     (  121): Explicit concurrent mark sweep GC freed 61(15KB) AllocSpace objects, 0(0B) LOS objects, 40% free, 1503KB/2MB, paused 274us total 18.524ms
V/NatController(  111): runCmd(/system/bin/iptables -t mangle -A natctrl_mangle_FORWARD -p tcp --tcp-flags SYN SYN -j TCPMSS --clamp-mss-to-pmtu) res=0
D/idmap   (  314): error: no read access to /vendor/overlay: No such file or directory
I/Zygote  (  121): Preloading resources...
I/art     (  121): Explicit concurrent mark sweep GC freed 86(3KB) AllocSpace objects, 0(0B) LOS objects, 39% free, 1551KB/2MB, paused 305us total 17.730ms
I/art     (  121): Explicit concurrent mark sweep GC freed 89(4KB) AllocSpace objects, 0(0B) LOS objects, 39% free, 1597KB/2MB, paused 274us total 15.014ms
I/art     (  121): Explicit concurrent mark sweep GC freed 122(5KB) AllocSpace objects, 0(0B) LOS objects, 39% free, 1646KB/2MB, paused 305us total 16.052ms
I/art     (  121): Explicit concurrent mark sweep GC freed 101(4KB) AllocSpace objects, 0(0B) LOS objects, 40% free, 1691KB/2MB, paused 305us total 14.038ms
I/art     (  121): Explicit concurrent mark sweep GC freed 93(4KB) AllocSpace objects, 0(0B) LOS objects, 39% free, 1735KB/2MB, paused 335us total 13.763ms
I/art     (  121): Explicit concurrent mark sweep GC freed 103(4KB) AllocSpace objects, 0(0B) LOS objects, 40% free, 1782KB/2MB, paused 457us total 14.862ms
I/art     (  121): Explicit concurrent mark sweep GC freed 112(5KB) AllocSpace objects, 0(0B) LOS objects, 40% free, 1827KB/2MB, paused 305us total 13.061ms
I/art     (  121): Explicit concurrent mark sweep GC freed 117(5KB) AllocSpace objects, 0(0B) LOS objects, 39% free, 1873KB/3MB, paused 274us total 13.610ms
I/art     (  121): Explicit concurrent mark sweep GC freed 108(5KB) AllocSpace objects, 0(0B) LOS objects, 39% free, 1922KB/3MB, paused 305us total 13.366ms
I/art     (  121): Explicit concurrent mark sweep GC freed 147(6KB) AllocSpace objects, 0(0B) LOS objects, 39% free, 1992KB/3MB, paused 305us total 14.556ms
I/art     (  121): Explicit concurrent mark sweep GC freed 136(5KB) AllocSpace objects, 0(0B) LOS objects, 39% free, 2036KB/3MB, paused 366us total 14.221ms
I/art     (  121): Explicit concurrent mark sweep GC freed 84(7KB) AllocSpace objects, 0(0B) LOS objects, 39% free, 2MB/3MB, paused 335us total 19.042ms
I/art     (  121): Explicit concurrent mark sweep GC freed 112(4KB) AllocSpace objects, 0(0B) LOS objects, 39% free, 2MB/3MB, paused 335us total 14.007ms
I/art     (  121): Explicit concurrent mark sweep GC freed 135(5KB) AllocSpace objects, 0(0B) LOS objects, 39% free, 2MB/3MB, paused 305us total 14.007ms
I/art     (  121): Explicit concurrent mark sweep GC freed 62(2752B) AllocSpace objects, 0(0B) LOS objects, 39% free, 2MB/3MB, paused 335us total 13.916ms
I/art     (  121): Explicit concurrent mark sweep GC freed 111(4KB) AllocSpace objects, 0(0B) LOS objects, 39% free, 2MB/4MB, paused 305us total 16.937ms
I/art     (  121): Explicit concurrent mark sweep GC freed 206(9KB) AllocSpace objects, 0(0B) LOS objects, 39% free, 2MB/4MB, paused 335us total 14.587ms
I/art     (  121): Explicit concurrent mark sweep GC freed 370(16KB) AllocSpace objects, 0(0B) LOS objects, 40% free, 2MB/4MB, paused 366us total 14.587ms
I/art     (  121): Explicit concurrent mark sweep GC freed 214(9KB) AllocSpace objects, 0(0B) LOS objects, 39% free, 2MB/4MB, paused 335us total 17.547ms
I/art     (  121): Explicit concurrent mark sweep GC freed 112(6KB) AllocSpace objects, 0(0B) LOS objects, 39% free, 2MB/4MB, paused 366us total 15.319ms
I/art     (  121): Explicit concurrent mark sweep GC freed 113(5KB) AllocSpace objects, 0(0B) LOS objects, 40% free, 2MB/4MB, paused 366us total 14.617ms
I/art     (  121): Explicit concurrent mark sweep GC freed 49(8KB) AllocSpace objects, 0(0B) LOS objects, 39% free, 2MB/4MB, paused 366us total 17.639ms
I/art     (  121): Explicit concurrent mark sweep GC freed 101(4KB) AllocSpace objects, 0(0B) LOS objects, 39% free, 2MB/4MB, paused 335us total 14.709ms
I/art     (  121): Explicit concurrent mark sweep GC freed 105(4KB) AllocSpace objects, 0(0B) LOS objects, 39% free, 2MB/4MB, paused 396us total 15.625ms
I/art     (  121): Explicit concurrent mark sweep GC freed 99(4KB) AllocSpace objects, 0(0B) LOS objects, 39% free, 2MB/4MB, paused 335us total 14.862ms
I/art     (  121): Explicit concurrent mark sweep GC freed 172(7KB) AllocSpace objects, 0(0B) LOS objects, 40% free, 2MB/4MB, paused 366us total 14.892ms
I/art     (  121): Explicit concurrent mark sweep GC freed 417(18KB) AllocSpace objects, 0(0B) LOS objects, 39% free, 3MB/5MB, paused 366us total 15.686ms
I/ServiceManager(  114): Waiting for service batterystats...
I/art     (  121): Explicit concurrent mark sweep GC freed 363(16KB) AllocSpace objects, 0(0B) LOS objects, 39% free, 3MB/5MB, paused 366us total 16.632ms
I/art     (  121): Explicit concurrent mark sweep GC freed 174(8KB) AllocSpace objects, 0(0B) LOS objects, 40% free, 3MB/5MB, paused 396us total 15.869ms
I/art     (  121): Explicit concurrent mark sweep GC freed 515(19KB) AllocSpace objects, 0(0B) LOS objects, 39% free, 3MB/5MB, paused 366us total 18.890ms
I/art     (  121): Explicit concurrent mark sweep GC freed 353(14KB) AllocSpace objects, 0(0B) LOS objects, 40% free, 3MB/5MB, paused 366us total 16.387ms
I/art     (  121): Explicit concurrent mark sweep GC freed 1153(40KB) AllocSpace objects, 0(0B) LOS objects, 39% free, 3MB/5MB, paused 427us total 16.357ms
I/art     (  121): Explicit concurrent mark sweep GC freed 1499(50KB) AllocSpace objects, 0(0B) LOS objects, 39% free, 3MB/5MB, paused 457us total 19.561ms
I/art     (  121): Explicit concurrent mark sweep GC freed 1381(49KB) AllocSpace objects, 0(0B) LOS objects, 40% free, 3MB/5MB, paused 396us total 16.540ms
I/art     (  121): Explicit concurrent mark sweep GC freed 1453(56KB) AllocSpace objects, 0(0B) LOS objects, 40% free, 3MB/5MB, paused 366us total 17.181ms
I/art     (  121): Explicit concurrent mark sweep GC freed 603(27KB) AllocSpace objects, 0(0B) LOS objects, 40% free, 3MB/5MB, paused 396us total 18.524ms
I/art     (  121): Explicit concurrent mark sweep GC freed 344(20KB) AllocSpace objects, 0(0B) LOS objects, 40% free, 3MB/6MB, paused 457us total 17.486ms
I/art     (  121): Explicit concurrent mark sweep GC freed 384(17KB) AllocSpace objects, 0(0B) LOS objects, 39% free, 3MB/6MB, paused 396us total 20.141ms
I/Zygote  (  121): ...preloaded 343 resources in 1122ms.
I/art     (  121): Explicit concurrent mark sweep GC freed 639(39KB) AllocSpace objects, 0(0B) LOS objects, 39% free, 3MB/6MB, paused 396us total 18.005ms
I/Zygote  (  121): ...preloaded 41 resources in 32ms.
I/art     (  121): Counter: 0
W/linker  (  121): libEGL_POWERVR_SGX540_120.so: unused DT entry: type 0xf arg 0x54e
W/linker  (  121): libIMGegl_SGX540_120.so: unused DT entry: type 0xf arg 0x898
W/linker  (  121): libsrv_um_SGX540_120.so: unused DT entry: type 0xf arg 0xeb9
D/libEGL  (  121): loaded /vendor/lib/egl/libEGL_POWERVR_SGX540_120.so
W/linker  (  121): libGLESv1_CM_POWERVR_SGX540_120.so: unused DT entry: type 0xf arg 0xd66
W/linker  (  121): libusc_SGX540_120.so: unused DT entry: type 0xf arg 0x2dc
W/linker  (  121): libGLESv2_POWERVR_SGX540_120.so: unused DT entry: type 0xf arg 0xe4b
W/linker  (  121): libGLESv1_CM_POWERVR_SGX540_120.so: unused DT entry: type 0xf arg 0xd66
W/linker  (  121): libusc_SGX540_120.so: unused DT entry: type 0xf arg 0x2dc
D/libEGL  (  121): loaded /vendor/lib/egl/libGLESv1_CM_POWERVR_SGX540_120.so
W/linker  (  121): libGLESv2_POWERVR_SGX540_120.so: unused DT entry: type 0xf arg 0xe4b
D/libEGL  (  121): loaded /vendor/lib/egl/libGLESv2_POWERVR_SGX540_120.so
W/linker  (  121): libpvrANDROID_WSEGL_SGX540_120.so: unused DT entry: type 0xf arg 0x112
I/Zygote  (  121): Preloading shared libraries...
D/Zygote  (  121): end preload
I/art     (  121): Explicit concurrent mark sweep GC freed 450(20KB) AllocSpace objects, 0(0B) LOS objects, 40% free, 3MB/6MB, paused 457us total 20.721ms
I/art     (  121): Explicit concurrent mark sweep GC freed 389(16KB) AllocSpace objects, 0(0B) LOS objects, 40% free, 3MB/6MB, paused 366us total 16.906ms
I/art     (  121): Explicit concurrent mark sweep GC freed 5(160B) AllocSpace objects, 0(0B) LOS objects, 40% free, 3MB/6MB, paused 396us total 17.578ms
E/Netd    (  111): netlink response contains error (Invalid argument)
E/CommandListener(  111): failed to initialize RouteController (Invalid argument)
D/MDnsDS  (  111): MDnsSdListener::Hander starting up
D/MDnsDS  (  111): MDnsSdListener starting to monitor
D/MDnsDS  (  111): Going to poll with pollCount 1
I/Zygote  (  121): System server process 380 has been created
I/Zygote  (  121): Accepting command socket connections
I/InstallerConnection(  380): disconnecting...
I/SystemServer(  380): Entered the Android system server!
V/Fingerprint-JNI(  380): FingerprintManager JNI ready.
D/SensorService(  380): nuSensorService starting...
W/linker  (  380): sensors.omap4.so has text relocations. This is wasting memory and prevents security hardening. Please fix.
I/CameraService(  114): CameraService started (pid=114)
I/CameraService(  114): Loaded "Espresso Camera Wrapper" camera module
V/CameraWrapper(  114): camera_get_number_of_cameras
V/CameraWrapper(  114): check_vendor_module
W/linker  (  114): libion.omap4.so has text relocations. This is wasting memory and prevents security hardening. Please fix.
W/linker  (  114): libmm_osal.so has text relocations. This is wasting memory and prevents security hardening. Please fix.
W/linker  (  114): libsecnativefeature.so has text relocations. This is wasting memory and prevents security hardening. Please fix.
W/linker  (  114): libdomx.so has text relocations. This is wasting memory and prevents security hardening. Please fix.
W/linker  (  114): libOMX_Core.so has text relocations. This is wasting memory and prevents security hardening. Please fix.
W/linker  (  114): libtiutils.so has text relocations. This is wasting memory and prevents security hardening. Please fix.
E/HAL     (  114): load: module=/system/lib/hw/camera.vendor.piranha.so
E/HAL     (  114): dlopen failed: cannot locate symbol "_ZN7android10VectorImpl19reservedVectorImpl1Ev" referenced by "libtiutils.so"...
E/CameraWrapper(  114): failed to open vendor camera module
I/AudioPolicyService(  114): AudioPolicyService CSTOR in new mode
I/AudioPolicyManager(  114): loadAudioPolicyConfig() loaded /system/etc/audio_policy.conf
V/audio_hw_primary(  114): Reading configuration from /system/etc/sound/p3110
E/audio_hw_primary(  114): Failed to open /system/etc/sound/p3110
E/AudioFlinger(  114): int android::load_audio_interface(const char*, audio_hw_device_t**) couldn't open audio hw device in audio.primary (Invalid argument)
I/AudioFlinger(  114): loadHwModule() error -22 loading module primary 
W/AudioPolicyManager(  114): could not open HW module primary
I/audio_a2dp_hw(  114): adev_open:  adev_open in A2dp_hw module
I/AudioFlinger(  114): loadHwModule() Loaded a2dp audio interface from A2DP Audio HW HAL (audio) handle 1
I/AudioFlinger(  114): loadHwModule() Loaded usb audio interface from USB audio HW HAL (audio) handle 2
I/r_submix(  114): adev_open(name=audio_hw_if)
I/r_submix(  114): adev_init_check()
I/AudioFlinger(  114): loadHwModule() Loaded r_submix audio interface from Wifi Display audio HAL (audio) handle 3
D/r_submix(  114): adev_open_input_stream(addr=0)
D/r_submix(  114): submix_audio_device_create_pipe_l(addr=0, idx=9)
D/r_submix(  114):   now using address 0 for route 9
E/MonoPipe(  114): Failed to fetch local time frequency when constructing a MonoPipe (res = -32).  getNextWriteTimestamp calls will be non-functional
I/AudioFlinger(  114): AudioFlinger's thread 0x414e7000 ready to run
D/r_submix(  114): adev_close_input_stream()
D/r_submix(  114): submix_audio_device_release_pipe_l(idx=9) addr=0
D/r_submix(  114): submix_audio_device_destroy_pipe_l(): pipe destroyed
W/AudioPolicyManager(  114): Input device 00000002 unreachable
W/AudioPolicyManager(  114): Input device 80000004 unreachable
E/AudioPolicyManager(  114): Default device 00000002 is unreachable
E/AudioPolicyManager(  114): Failed to open primary output
E/AudioPolicyManager(  114): getDeviceForStrategy() speaker device not found for STRATEGY_SONIFICATION
E/AudioPolicyManager(  114): getDeviceForStrategy() speaker device not found for STRATEGY_SONIFICATION
E/AudioPolicyManager(  114): getDeviceForStrategy() no device found for STRATEGY_TRANSMITTED_THROUGH_SPEAKER
E/SoundTriggerHwService(  114): couldn't load sound trigger module sound_trigger.primary (No such file or directory)
D/LightSensor(  380): LightSensor
D/SensorService(  380): new thread SensorEventAckReceiver
D/SensorService(  380): nuSensorService thread starting...
I/SystemServiceManager(  380): Starting com.android.server.pm.Installer
I/Installer(  380): Waiting for installd to be ready.
I/InstallerConnection(  380): connecting...
I/installd(  115): new connection
I/SystemServiceManager(  380): Starting com.android.server.am.ActivityManagerService$Lifecycle
I/ActivityManager(  380): Memory class: 48
I/ServiceThread(  380): Enabled StrictMode logging for ActivityManager looper.
I/AppOps  (  380): No existing app ops /data/system/appops.xml; starting empty
I/IntentFirewall(  380): Read new rules (A:0 B:0 S:0)
I/ServiceThread(  380): Enabled StrictMode logging for android.ui looper.
I/ServiceThread(  380): Enabled StrictMode logging for android.display looper.
D/AppOps  (  380): AppOpsService published
I/SystemServiceManager(  380): Starting com.android.server.power.PowerManagerService
I/ServiceThread(  380): Enabled StrictMode logging for PowerManagerService looper.
I/TI OMAP PowerHAL(  380): Initialized successfully
I/libsuspend(  380): Selected early suspend
I/libsuspend(  380): Starting early suspend unblocker thread
I/SystemServiceManager(  380): Starting com.android.server.display.DisplayManagerService
E/BatteryStatsService(  380): Failed to open /sys/kernel/wakeup_reasons/last_resume_reason
I/DisplayManagerService(  380): Display device added: DisplayDeviceInfo{"Built-in Screen": uniqueId="local:0", 600 x 1024, 59.062 fps, supportedRefreshRates [59.062], density 160, 169.33333 x 168.89351 dpi, appVsyncOff 0, presDeadline 17931360, touch INTERNAL, rotation 0, type BUILT_IN, state UNKNOWN, FLAG_DEFAULT_DISPLAY, FLAG_ROTATES_WITH_CONTENT, FLAG_SECURE, FLAG_SUPPORTS_PROTECTED_BUFFERS}
I/SystemServiceManager(  380): Starting phase 100
I/SystemServer(  380): Package Manager
W/SystemConfig(  380): No directory /system/etc/sysconfig, skipping
D/SELinuxMMAC(  380): Using policy file /system/etc/security/mac_permissions.xml
D/PackageManager(  380): No files in app dir /vendor/overlay
W/PackageParser(  380): No actions in intent filter at /system/priv-app/Contacts/Contacts.apk Binary XML file line #356
I/art     (  380): Background sticky concurrent mark sweep GC freed 31324(2MB) AllocSpace objects, 33(522KB) LOS objects, 35% free, 3MB/5MB, paused 8.361ms total 76.232ms
W/ResourceType(  380): Failure getting entry for 0x7f08026f (t=7 e=623) (error -75)
W/PackageParser(  380): Unknown element under <intent-filter>: android at /system/priv-app/Telecom/Telecom.apk Binary XML file line #232
W/PackageParser(  380): No actions in intent filter at /system/app/Bluetooth/Bluetooth.apk Binary XML file line #209
W/PackageParser(  380): Unknown element under <application>: permission at /system/app/Gallery2/Gallery2.apk Binary XML file line #242
W/PackageParser(  380): Unknown element under <application>: permission at /system/app/Gallery2/Gallery2.apk Binary XML file line #245
D/PackageManager(  380): No files in app dir /system/vendor/app
D/PackageManager(  380): No files in app dir /oem/app
D/PackageManager(  380): No files in app dir /data/app
D/PackageManager(  380): No files in app dir /data/app-private
W/PackageManager(  380): Package com.android.gallery3d desires unavailable shared library com.google.android.media.effects; ignoring!
W/PackageManager(  380): Package com.android.gallery3d desires unavailable shared library com.google.android.media.effects; ignoring!
I/PackageManager(  380): Adjusting ABI for : com.android.server.telecom to armeabi-v7a
I/PackageManager(  380): Adjusting ABI for : com.android.location.fused to armeabi-v7a
I/PackageManager(  380): Adjusting ABI for : com.android.inputdevices to armeabi-v7a
I/PackageManager(  380): Adjusting ABI for : com.android.providers.settings to armeabi-v7a
I/PackageManager(  380): Adjusting ABI for : com.cyanogenmod.settings.device to armeabi-v7a
I/PackageManager(  380): Adjusting ABI for : com.android.settings to armeabi-v7a
I/PackageManager(  380): Adjusting ABI for : com.android.keychain to armeabi-v7a
I/PackageManager(  380): Time to scan packages: 2.092 seconds
W/PackageManager(  380): Unknown permission com.google.android.googleapps.permission.GOOGLE_AUTH in package com.android.providers.calendar
W/PackageManager(  380): Unknown permission com.google.android.googleapps.permission.GOOGLE_AUTH.cl in package com.android.providers.calendar
W/PackageManager(  380): Not granting permission android.permission.GLOBAL_SEARCH to package com.android.quicksearchbox (protectionLevel=18 flags=0x8be45)
W/PackageManager(  380): Not granting permission android.permission.ACCESS_DOWNLOAD_MANAGER to package com.android.browser (protectionLevel=18 flags=0x9be45)
W/PackageManager(  380): Not granting permission android.permission.SEND_DOWNLOAD_COMPLETED_INTENTS to package com.android.browser (protectionLevel=2 flags=0x9be45)
W/PackageManager(  380): Not granting permission android.permission.BIND_WALLPAPER to package com.android.camera2 (protectionLevel=18 flags=0x58bc45)
W/PackageManager(  380): Unknown permission com.google.android.googleapps.permission.GOOGLE_AUTH.mail in package com.android.calendar
W/PackageManager(  380): Not granting permission android.permission.DELETE_PACKAGES to package com.svox.pico (protectionLevel=18 flags=0x8be45)
W/PackageManager(  380): Unknown permission com.google.android.gallery3d.permission.PICASA_STORE in package com.android.dreams.phototable
W/PackageManager(  380): Unknown permission com.google.android.googleapps.permission.GOOGLE_AUTH in package com.android.settings
W/PackageManager(  380): Not granting permission android.permission.DEVICE_POWER to package com.android.deskclock (protectionLevel=2 flags=0x48be45)
W/PackageManager(  380): Unknown permission com.google.android.gallery3d.permission.GALLERY_PROVIDER in package com.android.bluetooth
W/PackageManager(  380): Unknown permission android.permission.MMS_SEND_OUTBOX_MSG in package com.android.bluetooth
I/art     (  380): Explicit concurrent mark sweep GC freed 25054(1299KB) AllocSpace objects, 2(32KB) LOS objects, 33% free, 3MB/5MB, paused 823us total 51.116ms
I/SystemServer(  380): User Service
I/lowmemorykiller(  105): ActivityManager connected
I/SystemServiceManager(  380): Starting com.android.server.lights.LightsService
I/SystemServiceManager(  380): Starting com.android.server.BatteryService
I/SystemServiceManager(  380): Starting com.android.server.usage.UsageStatsService
I/UsageStatsService(  380): User[0] Rollover scheduled @ 2015-03-16 00:00:00(1426464000000)
I/SystemServiceManager(  380): Starting com.android.server.webkit.WebViewUpdateService
I/SystemServer(  380): Reading configuration...
I/SystemServer(  380): Scheduling Policy
I/SystemServiceManager(  380): Starting com.android.server.telecom.TelecomLoaderService
I/SystemServer(  380): Telephony Registry
I/SystemServer(  380): Entropy Mixer
I/EntropyMixer(  380): Writing entropy...
I/SystemServer(  380): Account Manager
I/SystemServer(  380): Content Manager
I/SystemServer(  380): System Content Providers
I/SystemServer(  380): Vibrator Service
I/SystemServer(  380): Consumer IR Service
I/SystemServiceManager(  380): Starting com.android.server.AlarmManagerService
I/SystemServer(  380): Init Watchdog
I/SystemServer(  380): Input Manager
I/InputManager(  380): Initializing input manager, mUseDevInputEventForAudioJack=false
I/SystemServer(  380): Window Manager
I/WindowManager(  380): No existing display settings /data/system/display_settings.xml; starting empty
D/PermissionCache(  108): checking android.permission.ACCESS_SURFACE_FLINGER for uid=1000 => granted (701 us)
I/InputManager(  380): Starting input manager
D/EventHub(  380): No input device configuration file found for device 'light_sensor'.
I/SystemServer(  380): Bluetooth Manager Service
D/BluetoothManagerService(  380): Loading stored name and address
D/BluetoothManagerService(  380): Stored bluetooth Name=Samsung Galaxy Tab 2,Address=98:52:B1:37:0A:7F
I/SystemServer(  380): Input Method Service
D/EventHub(  380): No input device configuration file found for device 'orientation'.
W/InputMethodManagerService(  380): Couldn't create dir.: /data/system/inputmethod
D/EventHub(  380): No input device configuration file found for device 'accelerometer'.
D/EventHub(  380): No input device configuration file found for device 'sec_key'.
W/EventHub(  380): Unable to disable kernel key repeat for /dev/input/event1: Function not implemented
I/EventHub(  380): New device: id=4, fd=79, path='/dev/input/event1', name='sec_key', classes=0x1, configuration='', keyLayout='/system/usr/keylayout/Generic.kl', keyCharacterMap='/system/usr/keychars/Generic.kcm', builtinKeyboard=false, wakeMechanism=EVIOCSSUSPENDBLOCK, usingClockIoctl=false
D/EventHub(  380): No input device configuration file found for device 'melfas_ts'.
I/EventHub(  380): New device: id=5, fd=80, path='/dev/input/event0', name='melfas_ts', classes=0x14, configuration='', keyLayout='', keyCharacterMap='', builtinKeyboard=false, wakeMechanism=EVIOCSSUSPENDBLOCK, usingClockIoctl=false
E/EventHub(  380): could not get driver version for /dev/input/mice, Not a typewriter
I/SystemServer(  380): Accessibility Manager
I/ActivityManager(  380): Config changes=1df8 {1.0 ?mcc?mnc en_US ?layoutDir sw600dp w600dp h1024dp 160dpi lrg long port ?uimode ?night -touch -keyb/v/h -nav/h s.2}
D/EventHub(  380): No input device configuration file found for device 'geomagnetic_raw'.
D/EventHub(  380): No input device configuration file found for device 'geomagnetic'.
I/ActivityManager(  380): Config changes=500 {1.0 ?mcc?mnc en_US ?layoutDir sw600dp w600dp h951dp 160dpi lrg port ?uimode ?night -touch -keyb/v/h -nav/h s.3}
I/SystemServer(  380): Mount Service
D/MountService(  380): got storage path: null description: Internal storage primary: false removable: false emulated: true mtpReserve: 100 allowMassStorage: false maxFileSize: 0
D/MountService(  380): addVolumeLocked() StorageVolume:
D/MountService(  380):     mStorageId=65537 mPath=/storage/emulated/0 mDescriptionId=17040805 
D/MountService(  380):     mPrimary=true mRemovable=false mEmulated=true mMtpReserveSpace=100 
D/MountService(  380):     mAllowMassStorage=false mMaxFileSize=0 mOwner=UserHandle{0} mUuid=null 
D/MountService(  380):     mUserLabel=null mState=null 
D/MountService(  380): got storage path: /storage/sdcard1 description: SD card primary: false removable: true emulated: false mtpReserve: 0 allowMassStorage: false maxFileSize: 0
D/MountService(  380): addVolumeLocked() StorageVolume:
D/MountService(  380):     mStorageId=0 mPath=/storage/sdcard1 mDescriptionId=17040806 mPrimary=false 
D/MountService(  380):     mRemovable=true mEmulated=false mMtpReserveSpace=0 mAllowMassStorage=false 
D/MountService(  380):     mMaxFileSize=0 mOwner=null mUuid=null mUserLabel=null mState=null 
D/MountService(  380): got storage path: /storage/usbdisk0 description: USB storage primary: false removable: true emulated: false mtpReserve: 0 allowMassStorage: false maxFileSize: 0
D/MountService(  380): addVolumeLocked() StorageVolume:
D/MountService(  380):     mStorageId=0 mPath=/storage/usbdisk0 mDescriptionId=17040807 
D/MountService(  380):     mPrimary=false mRemovable=true mEmulated=false mMtpReserveSpace=0 
D/MountService(  380):     mAllowMassStorage=false mMaxFileSize=0 mOwner=null mUuid=null 
D/MountService(  380):     mUserLabel=null mState=null 
I/SystemServer(  380): LockSettingsService
I/InputReader(  380): Device added: id=-1, name='Virtual', sources=0x00000301
I/InputReader(  380):   Touch device 'melfas_ts' could not query the properties of its associated display.  The device will be inoperable until the display size becomes available.
I/InputReader(  380): Device added: id=5, name='melfas_ts', sources=0x00001002
I/InputReader(  380): Device added: id=4, name='sec_key', sources=0x00000101
I/SystemServiceManager(  380): Starting com.android.server.devicepolicy.DevicePolicyManagerService$Lifecycle
W/MountService(  380): Duplicate state transition (unmounted -> unmounted) for /storage/sdcard1
D/MountService(  380): volume state changed for /storage/usbdisk0 (unmounted -> removed)
I/ActivityManager(  380): Config changes=8 {1.0 ?mcc?mnc en_US ?layoutDir sw600dp w600dp h951dp 160dpi lrg port ?uimode ?night finger -keyb/v/h -nav/h s.4}
I/InputReader(  380): Reconfiguring input devices.  changes=0x00000004
