E/MetadataRetrieverClient( 3463): failed to extract an album art
E/MetadataRetrieverClient( 3463): failed to extract an album art
E/MetadataRetrieverClient( 3463): failed to extract an album art
I/DEBUG   (  111): *** *** *** *** *** *** *** *** *** *** *** *** *** *** *** ***
I/DEBUG   (  111): Build fingerprint: 'samsung/aosp_p3110/p3110:5.1/LMY47D/android-andi03150145:userdebug/test-keys'
I/DEBUG   (  111): Revision: '10'
I/DEBUG   (  111): ABI: 'arm'
W/NativeCrashListener(  403): Couldn't find ProcessRecord for pid 3463
I/DEBUG   (  111): pid: 3463, tid: 3475, name: NPDecoder  >>> /system/bin/mediaserver <<<
E/DEBUG   (  111): AM write failure (32 / Broken pipe)
I/DEBUG   (  111): signal 11 (SIGSEGV), code 1 (SEGV_MAPERR), fault addr 0x0
I/DEBUG   (  111):     r0 42a6cbc8  r1 40a2f7c8  r2 00000001  r3 00000000
I/DEBUG   (  111):     r4 420269c0  r5 42a6cbdc  r6 42a6cbd0  r7 00000001
I/DEBUG   (  111):     r8 42a6cc1c  r9 40a2c400  sl 42a6cbc8  fp 00000000
I/DEBUG   (  111):     ip 40a2cb6c  sp 42a6cbb8  lr 4099ff5f  pc 4099c0b2  cpsr 600d0030
I/DEBUG   (  111): 
I/DEBUG   (  111): backtrace:
I/DEBUG   (  111):     #00 pc 000820b2  /system/lib/libstagefright.so (android::MediaCodec::init(android::AString const&, bool, bool)+233)
I/DEBUG   (  111):     #01 pc 00082319  /system/lib/libstagefright.so (android::MediaCodec::CreateByType(android::sp<android::ALooper> const&, char const*, bool, int*)+66)
I/DEBUG   (  111):     #02 pc 0004d93d  /system/lib/libmediaplayerservice.so (android::NuPlayer::Decoder::onConfigure(android::sp<android::AMessage> const&)+256)
I/DEBUG   (  111):     #03 pc 0004f039  /system/lib/libmediaplayerservice.so (android::NuPlayer::DecoderBase::onMessageReceived(android::sp<android::AMessage> const&)+116)
I/DEBUG   (  111):     #04 pc 0004ec43  /system/lib/libmediaplayerservice.so (android::NuPlayer::Decoder::onMessageReceived(android::sp<android::AMessage> const&)+158)
I/DEBUG   (  111):     #05 pc 0000c533  /system/lib/libstagefright_foundation.so (android::ALooperRoster::deliverMessage(android::sp<android::AMessage> const&)+166)
I/DEBUG   (  111):     #06 pc 0000beb5  /system/lib/libstagefright_foundation.so (android::ALooper::loop()+220)
I/DEBUG   (  111):     #07 pc 000105ad  /system/lib/libutils.so (android::Thread::_threadLoop(void*)+112)
I/DEBUG   (  111):     #08 pc 0001011d  /system/lib/libutils.so
I/DEBUG   (  111):     #09 pc 00016ea3  /system/lib/libc.so (__pthread_start(void*)+30)
I/DEBUG   (  111):     #10 pc 00014deb  /system/lib/libc.so (__start_thread+6)
W/BackupManagerService(  403): dataChanged but no participant pkg='com.android.providers.settings' uid=10004
I/DEBUG   (  111): 
I/DEBUG   (  111): Tombstone written to: /data/tombstones/tombstone_05
I/BootReceiver(  403): Copying /data/tombstones/tombstone_05 to DropBox (SYSTEM_TOMBSTONE)
E/SoundPool(  403): Unable to load sample: (null)
W/MediaMetadataRetriever( 1246): MediaMetadataRetriever server died!
W/IMediaDeathNotifier(  403): media server died
I/ServiceManager(  105): service 'media.audio_flinger' died
I/ServiceManager(  105): service 'media.player' died
I/ServiceManager(  105): service 'media.audio_policy' died
I/ServiceManager(  105): service 'media.camera' died
I/ServiceManager(  105): service 'media.sound_trigger_hw' died
E/MediaMetadataRetriever( 1246): failed to create IMediaMetadataRetriever object from server
E/MediaMetadataRetriever( 1246): retriever is not initialized
E/MediaScannerJNI( 1246): An error occurred while scanning file '/system/media/audio/alarms/Alarm_Rooster_02.ogg'.
I/ServiceManager(  403): Waiting for service media.player...
I/ServiceManager( 1246): Waiting for service media.player...
I/ServiceManager(  403): Waiting for service media.player...
I/ServiceManager( 1246): Waiting for service media.player...
I/ServiceManager(  403): Waiting for service media.player...
I/ServiceManager( 1246): Waiting for service media.player...
I/ServiceManager(  403): Waiting for service media.player...
I/ServiceManager( 1246): Waiting for service media.player...
I/ServiceManager(  403): Waiting for service media.player...
I/ServiceManager( 1246): Waiting for service media.player...
I/mediaserver( 3535): ServiceManager: 0x414700c0
I/AudioFlinger( 3535): Using default 3000 mSec as standby time.
I/CameraService( 3535): CameraService started (pid=3535)
I/CameraService( 3535): Loaded "Espresso Camera Wrapper" camera module
V/CameraWrapper( 3535): camera_get_number_of_cameras
V/CameraWrapper( 3535): check_vendor_module
W/linker  ( 3535): libion.omap4.so has text relocations. This is wasting memory and prevents security hardening. Please fix.
W/linker  ( 3535): libmm_osal.so has text relocations. This is wasting memory and prevents security hardening. Please fix.
W/linker  ( 3535): libsecnativefeature.so has text relocations. This is wasting memory and prevents security hardening. Please fix.
W/linker  ( 3535): libdomx.so has text relocations. This is wasting memory and prevents security hardening. Please fix.
W/linker  ( 3535): libOMX_Core.so has text relocations. This is wasting memory and prevents security hardening. Please fix.
W/linker  ( 3535): libtiutils.so has text relocations. This is wasting memory and prevents security hardening. Please fix.
E/HAL     ( 3535): load: module=/system/lib/hw/camera.vendor.piranha.so
E/HAL     ( 3535): dlopen failed: cannot locate symbol "_ZN7android10VectorImpl19reservedVectorImpl1Ev" referenced by "libtiutils.so"...
E/CameraWrapper( 3535): failed to open vendor camera module
I/AudioPolicyService( 3535): AudioPolicyService CSTOR in new mode
I/AudioPolicyManager( 3535): loadAudioPolicyConfig() loaded /system/etc/audio_policy.conf
V/audio_hw_primary( 3535): Reading configuration from /system/etc/sound/p3110
E/audio_hw_primary( 3535): Failed to open /system/etc/sound/p3110
E/AudioFlinger( 3535): int android::load_audio_interface(const char*, audio_hw_device_t**) couldn't open audio hw device in audio.primary (Invalid argument)
I/AudioFlinger( 3535): loadHwModule() error -22 loading module primary 
W/AudioPolicyManager( 3535): could not open HW module primary
I/audio_a2dp_hw( 3535): adev_open:  adev_open in A2dp_hw module
I/AudioFlinger( 3535): loadHwModule() Loaded a2dp audio interface from A2DP Audio HW HAL (audio) handle 1
I/AudioFlinger( 3535): loadHwModule() Loaded usb audio interface from USB audio HW HAL (audio) handle 2
I/r_submix( 3535): adev_open(name=audio_hw_if)
I/r_submix( 3535): adev_init_check()
I/AudioFlinger( 3535): loadHwModule() Loaded r_submix audio interface from Wifi Display audio HAL (audio) handle 3
D/r_submix( 3535): adev_open_input_stream(addr=0)
D/r_submix( 3535): submix_audio_device_create_pipe_l(addr=0, idx=9)
D/r_submix( 3535):   now using address 0 for route 9
E/MonoPipe( 3535): Failed to fetch local time frequency when constructing a MonoPipe (res = -32).  getNextWriteTimestamp calls will be non-functional
I/AudioFlinger( 3535): AudioFlinger's thread 0x414e7000 ready to run
D/r_submix( 3535): adev_close_input_stream()
D/r_submix( 3535): submix_audio_device_release_pipe_l(idx=9) addr=0
D/r_submix( 3535): submix_audio_device_destroy_pipe_l(): pipe destroyed
W/AudioPolicyManager( 3535): Input device 00000002 unreachable
W/AudioPolicyManager( 3535): Input device 80000004 unreachable
E/AudioPolicyManager( 3535): Default device 00000002 is unreachable
E/AudioPolicyManager( 3535): Failed to open primary output
E/AudioPolicyManager( 3535): getDeviceForStrategy() speaker device not found for STRATEGY_SONIFICATION
E/AudioPolicyManager( 3535): getDeviceForStrategy() speaker device not found for STRATEGY_SONIFICATION
E/AudioPolicyManager( 3535): getDeviceForStrategy() no device found for STRATEGY_TRANSMITTED_THROUGH_SPEAKER
E/SoundTriggerHwService( 3535): couldn't load sound trigger module sound_trigger.primary (No such file or directory)
W/IMediaDeathNotifier(  403): Media player service not published, waiting...
W/MediaMetadataRetriever( 1246): MediaPlayerService not published, waiting...
E/MetadataRetrieverClient( 3535): failed to extract an album art
D/NuPlayerDriver( 3535): start(0x41473d00)
I/GenericSource( 3535): start
E/OMX     ( 3535): FAILED to allocate omx component 'OMX.TI.DUCATI1.VIDEO.DECODER'
E/OMX     ( 3535): FAILED to allocate omx component 'OMX.TI.DUCATI1.VIDEO.DECODER'
E/OMX     ( 3535): FAILED to allocate omx component 'OMX.TI.DUCATI1.VIDEO.DECODER'
E/OMX     ( 3535): FAILED to allocate omx component 'OMX.TI.DUCATI1.VIDEO.MPEG4E'
E/OMX     ( 3535): FAILED to allocate omx component 'OMX.TI.DUCATI1.VIDEO.MPEG4E'
E/OMX     ( 3535): FAILED to allocate omx component 'OMX.TI.DUCATI1.VIDEO.H264E'
W/OMXNodeInstance( 3535): [f:google.mpeg4.decoder] component does not support metadata mode; using fallback
W/OMXNodeInstance( 3535): [10:google.mpeg4.decoder] component does not support metadata mode; using fallback
W/MediaCodecList( 3535): ignoring Limit specified outside of a Type
W/MediaCodecList( 3535): ignoring Limit specified outside of a Type
W/MediaCodecList( 3535): ignoring Limit specified outside of a Type
W/MediaCodecList( 3535): ignoring Limit specified outside of a Type
W/MediaCodecList( 3535): ignoring Limit specified outside of a Type
W/MediaCodecList( 3535): ignoring Feature specified outside of a Type
W/OMXNodeInstance( 3535): [11:google.h263.decoder] component does not support metadata mode; using fallback
W/OMXNodeInstance( 3535): [12:google.h264.decoder] component does not support metadata mode; using fallback
D/SoftHEVC( 3535): Number of CPU cores: 2
D/SoftHEVC( 3535): Initializing decoder
D/SoftHEVC( 3535): Set number of cores to 2
D/SoftHEVC( 3535): Ittiam decoder version number: @(#)Id:HEVCDEC_production Ver:04.01 Released by ITTIAM Build: Mar 15 2015 @ 02:21:21
W/OMXNodeInstance( 3535): [13:google.hevc.decoder] component does not support metadata mode; using fallback
D/SoftHEVC( 3535): Freeing codec memory
D/SoftHEVC( 3535): Number of CPU cores: 2
D/SoftHEVC( 3535): Initializing decoder
D/SoftHEVC( 3535): Set number of cores to 2
D/SoftHEVC( 3535): Ittiam decoder version number: @(#)Id:HEVCDEC_production Ver:04.01 Released by ITTIAM Build: Mar 15 2015 @ 02:21:21
D/SoftHEVC( 3535): In SoftHEVC::~SoftHEVC
D/SoftHEVC( 3535): Freeing codec memory
W/OMXNodeInstance( 3535): [14:google.vp8.decoder] component does not support metadata mode; using fallback
W/OMXNodeInstance( 3535): [15:google.vp9.decoder] component does not support metadata mode; using fallback
I/SoftMPEG4Encoder( 3535): Construct SoftMPEG4Encoder
W/ACodec  ( 3535): do not know color format 0x7f000789 = 2130708361
I/SoftAVCEncoder( 3535): Construct SoftAVCEncoder
W/ACodec  ( 3535): do not know color format 0x7f000789 = 2130708361
I/SoftMPEG4Encoder( 3535): Construct SoftMPEG4Encoder
W/ACodec  ( 3535): do not know color format 0x7f000789 = 2130708361
W/ACodec  ( 3535): do not know color format 0x7f000789 = 2130708361
W/MediaCodecList( 3535): unable to open media codecs configuration xml file: /etc/media_codecs_ffmpeg.xml
F/libc    ( 3535): Fatal signal 11 (SIGSEGV), code 1, fault addr 0x0 in tid 3547 (NPDecoder)
E/MetadataRetrieverClient( 3535): failed to extract an album art
E/MetadataRetrieverClient( 3535): failed to extract an album art
E/MetadataRetrieverClient( 3535): failed to extract an album art
I/DEBUG   (  111): *** *** *** *** *** *** *** *** *** *** *** *** *** *** *** ***
I/DEBUG   (  111): Build fingerprint: 'samsung/aosp_p3110/p3110:5.1/LMY47D/android-andi03150145:userdebug/test-keys'
I/DEBUG   (  111): Revision: '10'
I/DEBUG   (  111): ABI: 'arm'
W/NativeCrashListener(  403): Couldn't find ProcessRecord for pid 3535
I/DEBUG   (  111): pid: 3535, tid: 3547, name: NPDecoder  >>> /system/bin/mediaserver <<<
E/DEBUG   (  111): AM write failure (32 / Broken pipe)
I/DEBUG   (  111): signal 11 (SIGSEGV), code 1 (SEGV_MAPERR), fault addr 0x0
E/MetadataRetrieverClient( 3535): failed to extract an album art
I/DEBUG   (  111):     r0 42b6abc8  r1 40a2b7c8  r2 00000001  r3 00000000
I/DEBUG   (  111):     r4 420269c0  r5 42b6abdc  r6 42b6abd0  r7 00000001
I/DEBUG   (  111):     r8 42b6ac1c  r9 40a28400  sl 42b6abc8  fp 00000000
I/DEBUG   (  111):     ip 40a28b6c  sp 42b6abb8  lr 4099bf5f  pc 409980b2  cpsr 600d0030
I/DEBUG   (  111): 
I/DEBUG   (  111): backtrace:
I/DEBUG   (  111):     #00 pc 000820b2  /system/lib/libstagefright.so (android::MediaCodec::init(android::AString const&, bool, bool)+233)
I/DEBUG   (  111):     #01 pc 00082319  /system/lib/libstagefright.so (android::MediaCodec::CreateByType(android::sp<android::ALooper> const&, char const*, bool, int*)+66)
I/DEBUG   (  111):     #02 pc 0004d93d  /system/lib/libmediaplayerservice.so (android::NuPlayer::Decoder::onConfigure(android::sp<android::AMessage> const&)+256)
I/DEBUG   (  111):     #03 pc 0004f039  /system/lib/libmediaplayerservice.so (android::NuPlayer::DecoderBase::onMessageReceived(android::sp<android::AMessage> const&)+116)
I/DEBUG   (  111):     #04 pc 0004ec43  /system/lib/libmediaplayerservice.so (android::NuPlayer::Decoder::onMessageReceived(android::sp<android::AMessage> const&)+158)
I/DEBUG   (  111):     #05 pc 0000c533  /system/lib/libstagefright_foundation.so (android::ALooperRoster::deliverMessage(android::sp<android::AMessage> const&)+166)
I/DEBUG   (  111):     #06 pc 0000beb5  /system/lib/libstagefright_foundation.so (android::ALooper::loop()+220)
I/DEBUG   (  111):     #07 pc 000105ad  /system/lib/libutils.so (android::Thread::_threadLoop(void*)+112)
I/DEBUG   (  111):     #08 pc 0001011d  /system/lib/libutils.so
I/DEBUG   (  111):     #09 pc 00016ea3  /system/lib/libc.so (__pthread_start(void*)+30)
I/DEBUG   (  111):     #10 pc 00014deb  /system/lib/libc.so (__start_thread+6)
I/DEBUG   (  111): 
I/DEBUG   (  111): Tombstone written to: /data/tombstones/tombstone_06
I/BootReceiver(  403): Copying /data/tombstones/tombstone_06 to DropBox (SYSTEM_TOMBSTONE)
E/SoundPool(  403): Unable to load sample: (null)
E/SoundPool(  403): Unable to load sample: (null)
W/AudioService(  403): onLoadSoundEffects(), Error -32 while loading samples
E/SoundPool(  403): Unable to load sample: (null)
I/ServiceManager(  105): service 'media.audio_flinger' died
I/ServiceManager(  105): service 'media.player' died
I/ServiceManager(  105): service 'media.audio_policy' died
I/ServiceManager(  105): service 'media.camera' died
I/ServiceManager(  105): service 'media.sound_trigger_hw' died
W/MediaMetadataRetriever( 1246): MediaMetadataRetriever server died!
W/IMediaDeathNotifier(  403): media server died
E/AudioService(  403): Media server died.
E/MediaMetadataRetriever( 1246): failed to create IMediaMetadataRetriever object from server
E/MediaMetadataRetriever( 1246): retriever is not initialized
I/ServiceManager(  403): Waiting for service media.player...
I/ServiceManager( 1246): Waiting for service media.player...
I/ServiceManager(  403): Waiting for service media.player...
I/ServiceManager( 1246): Waiting for service media.player...
I/ServiceManager(  403): Waiting for service media.player...
I/ServiceManager( 1246): Waiting for service media.player...
I/mediaserver( 3607): ServiceManager: 0x414700c0
I/AudioFlinger( 3607): Using default 3000 mSec as standby time.
I/CameraService( 3607): CameraService started (pid=3607)
I/CameraService( 3607): Loaded "Espresso Camera Wrapper" camera module
V/CameraWrapper( 3607): camera_get_number_of_cameras
V/CameraWrapper( 3607): check_vendor_module
W/linker  ( 3607): libion.omap4.so has text relocations. This is wasting memory and prevents security hardening. Please fix.
W/linker  ( 3607): libmm_osal.so has text relocations. This is wasting memory and prevents security hardening. Please fix.
W/linker  ( 3607): libsecnativefeature.so has text relocations. This is wasting memory and prevents security hardening. Please fix.
W/linker  ( 3607): libdomx.so has text relocations. This is wasting memory and prevents security hardening. Please fix.
W/linker  ( 3607): libOMX_Core.so has text relocations. This is wasting memory and prevents security hardening. Please fix.
W/linker  ( 3607): libtiutils.so has text relocations. This is wasting memory and prevents security hardening. Please fix.
E/HAL     ( 3607): load: module=/system/lib/hw/camera.vendor.piranha.so
E/HAL     ( 3607): dlopen failed: cannot locate symbol "_ZN7android10VectorImpl19reservedVectorImpl1Ev" referenced by "libtiutils.so"...
E/CameraWrapper( 3607): failed to open vendor camera module
I/AudioPolicyService( 3607): AudioPolicyService CSTOR in new mode
I/AudioPolicyManager( 3607): loadAudioPolicyConfig() loaded /system/etc/audio_policy.conf
V/audio_hw_primary( 3607): Reading configuration from /system/etc/sound/p3110
E/audio_hw_primary( 3607): Failed to open /system/etc/sound/p3110
E/AudioFlinger( 3607): int android::load_audio_interface(const char*, audio_hw_device_t**) couldn't open audio hw device in audio.primary (Invalid argument)
I/AudioFlinger( 3607): loadHwModule() error -22 loading module primary 
W/AudioPolicyManager( 3607): could not open HW module primary
I/audio_a2dp_hw( 3607): adev_open:  adev_open in A2dp_hw module
I/AudioFlinger( 3607): loadHwModule() Loaded a2dp audio interface from A2DP Audio HW HAL (audio) handle 1
I/AudioFlinger( 3607): loadHwModule() Loaded usb audio interface from USB audio HW HAL (audio) handle 2
I/r_submix( 3607): adev_open(name=audio_hw_if)
I/r_submix( 3607): adev_init_check()
I/AudioFlinger( 3607): loadHwModule() Loaded r_submix audio interface from Wifi Display audio HAL (audio) handle 3
D/r_submix( 3607): adev_open_input_stream(addr=0)
D/r_submix( 3607): submix_audio_device_create_pipe_l(addr=0, idx=9)
D/r_submix( 3607):   now using address 0 for route 9
E/MonoPipe( 3607): Failed to fetch local time frequency when constructing a MonoPipe (res = -32).  getNextWriteTimestamp calls will be non-functional
I/AudioFlinger( 3607): AudioFlinger's thread 0x414e7000 ready to run
D/r_submix( 3607): adev_close_input_stream()
D/r_submix( 3607): submix_audio_device_release_pipe_l(idx=9) addr=0
D/r_submix( 3607): submix_audio_device_destroy_pipe_l(): pipe destroyed
W/AudioPolicyManager( 3607): Input device 00000002 unreachable
W/AudioPolicyManager( 3607): Input device 80000004 unreachable
E/AudioPolicyManager( 3607): Default device 00000002 is unreachable
E/AudioPolicyManager( 3607): Failed to open primary output
E/AudioPolicyManager( 3607): getDeviceForStrategy() speaker device not found for STRATEGY_SONIFICATION
E/AudioPolicyManager( 3607): getDeviceForStrategy() speaker device not found for STRATEGY_SONIFICATION
E/AudioPolicyManager( 3607): getDeviceForStrategy() no device found for STRATEGY_TRANSMITTED_THROUGH_SPEAKER
E/SoundTriggerHwService( 3607): couldn't load sound trigger module sound_trigger.primary (No such file or directory)
D/NuPlayerDriver( 3607): start(0x41473d00)
I/GenericSource( 3607): start
E/MetadataRetrieverClient( 3607): failed to extract an album art
E/OMX     ( 3607): FAILED to allocate omx component 'OMX.TI.DUCATI1.VIDEO.DECODER'
E/OMX     ( 3607): FAILED to allocate omx component 'OMX.TI.DUCATI1.VIDEO.DECODER'
E/OMX     ( 3607): FAILED to allocate omx component 'OMX.TI.DUCATI1.VIDEO.DECODER'
E/OMX     ( 3607): FAILED to allocate omx component 'OMX.TI.DUCATI1.VIDEO.MPEG4E'
E/OMX     ( 3607): FAILED to allocate omx component 'OMX.TI.DUCATI1.VIDEO.MPEG4E'
E/OMX     ( 3607): FAILED to allocate omx component 'OMX.TI.DUCATI1.VIDEO.H264E'
W/OMXNodeInstance( 3607): [f:google.mpeg4.decoder] component does not support metadata mode; using fallback
W/OMXNodeInstance( 3607): [10:google.mpeg4.decoder] component does not support metadata mode; using fallback
W/MediaCodecList( 3607): ignoring Limit specified outside of a Type
W/MediaCodecList( 3607): ignoring Limit specified outside of a Type
W/MediaCodecList( 3607): ignoring Limit specified outside of a Type
W/MediaCodecList( 3607): ignoring Limit specified outside of a Type
W/MediaCodecList( 3607): ignoring Limit specified outside of a Type
W/MediaCodecList( 3607): ignoring Feature specified outside of a Type
W/OMXNodeInstance( 3607): [11:google.h263.decoder] component does not support metadata mode; using fallback
W/OMXNodeInstance( 3607): [12:google.h264.decoder] component does not support metadata mode; using fallback
D/SoftHEVC( 3607): Number of CPU cores: 2
D/SoftHEVC( 3607): Initializing decoder
D/SoftHEVC( 3607): Set number of cores to 2
D/SoftHEVC( 3607): Ittiam decoder version number: @(#)Id:HEVCDEC_production Ver:04.01 Released by ITTIAM Build: Mar 15 2015 @ 02:21:21
W/OMXNodeInstance( 3607): [13:google.hevc.decoder] component does not support metadata mode; using fallback
D/SoftHEVC( 3607): Freeing codec memory
D/SoftHEVC( 3607): Number of CPU cores: 2
D/SoftHEVC( 3607): Initializing decoder
D/SoftHEVC( 3607): Set number of cores to 2
D/SoftHEVC( 3607): Ittiam decoder version number: @(#)Id:HEVCDEC_production Ver:04.01 Released by ITTIAM Build: Mar 15 2015 @ 02:21:21
D/SoftHEVC( 3607): In SoftHEVC::~SoftHEVC
D/SoftHEVC( 3607): Freeing codec memory
W/OMXNodeInstance( 3607): [14:google.vp8.decoder] component does not support metadata mode; using fallback
W/OMXNodeInstance( 3607): [15:google.vp9.decoder] component does not support metadata mode; using fallback
I/SoftMPEG4Encoder( 3607): Construct SoftMPEG4Encoder
W/ACodec  ( 3607): do not know color format 0x7f000789 = 2130708361
I/SoftAVCEncoder( 3607): Construct SoftAVCEncoder
W/ACodec  ( 3607): do not know color format 0x7f000789 = 2130708361
I/SoftMPEG4Encoder( 3607): Construct SoftMPEG4Encoder
W/ACodec  ( 3607): do not know color format 0x7f000789 = 2130708361
W/ACodec  ( 3607): do not know color format 0x7f000789 = 2130708361
W/MediaCodecList( 3607): unable to open media codecs configuration xml file: /etc/media_codecs_ffmpeg.xml
F/libc    ( 3607): Fatal signal 11 (SIGSEGV), code 1, fault addr 0x0 in tid 3619 (NPDecoder)
I/DEBUG   (  111): *** *** *** *** *** *** *** *** *** *** *** *** *** *** *** ***
I/DEBUG   (  111): Build fingerprint: 'samsung/aosp_p3110/p3110:5.1/LMY47D/android-andi03150145:userdebug/test-keys'
I/DEBUG   (  111): Revision: '10'
I/DEBUG   (  111): ABI: 'arm'
I/DEBUG   (  111): pid: 3607, tid: 3619, name: NPDecoder  >>> /system/bin/mediaserver <<<
I/DEBUG   (  111): signal 11 (SIGSEGV), code 1 (SEGV_MAPERR), fault addr 0x0
W/NativeCrashListener(  403): Couldn't find ProcessRecord for pid 3607
I/DEBUG   (  111):     r0 42b6abc8  r1 40a317c8  r2 00000001  r3 00000000
E/DEBUG   (  111): AM write failure (32 / Broken pipe)
I/DEBUG   (  111):     r4 420269c0  r5 42b6abdc  r6 42b6abd0  r7 00000001
I/DEBUG   (  111):     r8 42b6ac1c  r9 40a2e400  sl 42b6abc8  fp 00000000
I/DEBUG   (  111):     ip 40a2eb6c  sp 42b6abb8  lr 409a1f5f  pc 4099e0b2  cpsr 600d0030
I/DEBUG   (  111): 
I/DEBUG   (  111): backtrace:
I/DEBUG   (  111):     #00 pc 000820b2  /system/lib/libstagefright.so (android::MediaCodec::init(android::AString const&, bool, bool)+233)
I/DEBUG   (  111):     #01 pc 00082319  /system/lib/libstagefright.so (android::MediaCodec::CreateByType(android::sp<android::ALooper> const&, char const*, bool, int*)+66)
I/DEBUG   (  111):     #02 pc 0004d93d  /system/lib/libmediaplayerservice.so (android::NuPlayer::Decoder::onConfigure(android::sp<android::AMessage> const&)+256)
I/DEBUG   (  111):     #03 pc 0004f039  /system/lib/libmediaplayerservice.so (android::NuPlayer::DecoderBase::onMessageReceived(android::sp<android::AMessage> const&)+116)
I/DEBUG   (  111):     #04 pc 0004ec43  /system/lib/libmediaplayerservice.so (android::NuPlayer::Decoder::onMessageReceived(android::sp<android::AMessage> const&)+158)
I/DEBUG   (  111):     #05 pc 0000c533  /system/lib/libstagefright_foundation.so (android::ALooperRoster::deliverMessage(android::sp<android::AMessage> const&)+166)
I/DEBUG   (  111):     #06 pc 0000beb5  /system/lib/libstagefright_foundation.so (android::ALooper::loop()+220)
I/DEBUG   (  111):     #07 pc 000105ad  /system/lib/libutils.so (android::Thread::_threadLoop(void*)+112)
I/DEBUG   (  111):     #08 pc 0001011d  /system/lib/libutils.so
I/DEBUG   (  111):     #09 pc 00016ea3  /system/lib/libc.so (__pthread_start(void*)+30)
I/DEBUG   (  111):     #10 pc 00014deb  /system/lib/libc.so (__start_thread+6)
I/DEBUG   (  111): 
I/DEBUG   (  111): Tombstone written to: /data/tombstones/tombstone_07
I/BootReceiver(  403): Copying /data/tombstones/tombstone_07 to DropBox (SYSTEM_TOMBSTONE)
I/ServiceManager(  105): service 'media.audio_flinger' died
I/ServiceManager(  105): service 'media.player' died
I/ServiceManager(  105): service 'media.audio_policy' died
I/ServiceManager(  105): service 'media.camera' died
I/ServiceManager(  105): service 'media.sound_trigger_hw' died
W/IMediaDeathNotifier(  403): media server died
W/MediaMetadataRetriever( 1246): MediaMetadataRetriever server died!
E/SoundPool(  403): Unable to load sample: (null)
W/AudioService(  403): onLoadSoundEffects(), Error -32 while loading samples
I/ServiceManager(  403): Waiting for service media.player...
E/MediaMetadataRetriever( 1246): failed to create IMediaMetadataRetriever object from server
E/MediaMetadataRetriever( 1246): retriever is not initialized
I/ServiceManager( 1246): Waiting for service media.player...
I/ServiceManager(  403): Waiting for service media.player...
I/ServiceManager( 1246): Waiting for service media.player...
I/ServiceManager(  403): Waiting for service media.player...
I/ServiceManager( 1246): Waiting for service media.player...
I/ServiceManager(  403): Waiting for service media.player...
I/ServiceManager( 1246): Waiting for service media.player...
I/mediaserver( 3676): ServiceManager: 0x414700c0
I/AudioFlinger( 3676): Using default 3000 mSec as standby time.
I/CameraService( 3676): CameraService started (pid=3676)
I/CameraService( 3676): Loaded "Espresso Camera Wrapper" camera module
V/CameraWrapper( 3676): camera_get_number_of_cameras
V/CameraWrapper( 3676): check_vendor_module
W/linker  ( 3676): libion.omap4.so has text relocations. This is wasting memory and prevents security hardening. Please fix.
W/linker  ( 3676): libmm_osal.so has text relocations. This is wasting memory and prevents security hardening. Please fix.
W/linker  ( 3676): libsecnativefeature.so has text relocations. This is wasting memory and prevents security hardening. Please fix.
W/linker  ( 3676): libdomx.so has text relocations. This is wasting memory and prevents security hardening. Please fix.
W/linker  ( 3676): libOMX_Core.so has text relocations. This is wasting memory and prevents security hardening. Please fix.
W/linker  ( 3676): libtiutils.so has text relocations. This is wasting memory and prevents security hardening. Please fix.
E/HAL     ( 3676): load: module=/system/lib/hw/camera.vendor.piranha.so
E/HAL     ( 3676): dlopen failed: cannot locate symbol "_ZN7android10VectorImpl19reservedVectorImpl1Ev" referenced by "libtiutils.so"...
E/CameraWrapper( 3676): failed to open vendor camera module
I/AudioPolicyService( 3676): AudioPolicyService CSTOR in new mode
I/AudioPolicyManager( 3676): loadAudioPolicyConfig() loaded /system/etc/audio_policy.conf
V/audio_hw_primary( 3676): Reading configuration from /system/etc/sound/p3110
E/audio_hw_primary( 3676): Failed to open /system/etc/sound/p3110
E/AudioFlinger( 3676): int android::load_audio_interface(const char*, audio_hw_device_t**) couldn't open audio hw device in audio.primary (Invalid argument)
I/AudioFlinger( 3676): loadHwModule() error -22 loading module primary 
W/AudioPolicyManager( 3676): could not open HW module primary
I/audio_a2dp_hw( 3676): adev_open:  adev_open in A2dp_hw module
I/AudioFlinger( 3676): loadHwModule() Loaded a2dp audio interface from A2DP Audio HW HAL (audio) handle 1
I/AudioFlinger( 3676): loadHwModule() Loaded usb audio interface from USB audio HW HAL (audio) handle 2
I/r_submix( 3676): adev_open(name=audio_hw_if)
I/r_submix( 3676): adev_init_check()
I/AudioFlinger( 3676): loadHwModule() Loaded r_submix audio interface from Wifi Display audio HAL (audio) handle 3
D/r_submix( 3676): adev_open_input_stream(addr=0)
D/r_submix( 3676): submix_audio_device_create_pipe_l(addr=0, idx=9)
D/r_submix( 3676):   now using address 0 for route 9
E/MonoPipe( 3676): Failed to fetch local time frequency when constructing a MonoPipe (res = -32).  getNextWriteTimestamp calls will be non-functional
I/AudioFlinger( 3676): AudioFlinger's thread 0x414e7000 ready to run
D/r_submix( 3676): adev_close_input_stream()
D/r_submix( 3676): submix_audio_device_release_pipe_l(idx=9) addr=0
D/r_submix( 3676): submix_audio_device_destroy_pipe_l(): pipe destroyed
W/AudioPolicyManager( 3676): Input device 00000002 unreachable
W/AudioPolicyManager( 3676): Input device 80000004 unreachable
E/AudioPolicyManager( 3676): Default device 00000002 is unreachable
E/AudioPolicyManager( 3676): Failed to open primary output
E/AudioPolicyManager( 3676): getDeviceForStrategy() speaker device not found for STRATEGY_SONIFICATION
E/AudioPolicyManager( 3676): getDeviceForStrategy() speaker device not found for STRATEGY_SONIFICATION
E/AudioPolicyManager( 3676): getDeviceForStrategy() no device found for STRATEGY_TRANSMITTED_THROUGH_SPEAKER
E/SoundTriggerHwService( 3676): couldn't load sound trigger module sound_trigger.primary (No such file or directory)
D/NuPlayerDriver( 3676): start(0x41473d00)
I/GenericSource( 3676): start
E/MetadataRetrieverClient( 3676): failed to extract an album art
W/AudioFlinger( 3676): session id 0 not found for pid 2797
V/MusicFXControlPanelReceiver( 2349): onReceive
V/MusicFXControlPanelReceiver( 2349): Action: android.media.action.CLOSE_AUDIO_EFFECT_CONTROL_SESSION
V/MusicFXControlPanelReceiver( 2349): Package name: com.android.music
V/MusicFXControlPanelReceiver( 2349): Audio session: 0
V/MusicFXControlPanelEffect( 2349): closeSession(android.app.ReceiverRestrictedContext@1ae7e50c, com.android.music, 0)
I/MediaFocusControl(  403):  AudioFocus  abandonAudioFocus() from android.media.AudioManager@23f3c037com.android.music.MediaPlaybackService$3@34e3c9a4
I/ActivityManager(  403): Killing 1283:com.android.provision/u0a42 (adj 15): empty #17
E/OMX     ( 3676): FAILED to allocate omx component 'OMX.TI.DUCATI1.VIDEO.DECODER'
E/OMX     ( 3676): FAILED to allocate omx component 'OMX.TI.DUCATI1.VIDEO.DECODER'
E/OMX     ( 3676): FAILED to allocate omx component 'OMX.TI.DUCATI1.VIDEO.DECODER'
E/OMX     ( 3676): FAILED to allocate omx component 'OMX.TI.DUCATI1.VIDEO.MPEG4E'
E/OMX     ( 3676): FAILED to allocate omx component 'OMX.TI.DUCATI1.VIDEO.MPEG4E'
E/OMX     ( 3676): FAILED to allocate omx component 'OMX.TI.DUCATI1.VIDEO.H264E'
W/OMXNodeInstance( 3676): [f:google.mpeg4.decoder] component does not support metadata mode; using fallback
W/OMXNodeInstance( 3676): [10:google.mpeg4.decoder] component does not support metadata mode; using fallback
W/MediaCodecList( 3676): ignoring Limit specified outside of a Type
W/MediaCodecList( 3676): ignoring Limit specified outside of a Type
W/MediaCodecList( 3676): ignoring Limit specified outside of a Type
W/MediaCodecList( 3676): ignoring Limit specified outside of a Type
W/MediaCodecList( 3676): ignoring Limit specified outside of a Type
W/MediaCodecList( 3676): ignoring Feature specified outside of a Type
W/OMXNodeInstance( 3676): [11:google.h263.decoder] component does not support metadata mode; using fallback
W/OMXNodeInstance( 3676): [12:google.h264.decoder] component does not support metadata mode; using fallback
D/SoftHEVC( 3676): Number of CPU cores: 2
D/SoftHEVC( 3676): Initializing decoder
D/SoftHEVC( 3676): Set number of cores to 2
D/SoftHEVC( 3676): Ittiam decoder version number: @(#)Id:HEVCDEC_production Ver:04.01 Released by ITTIAM Build: Mar 15 2015 @ 02:21:21
W/OMXNodeInstance( 3676): [13:google.hevc.decoder] component does not support metadata mode; using fallback
D/SoftHEVC( 3676): Freeing codec memory
D/SoftHEVC( 3676): Number of CPU cores: 2
D/SoftHEVC( 3676): Initializing decoder
D/SoftHEVC( 3676): Set number of cores to 2
D/SoftHEVC( 3676): Ittiam decoder version number: @(#)Id:HEVCDEC_production Ver:04.01 Released by ITTIAM Build: Mar 15 2015 @ 02:21:21
D/SoftHEVC( 3676): In SoftHEVC::~SoftHEVC
D/SoftHEVC( 3676): Freeing codec memory
W/OMXNodeInstance( 3676): [14:google.vp8.decoder] component does not support metadata mode; using fallback
W/OMXNodeInstance( 3676): [15:google.vp9.decoder] component does not support metadata mode; using fallback
I/SoftMPEG4Encoder( 3676): Construct SoftMPEG4Encoder
W/ACodec  ( 3676): do not know color format 0x7f000789 = 2130708361
I/SoftAVCEncoder( 3676): Construct SoftAVCEncoder
W/ACodec  ( 3676): do not know color format 0x7f000789 = 2130708361
I/SoftMPEG4Encoder( 3676): Construct SoftMPEG4Encoder
W/ACodec  ( 3676): do not know color format 0x7f000789 = 2130708361
E/MetadataRetrieverClient( 3676): failed to extract an album art
W/ACodec  ( 3676): do not know color format 0x7f000789 = 2130708361
W/MediaCodecList( 3676): unable to open media codecs configuration xml file: /etc/media_codecs_ffmpeg.xml
F/libc    ( 3676): Fatal signal 11 (SIGSEGV), code 1, fault addr 0x0 in tid 3688 (NPDecoder)
E/MetadataRetrieverClient( 3676): failed to extract an album art
E/MetadataRetrieverClient( 3676): failed to extract an album art
I/DEBUG   (  111): *** *** *** *** *** *** *** *** *** *** *** *** *** *** *** ***
I/DEBUG   (  111): Build fingerprint: 'samsung/aosp_p3110/p3110:5.1/LMY47D/android-andi03150145:userdebug/test-keys'
I/DEBUG   (  111): Revision: '10'
I/DEBUG   (  111): ABI: 'arm'
I/DEBUG   (  111): pid: 3676, tid: 3688, name: NPDecoder  >>> /system/bin/mediaserver <<<
I/DEBUG   (  111): signal 11 (SIGSEGV), code 1 (SEGV_MAPERR), fault addr 0x0
W/NativeCrashListener(  403): Couldn't find ProcessRecord for pid 3676
I/DEBUG   (  111):     r0 43cd2bc8  r1 40a207c8  r2 00000001  r3 00000000
E/DEBUG   (  111): AM write failure (32 / Broken pipe)
I/DEBUG   (  111):     r4 420269c0  r5 43cd2bdc  r6 43cd2bd0  r7 00000001
I/DEBUG   (  111):     r8 43cd2c1c  r9 40a1d400  sl 43cd2bc8  fp 00000000
I/DEBUG   (  111):     ip 40a1db6c  sp 43cd2bb8  lr 40990f5f  pc 4098d0b2  cpsr 600d0030
I/DEBUG   (  111): 
I/DEBUG   (  111): backtrace:
I/DEBUG   (  111):     #00 pc 000820b2  /system/lib/libstagefright.so (android::MediaCodec::init(android::AString const&, bool, bool)+233)
I/DEBUG   (  111):     #01 pc 00082319  /system/lib/libstagefright.so (android::MediaCodec::CreateByType(android::sp<android::ALooper> const&, char const*, bool, int*)+66)
I/DEBUG   (  111):     #02 pc 0004d93d  /system/lib/libmediaplayerservice.so (android::NuPlayer::Decoder::onConfigure(android::sp<android::AMessage> const&)+256)
I/DEBUG   (  111):     #03 pc 0004f039  /system/lib/libmediaplayerservice.so (android::NuPlayer::DecoderBase::onMessageReceived(android::sp<android::AMessage> const&)+116)
I/DEBUG   (  111):     #04 pc 0004ec43  /system/lib/libmediaplayerservice.so (android::NuPlayer::Decoder::onMessageReceived(android::sp<android::AMessage> const&)+158)
I/DEBUG   (  111):     #05 pc 0000c533  /system/lib/libstagefright_foundation.so (android::ALooperRoster::deliverMessage(android::sp<android::AMessage> const&)+166)
I/DEBUG   (  111):     #06 pc 0000beb5  /system/lib/libstagefright_foundation.so (android::ALooper::loop()+220)
I/DEBUG   (  111):     #07 pc 000105ad  /system/lib/libutils.so (android::Thread::_threadLoop(void*)+112)
I/DEBUG   (  111):     #08 pc 0001011d  /system/lib/libutils.so
I/DEBUG   (  111):     #09 pc 00016ea3  /system/lib/libc.so (__pthread_start(void*)+30)
I/DEBUG   (  111):     #10 pc 00014deb  /system/lib/libc.so (__start_thread+6)
I/DEBUG   (  111): 
I/DEBUG   (  111): Tombstone written to: /data/tombstones/tombstone_08
I/BootReceiver(  403): Copying /data/tombstones/tombstone_08 to DropBox (SYSTEM_TOMBSTONE)
E/SoundPool(  403): Unable to load sample: (null)
W/AudioSystem( 2797): AudioFlinger server died!
W/IMediaDeathNotifier(  403): media server died
W/MediaMetadataRetriever( 1246): MediaMetadataRetriever server died!
I/ServiceManager(  105): service 'media.audio_flinger' died
I/ServiceManager(  105): service 'media.player' died
I/ServiceManager(  105): service 'media.audio_policy' died
I/ServiceManager(  105): service 'media.camera' died
I/ServiceManager(  105): service 'media.sound_trigger_hw' died
E/MediaMetadataRetriever( 1246): failed to create IMediaMetadataRetriever object from server
E/MediaMetadataRetriever( 1246): retriever is not initialized
I/ServiceManager( 1246): Waiting for service media.player...
I/ServiceManager(  403): Waiting for service media.player...
I/ServiceManager( 1246): Waiting for service media.player...
I/ServiceManager(  403): Waiting for service media.player...
I/ServiceManager( 1246): Waiting for service media.player...
I/ServiceManager(  403): Waiting for service media.player...
I/ServiceManager( 1246): Waiting for service media.player...
I/ServiceManager(  403): Waiting for service media.player...
I/ServiceManager( 1246): Waiting for service media.player...
I/ServiceManager(  403): Waiting for service media.player...
I/ServiceManager(  403): Waiting for service media.audio_policy...
I/mediaserver( 3748): ServiceManager: 0x414700c0
I/AudioFlinger( 3748): Using default 3000 mSec as standby time.
I/CameraService( 3748): CameraService started (pid=3748)
I/CameraService( 3748): Loaded "Espresso Camera Wrapper" camera module
V/CameraWrapper( 3748): camera_get_number_of_cameras
V/CameraWrapper( 3748): check_vendor_module
W/linker  ( 3748): libion.omap4.so has text relocations. This is wasting memory and prevents security hardening. Please fix.
W/linker  ( 3748): libmm_osal.so has text relocations. This is wasting memory and prevents security hardening. Please fix.
W/linker  ( 3748): libsecnativefeature.so has text relocations. This is wasting memory and prevents security hardening. Please fix.
W/linker  ( 3748): libdomx.so has text relocations. This is wasting memory and prevents security hardening. Please fix.
W/linker  ( 3748): libOMX_Core.so has text relocations. This is wasting memory and prevents security hardening. Please fix.
W/linker  ( 3748): libtiutils.so has text relocations. This is wasting memory and prevents security hardening. Please fix.
E/HAL     ( 3748): load: module=/system/lib/hw/camera.vendor.piranha.so
E/HAL     ( 3748): dlopen failed: cannot locate symbol "_ZN7android10VectorImpl19reservedVectorImpl1Ev" referenced by "libtiutils.so"...
E/CameraWrapper( 3748): failed to open vendor camera module
I/AudioPolicyService( 3748): AudioPolicyService CSTOR in new mode
I/AudioPolicyManager( 3748): loadAudioPolicyConfig() loaded /system/etc/audio_policy.conf
V/audio_hw_primary( 3748): Reading configuration from /system/etc/sound/p3110
E/audio_hw_primary( 3748): Failed to open /system/etc/sound/p3110
E/AudioFlinger( 3748): int android::load_audio_interface(const char*, audio_hw_device_t**) couldn't open audio hw device in audio.primary (Invalid argument)
I/AudioFlinger( 3748): loadHwModule() error -22 loading module primary 
W/AudioPolicyManager( 3748): could not open HW module primary
I/audio_a2dp_hw( 3748): adev_open:  adev_open in A2dp_hw module
I/AudioFlinger( 3748): loadHwModule() Loaded a2dp audio interface from A2DP Audio HW HAL (audio) handle 1
I/AudioFlinger( 3748): loadHwModule() Loaded usb audio interface from USB audio HW HAL (audio) handle 2
I/r_submix( 3748): adev_open(name=audio_hw_if)
I/r_submix( 3748): adev_init_check()
I/AudioFlinger( 3748): loadHwModule() Loaded r_submix audio interface from Wifi Display audio HAL (audio) handle 3
D/r_submix( 3748): adev_open_input_stream(addr=0)
D/r_submix( 3748): submix_audio_device_create_pipe_l(addr=0, idx=9)
D/r_submix( 3748):   now using address 0 for route 9
E/MonoPipe( 3748): Failed to fetch local time frequency when constructing a MonoPipe (res = -32).  getNextWriteTimestamp calls will be non-functional
I/AudioFlinger( 3748): AudioFlinger's thread 0x414e7000 ready to run
D/r_submix( 3748): adev_close_input_stream()
D/r_submix( 3748): submix_audio_device_release_pipe_l(idx=9) addr=0
D/r_submix( 3748): submix_audio_device_destroy_pipe_l(): pipe destroyed
W/AudioPolicyManager( 3748): Input device 00000002 unreachable
W/AudioPolicyManager( 3748): Input device 80000004 unreachable
E/AudioPolicyManager( 3748): Default device 00000002 is unreachable
E/AudioPolicyManager( 3748): Failed to open primary output
E/AudioPolicyManager( 3748): getDeviceForStrategy() speaker device not found for STRATEGY_SONIFICATION
E/AudioPolicyManager( 3748): getDeviceForStrategy() speaker device not found for STRATEGY_SONIFICATION
E/AudioPolicyManager( 3748): getDeviceForStrategy() no device found for STRATEGY_TRANSMITTED_THROUGH_SPEAKER
E/SoundTriggerHwService( 3748): couldn't load sound trigger module sound_trigger.primary (No such file or directory)
W/MediaMetadataRetriever( 1246): MediaPlayerService not published, waiting...
W/IMediaDeathNotifier(  403): Media player service not published, waiting...
E/MetadataRetrieverClient( 3748): failed to extract an album art
D/NuPlayerDriver( 3748): start(0x4202d040)
I/GenericSource( 3748): start
E/MetadataRetrieverClient( 3748): failed to extract an album art
E/OMX     ( 3748): FAILED to allocate omx component 'OMX.TI.DUCATI1.VIDEO.DECODER'
E/OMX     ( 3748): FAILED to allocate omx component 'OMX.TI.DUCATI1.VIDEO.DECODER'
E/OMX     ( 3748): FAILED to allocate omx component 'OMX.TI.DUCATI1.VIDEO.DECODER'
E/OMX     ( 3748): FAILED to allocate omx component 'OMX.TI.DUCATI1.VIDEO.MPEG4E'
E/OMX     ( 3748): FAILED to allocate omx component 'OMX.TI.DUCATI1.VIDEO.MPEG4E'
E/OMX     ( 3748): FAILED to allocate omx component 'OMX.TI.DUCATI1.VIDEO.H264E'
W/OMXNodeInstance( 3748): [f:google.mpeg4.decoder] component does not support metadata mode; using fallback
W/OMXNodeInstance( 3748): [10:google.mpeg4.decoder] component does not support metadata mode; using fallback
W/MediaCodecList( 3748): ignoring Limit specified outside of a Type
W/MediaCodecList( 3748): ignoring Limit specified outside of a Type
W/MediaCodecList( 3748): ignoring Limit specified outside of a Type
W/MediaCodecList( 3748): ignoring Limit specified outside of a Type
W/MediaCodecList( 3748): ignoring Limit specified outside of a Type
W/MediaCodecList( 3748): ignoring Feature specified outside of a Type
W/OMXNodeInstance( 3748): [11:google.h263.decoder] component does not support metadata mode; using fallback
W/OMXNodeInstance( 3748): [12:google.h264.decoder] component does not support metadata mode; using fallback
D/SoftHEVC( 3748): Number of CPU cores: 2
D/SoftHEVC( 3748): Initializing decoder
D/SoftHEVC( 3748): Set number of cores to 2
D/SoftHEVC( 3748): Ittiam decoder version number: @(#)Id:HEVCDEC_production Ver:04.01 Released by ITTIAM Build: Mar 15 2015 @ 02:21:21
W/OMXNodeInstance( 3748): [13:google.hevc.decoder] component does not support metadata mode; using fallback
D/SoftHEVC( 3748): Freeing codec memory
D/SoftHEVC( 3748): Number of CPU cores: 2
D/SoftHEVC( 3748): Initializing decoder
D/SoftHEVC( 3748): Set number of cores to 2
D/SoftHEVC( 3748): Ittiam decoder version number: @(#)Id:HEVCDEC_production Ver:04.01 Released by ITTIAM Build: Mar 15 2015 @ 02:21:21
D/SoftHEVC( 3748): In SoftHEVC::~SoftHEVC
D/SoftHEVC( 3748): Freeing codec memory
W/OMXNodeInstance( 3748): [14:google.vp8.decoder] component does not support metadata mode; using fallback
W/OMXNodeInstance( 3748): [15:google.vp9.decoder] component does not support metadata mode; using fallback
I/SoftMPEG4Encoder( 3748): Construct SoftMPEG4Encoder
W/ACodec  ( 3748): do not know color format 0x7f000789 = 2130708361
I/SoftAVCEncoder( 3748): Construct SoftAVCEncoder
W/ACodec  ( 3748): do not know color format 0x7f000789 = 2130708361
I/SoftMPEG4Encoder( 3748): Construct SoftMPEG4Encoder
W/ACodec  ( 3748): do not know color format 0x7f000789 = 2130708361
W/ACodec  ( 3748): do not know color format 0x7f000789 = 2130708361
W/MediaCodecList( 3748): unable to open media codecs configuration xml file: /etc/media_codecs_ffmpeg.xml
F/libc    ( 3748): Fatal signal 11 (SIGSEGV), code 1, fault addr 0x0 in tid 3760 (NPDecoder)
I/DEBUG   (  111): *** *** *** *** *** *** *** *** *** *** *** *** *** *** *** ***
I/DEBUG   (  111): Build fingerprint: 'samsung/aosp_p3110/p3110:5.1/LMY47D/android-andi03150145:userdebug/test-keys'
I/DEBUG   (  111): Revision: '10'
I/DEBUG   (  111): ABI: 'arm'
W/NativeCrashListener(  403): Couldn't find ProcessRecord for pid 3748
I/DEBUG   (  111): pid: 3748, tid: 3760, name: NPDecoder  >>> /system/bin/mediaserver <<<
E/DEBUG   (  111): AM write failure (32 / Broken pipe)
I/DEBUG   (  111): signal 11 (SIGSEGV), code 1 (SEGV_MAPERR), fault addr 0x0
I/DEBUG   (  111):     r0 42b6abc8  r1 40a437c8  r2 00000001  r3 00000000
I/DEBUG   (  111):     r4 420269c0  r5 42b6abdc  r6 42b6abd0  r7 00000001
I/DEBUG   (  111):     r8 42b6ac1c  r9 40a40400  sl 42b6abc8  fp 00000000
I/DEBUG   (  111):     ip 40a40b6c  sp 42b6abb8  lr 409b3f5f  pc 409b00b2  cpsr 600d0030
I/DEBUG   (  111): 
I/DEBUG   (  111): backtrace:
I/DEBUG   (  111):     #00 pc 000820b2  /system/lib/libstagefright.so (android::MediaCodec::init(android::AString const&, bool, bool)+233)
I/DEBUG   (  111):     #01 pc 00082319  /system/lib/libstagefright.so (android::MediaCodec::CreateByType(android::sp<android::ALooper> const&, char const*, bool, int*)+66)
I/DEBUG   (  111):     #02 pc 0004d93d  /system/lib/libmediaplayerservice.so (android::NuPlayer::Decoder::onConfigure(android::sp<android::AMessage> const&)+256)
I/DEBUG   (  111):     #03 pc 0004f039  /system/lib/libmediaplayerservice.so (android::NuPlayer::DecoderBase::onMessageReceived(android::sp<android::AMessage> const&)+116)
I/DEBUG   (  111):     #04 pc 0004ec43  /system/lib/libmediaplayerservice.so (android::NuPlayer::Decoder::onMessageReceived(android::sp<android::AMessage> const&)+158)
I/DEBUG   (  111):     #05 pc 0000c533  /system/lib/libstagefright_foundation.so (android::ALooperRoster::deliverMessage(android::sp<android::AMessage> const&)+166)
I/DEBUG   (  111):     #06 pc 0000beb5  /system/lib/libstagefright_foundation.so (android::ALooper::loop()+220)
I/DEBUG   (  111):     #07 pc 000105ad  /system/lib/libutils.so (android::Thread::_threadLoop(void*)+112)
I/DEBUG   (  111):     #08 pc 0001011d  /system/lib/libutils.so
I/DEBUG   (  111):     #09 pc 00016ea3  /system/lib/libc.so (__pthread_start(void*)+30)
I/DEBUG   (  111):     #10 pc 00014deb  /system/lib/libc.so (__start_thread+6)
I/DEBUG   (  111): 
I/DEBUG   (  111): Tombstone written to: /data/tombstones/tombstone_09
I/BootReceiver(  403): Copying /data/tombstones/tombstone_09 to DropBox (SYSTEM_TOMBSTONE)
I/ServiceManager(  105): service 'media.audio_flinger' died
E/SoundPool(  403): Unable to load sample: (null)
I/ServiceManager(  105): service 'media.player' died
I/ServiceManager(  105): service 'media.audio_policy' died
I/ServiceManager(  105): service 'media.camera' died
I/ServiceManager(  105): service 'media.sound_trigger_hw' died
W/IMediaDeathNotifier(  403): media server died
W/AudioSystem(  403): AudioPolicyService server died!
W/AudioService(  403): onLoadSoundEffects(), Error -32 while loading samples
W/MediaMetadataRetriever( 1246): MediaMetadataRetriever server died!
I/ServiceManager(  403): Waiting for service media.player...
I/ServiceManager( 1246): Waiting for service media.player...
I/ServiceManager(  403): Waiting for service media.audio_policy...
I/ServiceManager(  403): Waiting for service media.player...
I/ServiceManager( 1246): Waiting for service media.player...
I/ServiceManager(  403): Waiting for service media.audio_policy...
I/InputDispatcher(  403): Dropped event because the current application is not responding and the user has started interacting with a different application.
W/BackupManagerService(  403): dataChanged but no participant pkg='com.android.providers.settings' uid=10012
D/ZenLog  (  403): set_zen_mode: important_interruptions,setting
D/ZenLog  (  403): update_zen_mode: off -> important_interruptions
D/ZenLog  (  403): set_ringer_mode_internal: ZenModeHelper,i:normal->normal,e:normal->silent
D/ConditionProviders(  403): Subscribing to condition://android/countdown/1426418402967 with android.service.notification.ConditionProviderService$Provider@19a15ac5
D/ZenLog  (  403): subscribe: condition://android/countdown/1426418402967,ok
D/ZenLog  (  403): exit_condition: Condition[id=condition://android/countdown/1426418402967,summary=For one hour (until 11:20 AM),line1=For one hour,line2=Until 11:20 AM,icon=0,state=STATE_TRUE,flags=1],{android/com.android.server.notification.CountdownConditionProvider},binderCall
D/ZenLog  (  403): config: ZenModeConfig[allowCalls=false,allowMessages=false,allowFrom=anyone,allowEvents=true,sleepMode=null,sleepStart=22.0,sleepEnd=7.0,sleepNone=false,conditionComponents=null,conditionIds=null,exitCondition=Condition[id=condition://android/countdown/1426418402967,summary=For one hour (until 11:20 AM),line1=For one hour,line2=Until 11:20 AM,icon=0,state=STATE_TRUE,flags=1],exitConditionComponent=ComponentInfo{android/com.android.server.notification.CountdownConditionProvider}]
D/NotificationService(  403): handleSavePolicyFile
I/ServiceManager(  403): Waiting for service media.player...
I/ServiceManager( 1246): Waiting for service media.player...
I/mediaserver( 3818): ServiceManager: 0x414700c0
I/AudioFlinger( 3818): Using default 3000 mSec as standby time.
I/CameraService( 3818): CameraService started (pid=3818)
I/CameraService( 3818): Loaded "Espresso Camera Wrapper" camera module
V/CameraWrapper( 3818): camera_get_number_of_cameras
V/CameraWrapper( 3818): check_vendor_module
W/linker  ( 3818): libion.omap4.so has text relocations. This is wasting memory and prevents security hardening. Please fix.
W/linker  ( 3818): libmm_osal.so has text relocations. This is wasting memory and prevents security hardening. Please fix.
W/linker  ( 3818): libsecnativefeature.so has text relocations. This is wasting memory and prevents security hardening. Please fix.
W/linker  ( 3818): libdomx.so has text relocations. This is wasting memory and prevents security hardening. Please fix.
