--------- beginning of system
I/Vold    (  106): Vold 2.1 (the revenge) firing up
D/Vold    (  106): Volume sdcard1 state changing -1 (Initializing) -> 0 (No-Media)
D/Vold    (  106): Volume usbdisk0 state changing -1 (Initializing) -> 0 (No-Media)
D/Vold    (  106): Volume sdcard1 state changing 0 (No-Media) -> 2 (Pending)
D/Vold    (  106): Volume sdcard1 state changing 2 (Pending) -> 1 (Idle-Unmounted)
I/InstallerConnection(  403): connecting...
I/InstallerConnection(  403): disconnecting...
I/SystemServer(  403): Entered the Android system server!
I/SystemServiceManager(  403): Starting com.android.server.pm.Installer
I/Installer(  403): Waiting for installd to be ready.
I/InstallerConnection(  403): connecting...
I/SystemServiceManager(  403): Starting com.android.server.am.ActivityManagerService$Lifecycle
I/ActivityManager(  403): Memory class: 48
I/ServiceThread(  403): Enabled StrictMode logging for ActivityManager looper.
I/AppOps  (  403): No existing app ops /data/system/appops.xml; starting empty
I/IntentFirewall(  403): Read new rules (A:0 B:0 S:0)
I/ServiceThread(  403): Enabled StrictMode logging for android.ui looper.
I/ServiceThread(  403): Enabled StrictMode logging for android.display looper.
D/AppOps  (  403): AppOpsService published
I/SystemServiceManager(  403): Starting com.android.server.power.PowerManagerService
I/ServiceThread(  403): Enabled StrictMode logging for PowerManagerService looper.
I/SystemServiceManager(  403): Starting com.android.server.display.DisplayManagerService
I/SystemServiceManager(  403): Starting phase 100
I/DisplayManagerService(  403): Display device added: DisplayDeviceInfo{"Built-in Screen": uniqueId="local:0", 600 x 1024, 59.062 fps, supportedRefreshRates [59.062], density 160, 169.33333 x 168.89351 dpi, appVsyncOff 0, presDeadline 17931360, touch INTERNAL, rotation 0, type BUILT_IN, state UNKNOWN, FLAG_DEFAULT_DISPLAY, FLAG_ROTATES_WITH_CONTENT, FLAG_SECURE, FLAG_SUPPORTS_PROTECTED_BUFFERS}
I/SystemServer(  403): Package Manager
W/SELinuxMMAC(  403): Error opening /data/system/seapp_hash. Assuming first boot.
W/FileUtils(  403): Failed to chmod(/data/system/packages.list): android.system.ErrnoException: chmod failed: ENOENT (No such file or directory)
W/SystemConfig(  403): No directory /system/etc/sysconfig, skipping
D/SELinuxMMAC(  403): Using policy file /system/etc/security/mac_permissions.xml
I/PackageManager(  403): No settings file; creating initial state
W/PackageParser(  403): No actions in intent filter at /system/priv-app/Contacts/Contacts.apk Binary XML file line #356
W/PackageParser(  403): Unknown element under <intent-filter>: android at /system/priv-app/Telecom/Telecom.apk Binary XML file line #232
W/PackageParser(  403): No actions in intent filter at /system/app/Bluetooth/Bluetooth.apk Binary XML file line #209
W/PackageParser(  403): Unknown element under <application>: permission at /system/app/Gallery2/Gallery2.apk Binary XML file line #242
W/PackageParser(  403): Unknown element under <application>: permission at /system/app/Gallery2/Gallery2.apk Binary XML file line #245
W/PackageManager(  403): Package com.android.gallery3d desires unavailable shared library com.google.android.media.effects; ignoring!
W/PackageManager(  403): Package com.android.gallery3d desires unavailable shared library com.google.android.media.effects; ignoring!
I/PackageManager(  403): Adjusting ABI for : com.android.location.fused to armeabi-v7a
I/PackageManager(  403): Adjusting ABI for : com.cyanogenmod.settings.device to armeabi-v7a
I/PackageManager(  403): Adjusting ABI for : com.android.providers.settings to armeabi-v7a
I/PackageManager(  403): Adjusting ABI for : com.android.settings to armeabi-v7a
I/PackageManager(  403): Adjusting ABI for : com.android.inputdevices to armeabi-v7a
I/PackageManager(  403): Adjusting ABI for : com.android.keychain to armeabi-v7a
I/PackageManager(  403): Adjusting ABI for : com.android.server.telecom to armeabi-v7a
I/PackageManager(  403): Time to scan packages: 15.549 seconds
W/PackageManager(  403): Unknown permission com.google.android.googleapps.permission.GOOGLE_AUTH in package com.android.providers.calendar
W/PackageManager(  403): Unknown permission com.google.android.googleapps.permission.GOOGLE_AUTH.cl in package com.android.providers.calendar
W/PackageManager(  403): Not granting permission android.permission.GLOBAL_SEARCH to package com.android.quicksearchbox (protectionLevel=18 flags=0x8be45)
W/PackageManager(  403): Not granting permission android.permission.ACCESS_DOWNLOAD_MANAGER to package com.android.browser (protectionLevel=18 flags=0x9be45)
W/PackageManager(  403): Not granting permission android.permission.SEND_DOWNLOAD_COMPLETED_INTENTS to package com.android.browser (protectionLevel=2 flags=0x9be45)
W/PackageManager(  403): Not granting permission android.permission.BIND_WALLPAPER to package com.android.camera2 (protectionLevel=18 flags=0x58bc45)
W/PackageManager(  403): Unknown permission com.google.android.googleapps.permission.GOOGLE_AUTH.mail in package com.android.calendar
W/PackageManager(  403): Not granting permission android.permission.DELETE_PACKAGES to package com.svox.pico (protectionLevel=18 flags=0x8be45)
W/PackageManager(  403): Unknown permission com.google.android.gallery3d.permission.PICASA_STORE in package com.android.dreams.phototable
W/PackageManager(  403): Unknown permission com.google.android.googleapps.permission.GOOGLE_AUTH in package com.android.settings
W/PackageManager(  403): Not granting permission android.permission.DEVICE_POWER to package com.android.deskclock (protectionLevel=2 flags=0x48be45)
W/PackageManager(  403): Unknown permission com.google.android.gallery3d.permission.GALLERY_PROVIDER in package com.android.bluetooth
W/PackageManager(  403): Unknown permission android.permission.MMS_SEND_OUTBOX_MSG in package com.android.bluetooth
I/SystemServer(  403): User Service
I/SystemServiceManager(  403): Starting com.android.server.lights.LightsService
I/SystemServiceManager(  403): Starting com.android.server.BatteryService
I/BatteryStatsImpl(  403): Resetting battery stats: level=99 status=3 dischargeLevel=99 lowAmount=0 highAmount=0
I/SystemServiceManager(  403): Starting com.android.server.usage.UsageStatsService
I/UsageStatsDatabase(  403): Upgrading from version 0 to 2
I/UsageStatsDatabase(  403): Deleting all usage stats files
I/UsageStatsService(  403): User[0] Rollover scheduled @ 2015-03-16 00:00:00(1426464000000)
I/SystemServiceManager(  403): Starting com.android.server.webkit.WebViewUpdateService
I/SystemServer(  403): Reading configuration...
I/SystemServer(  403): Scheduling Policy
I/SystemServiceManager(  403): Starting com.android.server.telecom.TelecomLoaderService
I/SystemServer(  403): Telephony Registry
I/SystemServer(  403): Entropy Mixer
W/EntropyMixer(  403): No existing entropy file -- first boot?
I/EntropyMixer(  403): Writing entropy...
I/SystemServer(  403): Account Manager
I/SystemServer(  403): Content Manager
I/SystemServer(  403): System Content Providers
D/SettingsProvider(  403): Generated and saved new ANDROID_ID [a78c4e4acb135720] for user 0
I/SystemServer(  403): Vibrator Service
I/SystemServer(  403): Consumer IR Service
I/SystemServiceManager(  403): Starting com.android.server.AlarmManagerService
I/SystemServer(  403): Init Watchdog
I/SystemServer(  403): Input Manager
I/InputManager(  403): Initializing input manager, mUseDevInputEventForAudioJack=false
I/SystemServer(  403): Window Manager
I/WindowManager(  403): No existing display settings /data/system/display_settings.xml; starting empty
I/InputManager(  403): Starting input manager
I/SystemServer(  403): Bluetooth Manager Service
I/SystemServer(  403): Input Method Service
W/InputMethodManagerService(  403): No IME selected. Choose the most applicable IME.
I/InputMethodManagerService(  403): Default found, using com.android.inputmethod.latin/.LatinIME
I/SystemServer(  403): Accessibility Manager
I/ActivityManager(  403): Config changes=1df8 {1.0 ?mcc?mnc en_US ?layoutDir sw600dp w600dp h1024dp 160dpi lrg long port ?uimode ?night -touch -keyb/h/h -nav/h s.2}
I/ActivityManager(  403): Config changes=500 {1.0 ?mcc?mnc en_US ?layoutDir sw600dp w600dp h951dp 160dpi lrg port ?uimode ?night -touch -keyb/h/h -nav/h s.3}
I/SystemServer(  403): Mount Service
D/MountService(  403): got storage path: null description: Internal storage primary: false removable: false emulated: true mtpReserve: 100 allowMassStorage: false maxFileSize: 0
D/MountService(  403): addVolumeLocked() StorageVolume:
D/MountService(  403):     mStorageId=65537 mPath=/storage/emulated/0 mDescriptionId=17040805 
D/MountService(  403):     mPrimary=true mRemovable=false mEmulated=true mMtpReserveSpace=100 
D/MountService(  403):     mAllowMassStorage=false mMaxFileSize=0 mOwner=UserHandle{0} mUuid=null 
D/MountService(  403):     mUserLabel=null mState=null 
D/MountService(  403): got storage path: /storage/sdcard1 description: SD card primary: false removable: true emulated: false mtpReserve: 0 allowMassStorage: false maxFileSize: 0
D/MountService(  403): addVolumeLocked() StorageVolume:
D/MountService(  403):     mStorageId=0 mPath=/storage/sdcard1 mDescriptionId=17040806 mPrimary=false 
D/MountService(  403):     mRemovable=true mEmulated=false mMtpReserveSpace=0 mAllowMassStorage=false 
D/MountService(  403):     mMaxFileSize=0 mOwner=null mUuid=null mUserLabel=null mState=null 
D/MountService(  403): got storage path: /storage/usbdisk0 description: USB storage primary: false removable: true emulated: false mtpReserve: 0 allowMassStorage: false maxFileSize: 0
D/MountService(  403): addVolumeLocked() StorageVolume:
D/MountService(  403):     mStorageId=0 mPath=/storage/usbdisk0 mDescriptionId=17040807 
D/MountService(  403):     mPrimary=false mRemovable=true mEmulated=false mMtpReserveSpace=0 
D/MountService(  403):     mAllowMassStorage=false mMaxFileSize=0 mOwner=null mUuid=null 
D/MountService(  403):     mUserLabel=null mState=null 
W/PackageManager(  403): No disk maintenance in 1426414567588; running immediately
I/ActivityManager(  403): Config changes=8 {1.0 ?mcc?mnc en_US ?layoutDir sw600dp w600dp h951dp 160dpi lrg port ?uimode ?night finger -keyb/h/h -nav/h s.4}
W/MountService(  403): Duplicate state transition (unmounted -> unmounted) for /storage/sdcard1
D/MountService(  403): volume state changed for /storage/usbdisk0 (unmounted -> removed)
I/MountService(  403): Running fstrim idle maintenance
I/fstrim  (  106): Starting fstrim work...
I/fstrim  (  106): Invoking FITRIM ioctl on /efs
E/fstrim  (  106): FITRIM ioctl failed on /efs (error 95/Operation not supported on transport endpoint)
I/fstrim  (  106): Invoking FITRIM ioctl on /data
E/fstrim  (  106): FITRIM ioctl failed on /data (error 95/Operation not supported on transport endpoint)
I/fstrim  (  106): Invoking FITRIM ioctl on /cache
E/fstrim  (  106): FITRIM ioctl failed on /cache (error 95/Operation not supported on transport endpoint)
E/fstrim  (  106): Cannot stat mount point /external_sd
I/fstrim  (  106): Finished fstrim work.
W/PackageManager(  403): Unknown permission com.google.android.googleapps.permission.GOOGLE_AUTH in package com.android.providers.calendar
W/PackageManager(  403): Unknown permission com.google.android.googleapps.permission.GOOGLE_AUTH.cl in package com.android.providers.calendar
W/PackageManager(  403): Not granting permission android.permission.GLOBAL_SEARCH to package com.android.quicksearchbox (protectionLevel=18 flags=0x8be45)
W/PackageManager(  403): Not granting permission android.permission.ACCESS_DOWNLOAD_MANAGER to package com.android.browser (protectionLevel=18 flags=0x9be45)
W/PackageManager(  403): Not granting permission android.permission.SEND_DOWNLOAD_COMPLETED_INTENTS to package com.android.browser (protectionLevel=2 flags=0x9be45)
W/PackageManager(  403): Not granting permission android.permission.BIND_WALLPAPER to package com.android.camera2 (protectionLevel=18 flags=0x58bc45)
W/PackageManager(  403): Unknown permission com.google.android.googleapps.permission.GOOGLE_AUTH.mail in package com.android.calendar
W/PackageManager(  403): Not granting permission android.permission.DELETE_PACKAGES to package com.svox.pico (protectionLevel=18 flags=0x8be45)
W/PackageManager(  403): Unknown permission com.google.android.gallery3d.permission.PICASA_STORE in package com.android.dreams.phototable
W/PackageManager(  403): Unknown permission com.google.android.googleapps.permission.GOOGLE_AUTH in package com.android.settings
W/PackageManager(  403): Not granting permission android.permission.DEVICE_POWER to package com.android.deskclock (protectionLevel=2 flags=0x48be45)
W/PackageManager(  403): Unknown permission com.google.android.gallery3d.permission.GALLERY_PROVIDER in package com.android.bluetooth
W/PackageManager(  403): Unknown permission android.permission.MMS_SEND_OUTBOX_MSG in package com.android.bluetooth
I/SystemServer(  403): LockSettingsService
I/SystemServiceManager(  403): Starting com.android.server.devicepolicy.DevicePolicyManagerService$Lifecycle
I/SystemServer(  403): Status Bar
I/SystemServer(  403): Clipboard Service
I/SystemServer(  403): NetworkManagement Service
I/SystemServer(  403): Text Service Manager Service
I/SystemServer(  403): Network Score Service
I/SystemServer(  403): NetworkStats Service
I/SystemServer(  403): NetworkPolicy Service
I/SystemServiceManager(  403): Starting com.android.server.wifi.p2p.WifiP2pService
I/SystemServiceManager(  403): Starting com.android.server.wifi.WifiService
I/SystemServiceManager(  403): Starting com.android.server.wifi.WifiScanningService
I/SystemServiceManager(  403): Starting com.android.server.wifi.RttService
I/SystemServer(  403): Connectivity Service
D/ConnectivityService(  403): ConnectivityService starting up
D/ConnectivityService(  403): wifiOnly=false
E/ConnectivityService(  403): Ignoring protectedNetwork 10
E/ConnectivityService(  403): Ignoring protectedNetwork 11
E/ConnectivityService(  403): Ignoring protectedNetwork 12
E/ConnectivityService(  403): Ignoring protectedNetwork 14
E/ConnectivityService(  403): Ignoring protectedNetwork 15
I/SystemServer(  403): Network Service Discovery Service
D/NsdService(  403): Network service discovery enabled true
I/SystemServer(  403): UpdateLock Service
I/SystemServiceManager(  403): Starting com.android.server.notification.NotificationManagerService
D/ZenLog  (  403): set_zen_mode: off,setting
I/SystemServiceManager(  403): Starting com.android.server.storage.DeviceStorageMonitorService
I/SystemServer(  403): Location Manager
I/SystemServer(  403): Country Detector
I/SystemServer(  403): Search Service
I/SystemServer(  403): DropBox Service
I/SystemServer(  403): Wallpaper Service
W/WallpaperManagerService(  403): no current wallpaper -- first boot?
I/SystemServer(  403): Audio Service
I/SystemServiceManager(  403): Starting com.android.server.DockObserver
I/SystemServer(  403): Wired Accessory Manager
W/WiredAccessoryManager(  403): This kernel does not have HDMI audio support
I/SystemServiceManager(  403): Starting com.android.server.usb.UsbService$Lifecycle
I/SystemServer(  403): Serial Service
I/SystemServiceManager(  403): Starting com.android.server.twilight.TwilightService
I/SystemServiceManager(  403): Starting com.android.server.UiModeManagerService
I/SystemServiceManager(  403): Starting com.android.server.job.JobSchedulerService
I/SystemServiceManager(  403): Starting com.android.server.backup.BackupManagerService$Lifecycle
I/SystemServiceManager(  403): Starting com.android.server.appwidget.AppWidgetService
I/SystemServiceManager(  403): Starting com.android.server.voiceinteraction.VoiceInteractionManagerService
W/SoundTriggerHelper(  403): listModules status=0, # of modules=0
I/SystemServer(  403): DiskStats Service
I/SystemServer(  403): SamplingProfiler Service
I/SystemServer(  403): NetworkTimeUpdateService
I/SystemServer(  403): CommonTimeManagementService
I/SystemServer(  403): CertBlacklister
I/SystemServiceManager(  403): Starting com.android.server.dreams.DreamManagerService
I/SystemServer(  403): Assets Atlas Service
I/SystemServiceManager(  403): Starting com.android.server.print.PrintManagerService
I/SystemServiceManager(  403): Starting com.android.server.restrictions.RestrictionsManagerService
I/SystemServiceManager(  403): Starting com.android.server.media.MediaSessionService
I/SystemServer(  403): Media Router Service
I/SystemServiceManager(  403): Starting com.android.server.trust.TrustManagerService
I/SystemServiceManager(  403): Starting com.android.server.fingerprint.FingerprintService
I/SystemServer(  403): BackgroundDexOptService
I/SystemServiceManager(  403): Starting com.android.server.pm.LauncherAppsService
I/SystemServiceManager(  403): Starting com.android.server.media.projection.MediaProjectionManagerService
I/SystemServiceManager(  403): Starting com.android.server.MmsServiceBroker
I/LockSettingsService(  403): Migrated lock settings to new location
I/LockSettingsService(  403): Migrated per-user lock settings to new location
E/LockSettingsStorage(  403): Cannot read file java.io.FileNotFoundException: /data/system/password.key: open failed: ENOENT (No such file or directory)
E/LockSettingsStorage(  403): Cannot read file java.io.FileNotFoundException: /data/system/gesture.key: open failed: ENOENT (No such file or directory)
I/SystemServiceManager(  403): Starting phase 480
I/SystemServiceManager(  403): Starting phase 500
I/WifiService(  403): WifiService starting up with Wi-Fi disabled
D/WifiService(  403): New client listening to asynchronous messages
D/WifiScanningService(  403): New client, channel: null messenger: null
I/ActivityManager(  403): Config changes=200 {1.0 ?mcc?mnc en_US ?layoutDir sw600dp w600dp h951dp 160dpi lrg port finger -keyb/h/h -nav/h s.5}
V/BackupManagerService(  403): No ancestral data
D/BackupManagerService(  403): Now staging backup of com.android.browser
D/BackupManagerService(  403): Now staging backup of android
D/BackupManagerService(  403): Now staging backup of com.android.calendar
D/BackupManagerService(  403): Now staging backup of com.android.providers.settings
D/BackupManagerService(  403): Now staging backup of com.android.sharedstoragebackup
D/BackupManagerService(  403): Now staging backup of com.android.providers.userdictionary
V/BackupManagerService(  403): Starting with transport android/com.android.internal.backup.LocalTransport
V/BackupManagerService(  403): Found transports: 1
I/BackupManagerService(  403): Binding to transport host ComponentInfo{android/com.android.internal.backup.LocalTransportService}
I/ActivityManager(  403): Sending system update to ComponentInfo{com.android.providers.calendar/com.android.providers.calendar.CalendarUpgradeReceiver} for user 0
I/ActivityManager(  403): Sending system update to ComponentInfo{com.android.providers.contacts/com.android.providers.contacts.ContactsUpgradeReceiver} for user 0
I/ActivityManager(  403): Sending system update to ComponentInfo{com.android.managedprovisioning/com.android.managedprovisioning.PreBootListener} for user 0
I/ActivityManager(  403): Sending system update to ComponentInfo{com.android.providers.media/com.android.providers.media.MediaUpgradeReceiver} for user 0
I/ActivityManager(  403): Sending system update to ComponentInfo{com.android.settings/com.android.settings.ManagedProfileSetup} for user 0
I/SystemServer(  403): Enabled StrictMode for system server main thread.
I/DisplayManagerService(  403): Display device changed: DisplayDeviceInfo{"Built-in Screen": uniqueId="local:0", 600 x 1024, 59.062 fps, supportedRefreshRates [59.062], density 160, 169.33333 x 168.89351 dpi, appVsyncOff 0, presDeadline 17931360, touch INTERNAL, rotation 0, type BUILT_IN, state ON, FLAG_DEFAULT_DISPLAY, FLAG_ROTATES_WITH_CONTENT, FLAG_SECURE, FLAG_SUPPORTS_PROTECTED_BUFFERS}
I/ActivityManager(  403): Start proc 762:com.android.providers.calendar/u0a1 for broadcast com.android.providers.calendar/.CalendarUpgradeReceiver
V/ActivityManager(  403): Display changed displayId=0
V/ActivityManager(  403): Display changed displayId=0
V/ActivityManager(  403): Display changed displayId=0
V/ActivityManager(  403): Display changed displayId=0
I/ActivityManager(  403): Launching preboot mode app: ProcessRecord{27de0b45 762:com.android.providers.calendar/u0a1}
V/BackupManagerService(  403): Connected to transport ComponentInfo{android/com.android.internal.backup.LocalTransportService}
V/BackupManagerService(  403): Registering transport android/com.android.internal.backup.LocalTransportService::android/com.android.internal.backup.LocalTransport = android.app.backup.BackupTransport$TransportImpl@1d58029a
W/ResourcesManager(  762): Asset path '/system/framework/android.test.runner.jar' does not exist or contains no resources.
I/ActivityManager(  403): Start proc 789:android.process.acore/u0a2 for broadcast com.android.providers.contacts/.ContactsUpgradeReceiver
I/ActivityManager(  403): Launching preboot mode app: ProcessRecord{2c6037cb 789:android.process.acore/u0a2}
I/EntropyMixer(  403): Writing entropy...
I/ActivityManager(  403): Start proc 820:com.android.managedprovisioning/u0a7 for broadcast com.android.managedprovisioning/.PreBootListener
I/ActivityManager(  403): Launching preboot mode app: ProcessRecord{27f9cba8 820:com.android.managedprovisioning/u0a7}
I/ActivityManager(  403): Start proc 836:android.process.media/u0a4 for broadcast com.android.providers.media/.MediaUpgradeReceiver
I/ActivityManager(  403): Launching preboot mode app: ProcessRecord{d5916c1 836:android.process.media/u0a4}
I/ActivityManager(  403): Start proc 853:com.android.settings/1000 for broadcast com.android.settings/.ManagedProfileSetup
I/ActivityManager(  403): Launching preboot mode app: ProcessRecord{2e23ae66 853:com.android.settings/1000}
I/ActivityManager(  403): Removing system update proc: ProcessRecord{27de0b45 762:com.android.providers.calendar/u0a1}
I/ActivityManager(  403): Killing 762:com.android.providers.calendar/u0a1 (adj 15): system update done
I/ActivityManager(  403): Removing system update proc: ProcessRecord{2c6037cb 789:android.process.acore/u0a2}
I/ActivityManager(  403): Killing 789:android.process.acore/u0a2 (adj 15): system update done
I/ActivityManager(  403): Removing system update proc: ProcessRecord{27f9cba8 820:com.android.managedprovisioning/u0a7}
I/ActivityManager(  403): Killing 820:com.android.managedprovisioning/u0a7 (adj 13): system update done
I/ActivityManager(  403): Removing system update proc: ProcessRecord{d5916c1 836:android.process.media/u0a4}
I/ActivityManager(  403): Killing 836:android.process.media/u0a4 (adj 11): system update done
I/ActivityManager(  403): Removing system update proc: ProcessRecord{2e23ae66 853:com.android.settings/1000}
I/ActivityManager(  403): Killing 853:com.android.settings/1000 (adj 9): system update done
I/ActivityManager(  403): System now ready
W/ActivityManager(  403): Spurious death for ProcessRecord{2c6037cb 789:android.process.acore/u0a2}, curProc for 789: null
W/ActivityManager(  403): Spurious death for ProcessRecord{27f9cba8 820:com.android.managedprovisioning/u0a7}, curProc for 820: null
W/ActivityManager(  403): Spurious death for ProcessRecord{27de0b45 762:com.android.providers.calendar/u0a1}, curProc for 762: null
W/ActivityManager(  403): Spurious death for ProcessRecord{2e23ae66 853:com.android.settings/1000}, curProc for 853: null
W/ActivityManager(  403): Spurious death for ProcessRecord{d5916c1 836:android.process.media/u0a4}, curProc for 836: null
I/SystemServer(  403): Making services ready
I/SystemServiceManager(  403): Starting phase 550
I/Telecom (  403): TelecomGlobals: TelecomGlobals initializing
I/SystemServer(  403): WebViewFactory preparation
I/ActivityManager(  403): Start proc 875:android.process.acore/u0a2 for content provider com.android.providers.contacts/.CallLogProvider
I/ActivityManager(  403): Start proc 881:WebViewLoader-armeabi-v7a/1037 [android.webkit.WebViewFactory$RelroFileCreator] for 
I/ActivityManager(  403): Start proc 907:com.android.systemui/u0a12 for service com.android.systemui/.SystemUIService
I/Vold    (  106): /dev/block/vold/179:25 being considered for volume sdcard1
D/Vold    (  106): Volume sdcard1 state changing 1 (Idle-Unmounted) -> 3 (Checking)
I/Telecom (  403): TelecomGlobals: CallsManager initialized
W/ContextImpl(  403): Calling a method in the system process without a qualified user: android.app.ContextImpl.startService:1692 android.content.ContextWrapper.startService:516 com.android.server.telecom.BluetoothPhoneService.start:440 com.android.server.telecom.TelecomGlobals.initialize:93 com.android.server.telecom.TelecomService.onCreate:164 
D/MountService(  403): volume state changed for /storage/sdcard1 (unmounted -> checking)
D/MountService(  403): sendStorageIntent Intent { act=android.intent.action.MEDIA_CHECKING dat=file:///storage/sdcard1 flg=0x4000000 (has extras) } to UserHandle{-1}
I/ValidateNoPeople(  403): skipping global notification
I/ValidateNoPeople(  403): skipping global notification
D/NetworkManagementService(  403): enabling bandwidth control
V/FingerprintService(  403): startListening(android.service.fingerprint.IFingerprintServiceReceiver$Stub$Proxy@8c33efe)
--------- beginning of crash
F/libc    (  113): Fatal signal 11 (SIGSEGV), code 1, fault addr 0x0 in tid 948 (NPDecoder)
W/NativeCrashListener(  403): Couldn't find ProcessRecord for pid 113
I/DEBUG   (  111): *** *** *** *** *** *** *** *** *** *** *** *** *** *** *** ***
I/DEBUG   (  111): Build fingerprint: 'samsung/aosp_p3110/p3110:5.1/LMY47D/android-andi03150145:userdebug/test-keys'
I/DEBUG   (  111): Revision: '10'
I/DEBUG   (  111): ABI: 'arm'
I/DEBUG   (  111): pid: 113, tid: 948, name: NPDecoder  >>> /system/bin/mediaserver <<<
I/DEBUG   (  111): signal 11 (SIGSEGV), code 1 (SEGV_MAPERR), fault addr 0x0
I/DEBUG   (  111):     r0 42772bc8  r1 40a407c8  r2 00000001  r3 00000000
I/DEBUG   (  111):     r4 414936c0  r5 42772bdc  r6 42772bd0  r7 00000001
I/DEBUG   (  111):     r8 42772c1c  r9 40a3d400  sl 42772bc8  fp 00000000
I/DEBUG   (  111):     ip 40a3db6c  sp 42772bb8  lr 409b0f5f  pc 409ad0b2  cpsr 600d0030
I/DEBUG   (  111): 
I/DEBUG   (  111): backtrace:
I/DEBUG   (  111):     #00 pc 000820b2  /system/lib/libstagefright.so (android::MediaCodec::init(android::AString const&, bool, bool)+233)
I/DEBUG   (  111):     #01 pc 00082319  /system/lib/libstagefright.so (android::MediaCodec::CreateByType(android::sp<android::ALooper> const&, char const*, bool, int*)+66)
I/DEBUG   (  111):     #02 pc 0004d93d  /system/lib/libmediaplayerservice.so (android::NuPlayer::Decoder::onConfigure(android::sp<android::AMessage> const&)+256)
I/DEBUG   (  111):     #03 pc 0004f039  /system/lib/libmediaplayerservice.so (android::NuPlayer::DecoderBase::onMessageReceived(android::sp<android::AMessage> const&)+116)
I/DEBUG   (  111):     #04 pc 0004ec43  /system/lib/libmediaplayerservice.so (android::NuPlayer::Decoder::onMessageReceived(android::sp<android::AMessage> const&)+158)
I/DEBUG   (  111):     #05 pc 0000c533  /system/lib/libstagefright_foundation.so (android::ALooperRoster::deliverMessage(android::sp<android::AMessage> const&)+166)
I/DEBUG   (  111):     #06 pc 0000beb5  /system/lib/libstagefright_foundation.so (android::ALooper::loop()+220)
I/DEBUG   (  111):     #07 pc 000105ad  /system/lib/libutils.so (android::Thread::_threadLoop(void*)+112)
I/DEBUG   (  111):     #08 pc 0001011d  /system/lib/libutils.so
I/DEBUG   (  111):     #09 pc 00016ea3  /system/lib/libc.so (__pthread_start(void*)+30)
I/DEBUG   (  111):     #10 pc 00014deb  /system/lib/libc.so (__start_thread+6)
E/NetdConnector(  403): NDC Command {1 bandwidth enable} took too long (1188ms)
I/StatusBarManagerService(  403): registerStatusBar bar=com.android.internal.statusbar.IStatusBar$Stub$Proxy@145e0cba
I/SystemServiceManager(  403): Starting phase 600
D/ZenLog  (  403): downtime: Autotrigger skipped: not in downtime
I/BackupManagerService(  403): Backup enabled => false
I/BackupManagerService(  403): Opting out of backup
E/InputMethodManagerService(  403): Ignoring setImeWindowStatus due to an invalid token. uid:1000 token:null
W/InputMethodManagerService(  403): Reset the default IME as "Resource" is ready here.
I/InputMethodManagerService(  403): Selected default: com.android.inputmethod.latin/.LatinIME
I/ActivityManager(  403): Start proc 1048:com.android.inputmethod.latin/u0a30 for service com.android.inputmethod.latin/.LatinIME
V/InputMethodManagerService(  403): Adding window token: android.os.Binder@3eb29a8a
I/ActivityManager(  403): Config changes=20 {1.0 ?mcc?mnc en_US ?layoutDir sw600dp w600dp h951dp 160dpi lrg port finger -keyb/v/h -nav/h s.6}
W/InputMethodManagerService(  403): Illegal subtype state: old subtype = null, new subtype = android.view.inputmethod.InputMethodSubtype@c9194f98
I/Vold    (  106): Filesystem check completed OK
D/WifiService(  403): New client listening to asynchronous messages
D/ConnectivityService(  403): listenForNetwork for NetworkRequest [ id=2, legacyType=-1, [] ]
F/libc    ( 1037): Fatal signal 11 (SIGSEGV), code 1, fault addr 0x0 in tid 1092 (NPDecoder)
I/ActivityManager(  403): Start proc 1150:com.android.exchange/u0a25 for content provider com.android.exchange/.provider.ExchangeDirectoryProvider
I/DEBUG   (  111): *** *** *** *** *** *** *** *** *** *** *** *** *** *** *** ***
I/DEBUG   (  111): Build fingerprint: 'samsung/aosp_p3110/p3110:5.1/LMY47D/android-andi03150145:userdebug/test-keys'
I/DEBUG   (  111): Revision: '10'
I/DEBUG   (  111): ABI: 'arm'
W/NativeCrashListener(  403): Couldn't find ProcessRecord for pid 1037
I/DEBUG   (  111): pid: 1037, tid: 1092, name: NPDecoder  >>> /system/bin/mediaserver <<<
I/DEBUG   (  111): signal 11 (SIGSEGV), code 1 (SEGV_MAPERR), fault addr 0x0
I/DEBUG   (  111):     r0 4296ebc8  r1 40a237c8  r2 00000001  r3 00000000
I/DEBUG   (  111):     r4 414939c0  r5 4296ebdc  r6 4296ebd0  r7 00000001
I/DEBUG   (  111):     r8 4296ec1c  r9 40a20400  sl 4296ebc8  fp 00000000
I/DEBUG   (  111):     ip 40a20b6c  sp 4296ebb8  lr 40993f5f  pc 409900b2  cpsr 600d0030
I/DEBUG   (  111): 
I/DEBUG   (  111): backtrace:
I/DEBUG   (  111):     #00 pc 000820b2  /system/lib/libstagefright.so (android::MediaCodec::init(android::AString const&, bool, bool)+233)
I/DEBUG   (  111):     #01 pc 00082319  /system/lib/libstagefright.so (android::MediaCodec::CreateByType(android::sp<android::ALooper> const&, char const*, bool, int*)+66)
I/DEBUG   (  111):     #02 pc 0004d93d  /system/lib/libmediaplayerservice.so (android::NuPlayer::Decoder::onConfigure(android::sp<android::AMessage> const&)+256)
I/DEBUG   (  111):     #03 pc 0004f039  /system/lib/libmediaplayerservice.so (android::NuPlayer::DecoderBase::onMessageReceived(android::sp<android::AMessage> const&)+116)
I/DEBUG   (  111):     #04 pc 0004ec43  /system/lib/libmediaplayerservice.so (android::NuPlayer::Decoder::onMessageReceived(android::sp<android::AMessage> const&)+158)
I/DEBUG   (  111):     #05 pc 0000c533  /system/lib/libstagefright_foundation.so (android::ALooperRoster::deliverMessage(android::sp<android::AMessage> const&)+166)
I/DEBUG   (  111):     #06 pc 0000beb5  /system/lib/libstagefright_foundation.so (android::ALooper::loop()+220)
I/DEBUG   (  111):     #07 pc 000105ad  /system/lib/libutils.so (android::Thread::_threadLoop(void*)+112)
I/DEBUG   (  111):     #08 pc 0001011d  /system/lib/libutils.so
I/DEBUG   (  111):     #09 pc 00016ea3  /system/lib/libc.so (__pthread_start(void*)+30)
I/DEBUG   (  111):     #10 pc 00014deb  /system/lib/libc.so (__start_thread+6)
W/BackupManagerService(  403): dataChanged but no participant pkg='com.android.providers.settings' uid=10012
I/ActivityManager(  403): Start proc 1168:com.android.email/u0a24 for content provider com.android.email/.provider.EmailProvider
D/Vold    (  106): Volume sdcard1 state changing 3 (Checking) -> 4 (Mounted)
D/MountService(  403): volume state changed for /storage/sdcard1 (checking -> mounted)
E/VoldConnector(  403): NDC Command {6 volume mount /storage/sdcard1} took too long (3254ms)
W/MountService(  403): Duplicate state transition (mounted -> mounted) for /storage/emulated/0
D/MountService(  403): sendStorageIntent Intent { act=android.intent.action.MEDIA_MOUNTED dat=file:///storage/sdcard1 flg=0x4000000 (has extras) } to UserHandle{-1}
D/WifiService(  403): New client listening to asynchronous messages
D/ActivityThread( 1168): Loading provider com.android.email.provider;com.android.email.notifier: com.android.email.provider.EmailProvider
D/ActivityThread( 1168): Loading provider com.android.email.provider;com.android.email.notifier: com.android.email.provider.EmailProvider
D/ActivityThread( 1168): Loading provider com.android.email.provider;com.android.email.notifier: com.android.email.provider.EmailProvider
W/WindowManager(  403): Window freeze timeout expired.
W/WindowManager(  403): Force clearing orientation change: Window{f35b8bf u0 KeyguardScrim}
W/LocationManagerService(  403): no network location provider found
E/LocationManagerService(  403): no geocoder provider found
E/LocationManagerService(  403): FLP HAL not supported
E/LocationManagerService(  403): Unable to bind FLP Geofence proxy.
E/LocationManagerService(  403): Hardware Activity-Recognition not supported.
V/ActivityManager(  403): Display changed displayId=0
I/ValidateNoPeople(  403): mEvictionCount: 0
I/MmsServiceBroker(  403): Delay connecting to MmsService until an API is called
W/VoiceInteractionManagerService(  403): no available voice interaction services found for user 0
W/VoiceInteractionManagerService(  403): no available voice recognition services found for user 0
W/ResourcesManager(  403): Asset path '/system/framework/com.android.location.provider.jar' does not exist or contains no resources.
I/ActivityManager(  403): Start proc 1209:com.android.phone/1001 for added application com.android.phone
I/ActivityManager(  403): START u0 {act=android.intent.action.MAIN cat=[android.intent.category.HOME] flg=0x10000000 cmp=com.android.settings/.CryptKeeper} from uid 0 on display 0
V/WindowManager(  403): addAppToken: AppWindowToken{293ba1da token=Token{211b9f85 ActivityRecord{14e9acfc u0 com.android.settings/.CryptKeeper t1}}} to stack=0 task=1 at 0
I/ActivityManager(  403): Start proc 1226:com.android.settings/1000 for activity com.android.settings/.CryptKeeper
W/ActivityManager(  403): Unable to start service Intent { act=com.android.mail.action.BACKUP_DATA_CHANGED pkg=com.android.email } U=0: not found
W/ActivityManager(  403): Unable to start service Intent { cmp=com.android.email/.service.AttachmentService } U=0: not found
I/ActivityManager(  403): Start proc 1246:android.process.media/u0a4 for broadcast com.android.providers.media/.MtpReceiver
W/ActivityManager(  403): Unable to start service Intent { act=com.android.mail.action.BACKUP_DATA_CHANGED pkg=com.android.email } U=0: not found
V/WiredAccessoryManager(  403): init()
W/ActivityManager(  403): Unable to start service Intent { act=com.android.mail.action.BACKUP_DATA_CHANGED pkg=com.android.email } U=0: not found
W/AppWidgetServiceImpl(  403): Failed to read state: java.io.FileNotFoundException: /data/system/users/0/appwidgets.xml: open failed: ENOENT (No such file or directory)
V/AppWidgetServiceImpl(  403): Upgrading widget database from 0 to 1
W/ActivityManager(  403): Unable to start service Intent { act=com.android.mail.action.BACKUP_DATA_CHANGED pkg=com.android.email } U=0: not found
I/ActivityManager(  403): START u0 {act=android.intent.action.MAIN cat=[android.intent.category.HOME] flg=0x10000000 cmp=com.android.provision/.DefaultActivity} from uid 0 on display 0
V/WindowManager(  403): addAppToken: AppWindowToken{1167ca30 token=Token{1db47b73 ActivityRecord{219ebe2 u0 com.android.provision/.DefaultActivity t2}}} to stack=0 task=2 at 0
I/ActivityManager(  403): Start proc 1283:com.android.provision/u0a42 for activity com.android.provision/.DefaultActivity
W/ActivityManager(  403): Unable to start service Intent { act=com.android.mail.action.BACKUP_DATA_CHANGED pkg=com.android.email } U=0: not found
W/ActivityManager(  403): Unable to start service Intent { act=com.android.mail.action.BACKUP_DATA_CHANGED pkg=com.android.email } U=0: not found
W/ActivityManager(  403): Unable to start service Intent { act=com.android.mail.action.BACKUP_DATA_CHANGED pkg=com.android.email } U=0: not found
W/BackupManagerService(  403): dataChanged but no participant pkg='com.android.providers.settings' uid=10042
W/BackupManagerService(  403): dataChanged but no participant pkg='com.android.providers.settings' uid=10042
W/ActivityManager(  403): Unable to start service Intent { cmp=com.android.email/.service.AttachmentService } U=0: not found
I/ActivityManager(  403): START u0 {act=android.intent.action.MAIN cat=[android.intent.category.HOME] flg=0x10000000 cmp=com.android.launcher/com.android.launcher2.Launcher} from uid 0 on display 0
V/WindowManager(  403): addAppToken: AppWindowToken{3c0377f4 token=Token{2046f5c7 ActivityRecord{3ae34b06 u0 com.android.launcher/com.android.launcher2.Launcher t3}}} to stack=0 task=3 at 0
I/ActivityManager(  403): Start proc 1315:com.android.launcher/u0a6 for activity com.android.launcher/com.android.launcher2.Launcher
W/ActivityManager(  403): Unable to start service Intent { cmp=com.android.email/.service.AttachmentService } U=0: not found
W/ActivityManager(  403): Unable to start service Intent { cmp=com.android.email/.service.AttachmentService } U=0: not found
I/ActivityManager(  403): Start proc 1347:com.android.externalstorage/u0a5 for broadcast com.android.externalstorage/.MountReceiver
V/WindowManager(  403): Based on layer: Adding window Window{290f4aa2 u0 com.android.launcher/com.android.launcher2.Launcher} at 1 of 6
I/ActivityManager(  403): Start proc 1373:com.android.printspooler/u0a41 for service com.android.printspooler/.model.PrintSpoolerService
W/KeyguardServiceDelegate(  403): onScreenTurnedOn(): no keyguard service!
D/VoldCmdListener(  106): cryptfs getpw
D/VoldCmdListener(  106): cryptfs clearpw
I/ActivityManager(  403): Start proc 1425:com.android.deskclock/u0a22 for broadcast com.android.deskclock/com.android.alarmclock.AnalogAppWidgetProvider
F/libc    ( 1366): Fatal signal 11 (SIGSEGV), code 1, fault addr 0x0 in tid 1410 (NPDecoder)
I/ActivityManager(  403): Start proc 1484:com.android.music/u0a33 for broadcast com.android.music/.MediaButtonIntentReceiver
E/ActivityManager(  403): Unable to mark boot complete for abi: armeabi-v7a
I/SystemServiceManager(  403): Starting phase 1000
I/ActivityManager(  403): Start proc 1510:com.android.bluetooth/1002 for service com.android.bluetooth/.btservice.AdapterService
I/ActivityManager(  403): Start proc 1525:com.android.keychain/1000 for service com.android.keychain/.KeyChainService
W/ResourcesManager( 1510): Asset path '/system/framework/javax.obex.jar' does not exist or contains no resources.
I/BootReceiver(  403): Copying /proc/last_kmsg to DropBox (SYSTEM_LAST_KMSG)
I/BootReceiver(  403): Copying audit failures to DropBox
I/BootReceiver(  403): Copied 0 worth of audits to DropBox
I/BootReceiver(  403): Checking for fsck errors
I/BootReceiver(  403): Copying /data/tombstones/tombstone_00 to DropBox (SYSTEM_TOMBSTONE)
I/BootReceiver(  403): Copying /data/tombstones/tombstone_01 to DropBox (SYSTEM_TOMBSTONE)
I/ActivityManager(  403): Process com.android.bluetooth (pid 1510) has died
D/BackupManagerService(  403): Received broadcast Intent { act=android.intent.action.PACKAGE_CHANGED dat=package:com.android.provision flg=0x4000010 (has extras) }
D/BackupManagerService(  403): Received broadcast Intent { act=android.intent.action.PACKAGE_CHANGED dat=package:com.android.settings flg=0x4000010 (has extras) }
D/BackupManagerService(  403): Received broadcast Intent { act=android.intent.action.PACKAGE_CHANGED dat=package:com.android.email flg=0x4000010 (has extras) }
I/PowerManagerService(  403): Going to sleep due to power button (uid 1000)...
I/PowerManagerService(  403): Sleeping (uid 1000)...
I/DisplayManagerService(  403): Display device changed: DisplayDeviceInfo{"Built-in Screen": uniqueId="local:0", 600 x 1024, 59.062 fps, supportedRefreshRates [59.062], density 160, 169.33333 x 168.89351 dpi, appVsyncOff 0, presDeadline 17931360, touch INTERNAL, rotation 0, type BUILT_IN, state OFF, FLAG_DEFAULT_DISPLAY, FLAG_ROTATES_WITH_CONTENT, FLAG_SECURE, FLAG_SUPPORTS_PROTECTED_BUFFERS}
V/ActivityManager(  403): Display changed displayId=0
I/PowerManagerService(  403): Waking up from sleep (uid 1000)...
I/DisplayPowerController(  403): Blocking screen on until initial contents have been drawn.
I/DisplayManagerService(  403): Display device changed: DisplayDeviceInfo{"Built-in Screen": uniqueId="local:0", 600 x 1024, 59.062 fps, supportedRefreshRates [59.062], density 160, 169.33333 x 168.89351 dpi, appVsyncOff 0, presDeadline 17931360, touch INTERNAL, rotation 0, type BUILT_IN, state ON, FLAG_DEFAULT_DISPLAY, FLAG_ROTATES_WITH_CONTENT, FLAG_SECURE, FLAG_SUPPORTS_PROTECTED_BUFFERS}
V/ActivityManager(  403): Display changed displayId=0
I/DisplayPowerController(  403): Unblocked screen on after 390 ms
W/WindowManager(  403): performLayoutAndPlaceSurfacesLocked called while in layout. Callers=com.android.server.wm.WindowManagerService.performLayoutAndPlaceSurfacesLocked:8739 com.android.server.wm.WindowManagerService.reevaluateStatusBarVisibility:10833 com.android.internal.policy.impl.PhoneWindowManager.clearClearableFlagsLw:6127 
I/ActivityManager(  403): Waited long enough for: ServiceRecord{23b6eee u0 com.android.providers.media/.MediaScannerService}
F/libc    ( 1572): Fatal signal 11 (SIGSEGV), code 1, fault addr 0x0 in tid 1609 (NPDecoder)
I/DEBUG   (  111): *** *** *** *** *** *** *** *** *** *** *** *** *** *** *** ***
I/DEBUG   (  111): Build fingerprint: 'samsung/aosp_p3110/p3110:5.1/LMY47D/android-andi03150145:userdebug/test-keys'
I/DEBUG   (  111): Revision: '10'
I/DEBUG   (  111): ABI: 'arm'
I/DEBUG   (  111): pid: 1572, tid: 1609, name: NPDecoder  >>> /system/bin/mediaserver <<<
I/DEBUG   (  111): signal 11 (SIGSEGV), code 1 (SEGV_MAPERR), fault addr 0x0
W/NativeCrashListener(  403): Couldn't find ProcessRecord for pid 1572
I/DEBUG   (  111):     r0 43bd6bc8  r1 40a2a7c8  r2 00000001  r3 00000000
I/DEBUG   (  111):     r4 41493840  r5 43bd6bdc  r6 43bd6bd0  r7 00000001
I/DEBUG   (  111):     r8 43bd6c1c  r9 40a27400  sl 43bd6bc8  fp 00000000
I/DEBUG   (  111):     ip 40a27b6c  sp 43bd6bb8  lr 4099af5f  pc 409970b2  cpsr 600d0030
I/DEBUG   (  111): 
I/DEBUG   (  111): backtrace:
I/DEBUG   (  111):     #00 pc 000820b2  /system/lib/libstagefright.so (android::MediaCodec::init(android::AString const&, bool, bool)+233)
I/DEBUG   (  111):     #01 pc 00082319  /system/lib/libstagefright.so (android::MediaCodec::CreateByType(android::sp<android::ALooper> const&, char const*, bool, int*)+66)
I/DEBUG   (  111):     #02 pc 0004d93d  /system/lib/libmediaplayerservice.so (android::NuPlayer::Decoder::onConfigure(android::sp<android::AMessage> const&)+256)
I/DEBUG   (  111):     #03 pc 0004f039  /system/lib/libmediaplayerservice.so (android::NuPlayer::DecoderBase::onMessageReceived(android::sp<android::AMessage> const&)+116)
I/DEBUG   (  111):     #04 pc 0004ec43  /system/lib/libmediaplayerservice.so (android::NuPlayer::Decoder::onMessageReceived(android::sp<android::AMessage> const&)+158)
I/DEBUG   (  111):     #05 pc 0000c533  /system/lib/libstagefright_foundation.so (android::ALooperRoster::deliverMessage(android::sp<android::AMessage> const&)+166)
I/DEBUG   (  111):     #06 pc 0000beb5  /system/lib/libstagefright_foundation.so (android::ALooper::loop()+220)
I/DEBUG   (  111):     #07 pc 000105ad  /system/lib/libutils.so (android::Thread::_threadLoop(void*)+112)
I/DEBUG   (  111):     #08 pc 0001011d  /system/lib/libutils.so
I/DEBUG   (  111):     #09 pc 00016ea3  /system/lib/libc.so (__pthread_start(void*)+30)
I/DEBUG   (  111):     #10 pc 00014deb  /system/lib/libc.so (__start_thread+6)
I/BootReceiver(  403): Copying /data/tombstones/tombstone_02 to DropBox (SYSTEM_TOMBSTONE)
I/ActivityManager(  403): Waited long enough for: ServiceRecord{1b070668 u0 com.android.music/.MediaPlaybackService}
F/libc    ( 1667): Fatal signal 11 (SIGSEGV), code 1, fault addr 0x0 in tid 1684 (NPDecoder)
I/DEBUG   (  111): *** *** *** *** *** *** *** *** *** *** *** *** *** *** *** ***
I/DEBUG   (  111): Build fingerprint: 'samsung/aosp_p3110/p3110:5.1/LMY47D/android-andi03150145:userdebug/test-keys'
I/DEBUG   (  111): Revision: '10'
I/DEBUG   (  111): ABI: 'arm'
W/NativeCrashListener(  403): Couldn't find ProcessRecord for pid 1667
I/DEBUG   (  111): pid: 1667, tid: 1684, name: NPDecoder  >>> /system/bin/mediaserver <<<
I/DEBUG   (  111): signal 11 (SIGSEGV), code 1 (SEGV_MAPERR), fault addr 0x0
I/DEBUG   (  111):     r0 43c4cbc8  r1 40a287c8  r2 00000001  r3 00000000
I/DEBUG   (  111):     r4 420269c0  r5 43c4cbdc  r6 43c4cbd0  r7 00000001
I/DEBUG   (  111):     r8 43c4cc1c  r9 40a25400  sl 43c4cbc8  fp 00000000
I/DEBUG   (  111):     ip 40a25b6c  sp 43c4cbb8  lr 40998f5f  pc 409950b2  cpsr 600d0030
I/DEBUG   (  111): 
I/DEBUG   (  111): backtrace:
I/DEBUG   (  111):     #00 pc 000820b2  /system/lib/libstagefright.so (android::MediaCodec::init(android::AString const&, bool, bool)+233)
I/DEBUG   (  111):     #01 pc 00082319  /system/lib/libstagefright.so (android::MediaCodec::CreateByType(android::sp<android::ALooper> const&, char const*, bool, int*)+66)
I/DEBUG   (  111):     #02 pc 0004d93d  /system/lib/libmediaplayerservice.so (android::NuPlayer::Decoder::onConfigure(android::sp<android::AMessage> const&)+256)
I/DEBUG   (  111):     #03 pc 0004f039  /system/lib/libmediaplayerservice.so (android::NuPlayer::DecoderBase::onMessageReceived(android::sp<android::AMessage> const&)+116)
I/DEBUG   (  111):     #04 pc 0004ec43  /system/lib/libmediaplayerservice.so (android::NuPlayer::Decoder::onMessageReceived(android::sp<android::AMessage> const&)+158)
I/DEBUG   (  111):     #05 pc 0000c533  /system/lib/libstagefright_foundation.so (android::ALooperRoster::deliverMessage(android::sp<android::AMessage> const&)+166)
I/DEBUG   (  111):     #06 pc 0000beb5  /system/lib/libstagefright_foundation.so (android::ALooper::loop()+220)
I/DEBUG   (  111):     #07 pc 000105ad  /system/lib/libutils.so (android::Thread::_threadLoop(void*)+112)
I/DEBUG   (  111):     #08 pc 0001011d  /system/lib/libutils.so
I/DEBUG   (  111):     #09 pc 00016ea3  /system/lib/libc.so (__pthread_start(void*)+30)
I/DEBUG   (  111):     #10 pc 00014deb  /system/lib/libc.so (__start_thread+6)
I/BootReceiver(  403): Copying /data/tombstones/tombstone_03 to DropBox (SYSTEM_TOMBSTONE)
F/libc    ( 1742): Fatal signal 11 (SIGSEGV), code 1, fault addr 0x0 in tid 1753 (NPDecoder)
I/DEBUG   (  111): *** *** *** *** *** *** *** *** *** *** *** *** *** *** *** ***
I/DEBUG   (  111): Build fingerprint: 'samsung/aosp_p3110/p3110:5.1/LMY47D/android-andi03150145:userdebug/test-keys'
I/DEBUG   (  111): Revision: '10'
I/DEBUG   (  111): ABI: 'arm'
I/DEBUG   (  111): pid: 1742, tid: 1753, name: NPDecoder  >>> /system/bin/mediaserver <<<
I/DEBUG   (  111): signal 11 (SIGSEGV), code 1 (SEGV_MAPERR), fault addr 0x0
W/NativeCrashListener(  403): Couldn't find ProcessRecord for pid 1742
I/DEBUG   (  111):     r0 42870bc8  r1 40a167c8  r2 00000001  r3 00000000
I/DEBUG   (  111):     r4 420266c0  r5 42870bdc  r6 42870bd0  r7 00000001
I/DEBUG   (  111):     r8 42870c1c  r9 40a13400  sl 42870bc8  fp 00000000
I/DEBUG   (  111):     ip 40a13b6c  sp 42870bb8  lr 40986f5f  pc 409830b2  cpsr 600d0030
I/DEBUG   (  111): 
I/DEBUG   (  111): backtrace:
I/DEBUG   (  111):     #00 pc 000820b2  /system/lib/libstagefright.so (android::MediaCodec::init(android::AString const&, bool, bool)+233)
I/DEBUG   (  111):     #01 pc 00082319  /system/lib/libstagefright.so (android::MediaCodec::CreateByType(android::sp<android::ALooper> const&, char const*, bool, int*)+66)
I/DEBUG   (  111):     #02 pc 0004d93d  /system/lib/libmediaplayerservice.so (android::NuPlayer::Decoder::onConfigure(android::sp<android::AMessage> const&)+256)
I/DEBUG   (  111):     #03 pc 0004f039  /system/lib/libmediaplayerservice.so (android::NuPlayer::DecoderBase::onMessageReceived(android::sp<android::AMessage> const&)+116)
I/DEBUG   (  111):     #04 pc 0004ec43  /system/lib/libmediaplayerservice.so (android::NuPlayer::Decoder::onMessageReceived(android::sp<android::AMessage> const&)+158)
I/DEBUG   (  111):     #05 pc 0000c533  /system/lib/libstagefright_foundation.so (android::ALooperRoster::deliverMessage(android::sp<android::AMessage> const&)+166)
I/DEBUG   (  111):     #06 pc 0000beb5  /system/lib/libstagefright_foundation.so (android::ALooper::loop()+220)
I/DEBUG   (  111):     #07 pc 000105ad  /system/lib/libutils.so (android::Thread::_threadLoop(void*)+112)
I/DEBUG   (  111):     #08 pc 0001011d  /system/lib/libutils.so
I/DEBUG   (  111):     #09 pc 00016ea3  /system/lib/libc.so (__pthread_start(void*)+30)
I/DEBUG   (  111):     #10 pc 00014deb  /system/lib/libc.so (__start_thread+6)
I/BootReceiver(  403): Copying /data/tombstones/tombstone_04 to DropBox (SYSTEM_TOMBSTONE)
V/ActivityManager(  403): Display changed displayId=0
I/ActivityManager(  403): Config changes=480 {1.0 ?mcc?mnc en_US ?layoutDir sw600dp w1024dp h527dp 160dpi lrg land finger -keyb/v/h -nav/h s.7}
V/WindowManager(  403): Based on layer: Adding window Window{3143d691 u0 com.android.launcher/com.android.launcher2.Launcher} at 1 of 7
W/WindowManager(  403): Window freeze timeout expired.
W/WindowManager(  403): Force clearing orientation change: Window{1ac30813 u0 NavigationBar}
W/WindowManager(  403): Force clearing orientation change: Window{1b8e4c38 u0 StatusBar}
W/WindowManager(  403): Force clearing orientation change: Window{3ca29ce8 u0 com.android.systemui.ImageWallpaper}
