I/InputReader(  380): Device reconfigured: id=5, name='melfas_ts', size 600x1024, orientation 0, mode 1, display id 0
I/PackageManager(  380): No secure containers found
W/PackageManager(  380): Unknown permission com.google.android.googleapps.permission.GOOGLE_AUTH in package com.android.providers.calendar
W/PackageManager(  380): Unknown permission com.google.android.googleapps.permission.GOOGLE_AUTH.cl in package com.android.providers.calendar
W/PackageManager(  380): Not granting permission android.permission.GLOBAL_SEARCH to package com.android.quicksearchbox (protectionLevel=18 flags=0x8be45)
W/PackageManager(  380): Not granting permission android.permission.ACCESS_DOWNLOAD_MANAGER to package com.android.browser (protectionLevel=18 flags=0x9be45)
W/PackageManager(  380): Not granting permission android.permission.SEND_DOWNLOAD_COMPLETED_INTENTS to package com.android.browser (protectionLevel=2 flags=0x9be45)
W/PackageManager(  380): Not granting permission android.permission.BIND_WALLPAPER to package com.android.camera2 (protectionLevel=18 flags=0x58bc45)
W/PackageManager(  380): Unknown permission com.google.android.googleapps.permission.GOOGLE_AUTH.mail in package com.android.calendar
W/PackageManager(  380): Not granting permission android.permission.DELETE_PACKAGES to package com.svox.pico (protectionLevel=18 flags=0x8be45)
W/PackageManager(  380): Unknown permission com.google.android.gallery3d.permission.PICASA_STORE in package com.android.dreams.phototable
W/PackageManager(  380): Unknown permission com.google.android.googleapps.permission.GOOGLE_AUTH in package com.android.settings
W/PackageManager(  380): Not granting permission android.permission.DEVICE_POWER to package com.android.deskclock (protectionLevel=2 flags=0x48be45)
W/PackageManager(  380): Unknown permission com.google.android.gallery3d.permission.GALLERY_PROVIDER in package com.android.bluetooth
W/PackageManager(  380): Unknown permission android.permission.MMS_SEND_OUTBOX_MSG in package com.android.bluetooth
I/SystemServer(  380): Status Bar
I/SystemServer(  380): Clipboard Service
I/SystemServer(  380): NetworkManagement Service
I/SystemServer(  380): Text Service Manager Service
I/SystemServer(  380): Network Score Service
I/SystemServer(  380): NetworkStats Service
I/SystemServer(  380): NetworkPolicy Service
I/SystemServiceManager(  380): Starting com.android.server.wifi.p2p.WifiP2pService
I/WifiP2pService(  380): Registering wifip2p
I/SystemServiceManager(  380): Starting com.android.server.wifi.WifiService
E/WifiConfigStore(  380): associatedPartialScanPeriodMilli set to 20000
D/WifiController(  380): isAirplaneModeOn = false, isWifiEnabled = false, isScanningAvailable = false
I/WifiService(  380): Registering wifi
I/SystemServiceManager(  380): Starting com.android.server.wifi.WifiScanningService
I/WifiScanningService(  380): Creating wifiscanner
I/WifiScanningService(  380): Starting wifiscanner
I/SystemServiceManager(  380): Starting com.android.server.wifi.RttService
I/RttService(  380): Creating rttmanager
I/RttService(  380): Starting rttmanager
I/SystemServer(  380): Connectivity Service
D/ConnectivityService(  380): ConnectivityService starting up
D/ConnectivityService(  380): wifiOnly=false
E/ConnectivityService(  380): Ignoring protectedNetwork 10
E/ConnectivityService(  380): Ignoring protectedNetwork 11
E/ConnectivityService(  380): Ignoring protectedNetwork 12
E/ConnectivityService(  380): Ignoring protectedNetwork 14
E/ConnectivityService(  380): Ignoring protectedNetwork 15
I/SystemServer(  380): Network Service Discovery Service
D/NsdService(  380): Network service discovery enabled true
I/SystemServer(  380): UpdateLock Service
I/SystemServiceManager(  380): Starting com.android.server.notification.NotificationManagerService
D/WifiHW  (  380): Unable to unload driver module "dhd": No such file or directory
D/ZenLog  (  380): set_zen_mode: off,setting
I/SystemServiceManager(  380): Starting com.android.server.storage.DeviceStorageMonitorService
I/SystemServer(  380): Location Manager
I/SystemServer(  380): Country Detector
I/SystemServer(  380): Search Service
I/SystemServer(  380): DropBox Service
I/SystemServer(  380): Wallpaper Service
I/SystemServer(  380): Audio Service
E/AudioPolicyManager(  114): getDeviceForStrategy() speaker device not found for STRATEGY_SONIFICATION
E/AudioPolicyManager(  114): getDeviceForStrategy() speaker device not found for STRATEGY_SONIFICATION
E/AudioPolicyManager(  114): getDeviceForStrategy() speaker device not found for STRATEGY_SONIFICATION
E/AudioPolicyManager(  114): getDeviceForStrategy() speaker device not found for STRATEGY_SONIFICATION
E/AudioPolicyManager(  114): getDeviceForStrategy() no device found for STRATEGY_TRANSMITTED_THROUGH_SPEAKER
W/TelecomManager(  380): Telecom Service not found.
E/AudioPolicyManager(  114): getDeviceForStrategy() speaker device not found for STRATEGY_SONIFICATION
E/AudioPolicyManager(  114): getDeviceForStrategy() speaker device not found for STRATEGY_SONIFICATION
E/AudioPolicyManager(  114): getDeviceForStrategy() speaker device not found for STRATEGY_SONIFICATION
E/AudioPolicyManager(  114): getDeviceForStrategy() speaker device not found for STRATEGY_SONIFICATION
E/AudioPolicyManager(  114): getDeviceForStrategy() no device found for STRATEGY_TRANSMITTED_THROUGH_SPEAKER
I/SystemServiceManager(  380): Starting com.android.server.DockObserver
I/SystemServer(  380): Wired Accessory Manager
W/WiredAccessoryManager(  380): This kernel does not have HDMI audio support
I/SystemServiceManager(  380): Starting com.android.server.usb.UsbService$Lifecycle
I/SystemServer(  380): Serial Service
I/SystemServiceManager(  380): Starting com.android.server.twilight.TwilightService
I/SystemServiceManager(  380): Starting com.android.server.UiModeManagerService
I/SystemServiceManager(  380): Starting com.android.server.job.JobSchedulerService
I/SystemServiceManager(  380): Starting com.android.server.backup.BackupManagerService$Lifecycle
I/SystemServiceManager(  380): Starting com.android.server.appwidget.AppWidgetService
I/SystemServiceManager(  380): Starting com.android.server.voiceinteraction.VoiceInteractionManagerService
W/SoundTriggerHelper(  380): listModules status=0, # of modules=0
I/SystemServer(  380): DiskStats Service
I/SystemServer(  380): SamplingProfiler Service
I/SystemServer(  380): NetworkTimeUpdateService
I/SystemServer(  380): CommonTimeManagementService
I/SystemServer(  380): CertBlacklister
I/SystemServiceManager(  380): Starting com.android.server.dreams.DreamManagerService
I/SystemServer(  380): Assets Atlas Service
I/SystemServiceManager(  380): Starting com.android.server.print.PrintManagerService
D/AssetAtlas(  380): Loaded configuration: SliceMinArea (768x768) flags=0x2 count=446
I/SystemServiceManager(  380): Starting com.android.server.restrictions.RestrictionsManagerService
I/SystemServiceManager(  380): Starting com.android.server.media.MediaSessionService
W/linker  (  380): gralloc.omap4.so: unused DT entry: type 0xf arg 0x53b
W/linker  (  380): libpvr2d_SGX540_120.so: unused DT entry: type 0xf arg 0x767
I/SystemServer(  380): Media Router Service
I/SystemServiceManager(  380): Starting com.android.server.trust.TrustManagerService
I/SystemServiceManager(  380): Starting com.android.server.fingerprint.FingerprintService
V/Fingerprint-JNI(  380): nativeInit()
V/Fingerprint-JNI(  380): nativeOpenHal()
E/Fingerprint-JNI(  380): Can't open fingerprint HW Module, error: -2
I/SystemServer(  380): BackgroundDexOptService
I/SystemServiceManager(  380): Starting com.android.server.pm.LauncherAppsService
I/SystemServiceManager(  380): Starting com.android.server.media.projection.MediaProjectionManagerService
I/art     (  380): Background sticky concurrent mark sweep GC freed 20400(1477KB) AllocSpace objects, 7(112KB) LOS objects, 19% free, 6MB/7MB, paused 11.688ms total 105.499ms
I/WindowManager(  380): SAFE MODE not enabled
I/SystemServiceManager(  380): Starting com.android.server.MmsServiceBroker
E/SQLiteLog(  380): (283) recovered 16 frames from WAL file /data/system/locksettings.db-wal
E/LockSettingsStorage(  380): Cannot read file java.io.FileNotFoundException: /data/system/password.key: open failed: ENOENT (No such file or directory)
E/LockSettingsStorage(  380): Cannot read file java.io.FileNotFoundException: /data/system/gesture.key: open failed: ENOENT (No such file or directory)
I/SystemServiceManager(  380): Starting phase 480
I/SystemServiceManager(  380): Starting phase 500
I/WifiService(  380): WifiService starting up with Wi-Fi disabled
D/WifiService(  380): New client listening to asynchronous messages
I/WifiScanningService(  380): Registering wifiscanner
D/WifiScanningService(  380): New client, channel: null messenger: null
I/RttService(  380): Registering rttmanager
D/WifiChangeStateMachine(  380): Entering IdleState
D/WifiScanningService(  380): DefaultState
I/ActivityManager(  380): Config changes=200 {1.0 ?mcc?mnc en_US ?layoutDir sw600dp w600dp h951dp 160dpi lrg port finger -keyb/v/h -nav/h s.5}
I/SELinux (  380): SELinux: Loaded file_contexts from /file_contexts
D/AssetAtlas(  380): Rendered atlas in 247.89ms (52.64+195.25ms)
V/BackupManagerService(  380): No ancestral data
D/BackupManagerService(  380): Now staging backup of com.android.browser
D/BackupManagerService(  380): Now staging backup of android
D/BackupManagerService(  380): Now staging backup of com.android.calendar
D/BackupManagerService(  380): Now staging backup of com.android.providers.settings
D/BackupManagerService(  380): Now staging backup of com.android.sharedstoragebackup
D/BackupManagerService(  380): Now staging backup of com.android.providers.userdictionary
V/BackupManagerService(  380): Starting with transport android/com.android.internal.backup.LocalTransport
V/BackupManagerService(  380): Found transports: 1
I/BackupManagerService(  380): Binding to transport host ComponentInfo{android/com.android.internal.backup.LocalTransportService}
I/BackupManagerService(  380): Found stale backup journal, scheduling
D/LightSensor(  380): LightSensor enable
I/DisplayManagerService(  380): Display device changed: DisplayDeviceInfo{"Built-in Screen": uniqueId="local:0", 600 x 1024, 59.062 fps, supportedRefreshRates [59.062], density 160, 169.33333 x 168.89351 dpi, appVsyncOff 0, presDeadline 17931360, touch INTERNAL, rotation 0, type BUILT_IN, state ON, FLAG_DEFAULT_DISPLAY, FLAG_ROTATES_WITH_CONTENT, FLAG_SECURE, FLAG_SUPPORTS_PROTECTED_BUFFERS}
D/SurfaceFlinger(  108): Set power mode=2, type=0 flinger=0x40c82000
D/SurfaceFlinger(  108): Screen type=0 is already mode=2
D/lights  (  380): set_light_backlight brightness=102
I/ActivityManager(  380): System now ready
I/SystemServer(  380): Making services ready
I/SystemServiceManager(  380): Starting phase 550
I/SystemServer(  380): WebViewFactory preparation
I/Zygote  (  380): Process: zygote socket opened, supported ABIS: armeabi-v7a,armeabi
I/ActivityManager(  380): Start proc 459:WebViewLoader-armeabi-v7a/1037 [android.webkit.WebViewFactory$RelroFileCreator] for 
I/ActivityManager(  380): Start proc 465:android.process.media/u0a4 for broadcast com.android.providers.media/.MtpReceiver
V/WebViewFactory(  459): RelroFileCreator (64bit = false),  32-bit lib: /system/app/webview/lib/arm/libwebviewchromium.so, 64-bit lib: 
I/ActivityManager(  380): Start proc 491:com.android.systemui/u0a12 for service com.android.systemui/.SystemUIService
D/NetworkManagementService(  380): enabling bandwidth control
I/Vold    (  107): /dev/block/vold/179:25 being considered for volume sdcard1
D/Vold    (  107): Volume sdcard1 state changing 1 (Idle-Unmounted) -> 3 (Checking)
D/MountService(  380): volume state changed for /storage/sdcard1 (unmounted -> checking)
D/MountService(  380): sendStorageIntent Intent { act=android.intent.action.MEDIA_CHECKING dat=file:///storage/sdcard1 flg=0x4000000 (has extras) } to UserHandle{-1}
I/fsck_msdos(  107): ** /dev/block/vold/179:25
I/art     (  459): System.exit called, status: 0
I/AndroidRuntime(  459): VM exiting with result code 0, cleanup skipped.
V/SystemUIService(  491): Starting SystemUI services.
I/fsck_msdos(  107): ** Phase 1 - Read and Compare FATs
I/fsck_msdos(  107): Attempting to allocate 3741 KB for FAT
V/FingerprintService(  380): startListening(android.service.fingerprint.IFingerprintServiceReceiver$Stub$Proxy@60bbf1b)
I/art     (  380): Background partial concurrent mark sweep GC freed 11731(788KB) AllocSpace objects, 6(96KB) LOS objects, 33% free, 6MB/9MB, paused 3.143ms total 108.642ms
D/NuPlayerDriver(  114): start(0x41473d00)
I/GenericSource(  114): start
E/OMX     (  114): FAILED to allocate omx component 'OMX.TI.DUCATI1.VIDEO.DECODER'
E/OMX     (  114): FAILED to allocate omx component 'OMX.TI.DUCATI1.VIDEO.DECODER'
E/OMX     (  114): FAILED to allocate omx component 'OMX.TI.DUCATI1.VIDEO.DECODER'
E/OMX     (  114): FAILED to allocate omx component 'OMX.TI.DUCATI1.VIDEO.MPEG4E'
E/OMX     (  114): FAILED to allocate omx component 'OMX.TI.DUCATI1.VIDEO.MPEG4E'
E/OMX     (  114): FAILED to allocate omx component 'OMX.TI.DUCATI1.VIDEO.H264E'
W/OMXNodeInstance(  114): [f:google.mpeg4.decoder] component does not support metadata mode; using fallback
E/SQLiteLog(  465): (283) recovered 82 frames from WAL file /data/data/com.android.providers.media/databases/external.db-wal
W/OMXNodeInstance(  114): [10:google.mpeg4.decoder] component does not support metadata mode; using fallback
W/MediaCodecList(  114): ignoring Limit specified outside of a Type
W/MediaCodecList(  114): ignoring Limit specified outside of a Type
W/MediaCodecList(  114): ignoring Limit specified outside of a Type
W/MediaCodecList(  114): ignoring Limit specified outside of a Type
W/MediaCodecList(  114): ignoring Limit specified outside of a Type
W/MediaCodecList(  114): ignoring Feature specified outside of a Type
W/OMXNodeInstance(  114): [11:google.h263.decoder] component does not support metadata mode; using fallback
W/OMXNodeInstance(  114): [12:google.h264.decoder] component does not support metadata mode; using fallback
D/SoftHEVC(  114): Number of CPU cores: 2
D/SoftHEVC(  114): Initializing decoder
D/SoftHEVC(  114): Set number of cores to 2
D/SoftHEVC(  114): Ittiam decoder version number: @(#)Id:HEVCDEC_production Ver:04.01 Released by ITTIAM Build: Mar 15 2015 @ 02:21:21
W/OMXNodeInstance(  114): [13:google.hevc.decoder] component does not support metadata mode; using fallback
D/SoftHEVC(  114): Freeing codec memory
D/SoftHEVC(  114): Number of CPU cores: 2
D/SoftHEVC(  114): Initializing decoder
D/SoftHEVC(  114): Set number of cores to 2
D/SoftHEVC(  114): Ittiam decoder version number: @(#)Id:HEVCDEC_production Ver:04.01 Released by ITTIAM Build: Mar 15 2015 @ 02:21:21
D/SoftHEVC(  114): In SoftHEVC::~SoftHEVC
D/SoftHEVC(  114): Freeing codec memory
W/OMXNodeInstance(  114): [14:google.vp8.decoder] component does not support metadata mode; using fallback
W/ResourceType(  491): No package identifier when getting value for resource number 0x00000000
W/PackageManager(  491): Failure retrieving resources for com.android.settings: Resource ID #0x0
W/OMXNodeInstance(  114): [15:google.vp9.decoder] component does not support metadata mode; using fallback
I/SoftMPEG4Encoder(  114): Construct SoftMPEG4Encoder
W/ACodec  (  114): do not know color format 0x7f000789 = 2130708361
I/SoftAVCEncoder(  114): Construct SoftAVCEncoder
W/ACodec  (  114): do not know color format 0x7f000789 = 2130708361
I/SoftMPEG4Encoder(  114): Construct SoftMPEG4Encoder
W/ACodec  (  114): do not know color format 0x7f000789 = 2130708361
W/ACodec  (  114): do not know color format 0x7f000789 = 2130708361
W/MediaCodecList(  114): Component OMX.TI.DUCATI1.VIDEO.MPEG4E does not support any type of media?
W/MediaCodecList(  114): Component OMX.TI.DUCATI1.VIDEO.DECODER does not support any type of media?
D/lights  (  380): set_light_backlight brightness=100
D/NuPlayerDriver(  114): reset(0x41473d00)
D/NuPlayerDriver(  114): notifyResetComplete(0x41473d00)
D/lights  (  380): set_light_backlight brightness=97
D/lights  (  380): set_light_backlight brightness=93
D/lights  (  380): set_light_backlight brightness=90
I/fsck_msdos(  107): Attempting to allocate 3741 KB for FAT
D/NuPlayerDriver(  114): start(0x41473dc0)
I/GenericSource(  114): start
D/lights  (  380): set_light_backlight brightness=87
D/lights  (  380): set_light_backlight brightness=83
D/lights  (  380): set_light_backlight brightness=79
D/lights  (  380): set_light_backlight brightness=75
D/NuPlayerDriver(  114): reset(0x41473dc0)
D/lights  (  380): set_light_backlight brightness=72
D/NuPlayerDriver(  114): notifyResetComplete(0x41473dc0)
D/lights  (  380): set_light_backlight brightness=69
D/lights  (  380): set_light_backlight brightness=65
D/NuPlayerDriver(  114): start(0x4202d040)
I/GenericSource(  114): start
D/lights  (  380): set_light_backlight brightness=62
D/lights  (  380): set_light_backlight brightness=59
D/lights  (  380): set_light_backlight brightness=55
D/NuPlayerDriver(  114): reset(0x4202d040)
D/NuPlayerDriver(  114): notifyResetComplete(0x4202d040)
D/lights  (  380): set_light_backlight brightness=52
D/lights  (  380): set_light_backlight brightness=49
D/lights  (  380): set_light_backlight brightness=45
D/lights  (  380): set_light_backlight brightness=42
E/NetdConnector(  380): NDC Command {1 bandwidth enable} took too long (1060ms)
D/lights  (  380): set_light_backlight brightness=39
D/lights  (  380): set_light_backlight brightness=35
D/lights  (  380): set_light_backlight brightness=32
D/lights  (  380): set_light_backlight brightness=30
D/VolumeUI(  491): Registering volume controller
I/fsck_msdos(  107): ** Phase 2 - Check Cluster Chains
I/fsck_msdos(  107): ** Phase 3 - Checking Directories
I/StatusBarManagerService(  380): registerStatusBar bar=com.android.internal.statusbar.IStatusBar$Stub$Proxy@37b384eb
D/MtpService(  465): updating state; isCurrentUser=true, mMtpLocked=true
D/MtpService(  465): updating state; isCurrentUser=true, mMtpLocked=true
D/MtpService(  465): starting MTP server in MTP mode
D/PermissionMonitor(  380): Monitoring
D/PermissionMonitor(  380): Users: 1, Apps: 52
I/SystemServiceManager(  380): Starting phase 600
I/BackupManagerService(  380): Backup enabled => false
I/BackupManagerService(  380): Opting out of backup
D/BluetoothManagerService(  380): Message: 20
D/BluetoothManagerService(  380): Added callback: android.bluetooth.BluetoothAdapter$1@305dee23:true
D/BluetoothManagerService(  380): Message: 30
D/BluetoothManagerService(  380): Trying to bind to profile: 1, while Bluetooth was disabled
D/BluetoothManagerService(  380): Message: 30
E/InputMethodManagerService(  380): Ignoring setImeWindowStatus due to an invalid token. uid:1000 token:null
I/art     (  491): Background sticky concurrent mark sweep GC freed 3710(296KB) AllocSpace objects, 0(0B) LOS objects, 7% free, 4MB/4MB, paused 11.108ms total 77.453ms
I/ActivityManager(  380): Start proc 643:com.android.inputmethod.latin/u0a30 for service com.android.inputmethod.latin/.LatinIME
V/InputMethodManagerService(  380): Adding window token: android.os.Binder@3105ca5a
W/linker  (  380): gps.omap4.so has text relocations. This is wasting memory and prevents security hardening. Please fix.
E/libgps  (  380): proxy_gps_get_extension: Unsupported GpsInterface extension: "gps_geofencing"
E/libgps  (  380): Interface "gps_geofencing" is not supported
E/libgps  (  380): proxy_gps_get_extension: Unsupported GpsInterface extension: "gps_measurement"
E/libgps  (  380): Interface "gps_measurement" is not supported
E/libgps  (  380): proxy_gps_get_extension: Unsupported GpsInterface extension: "gps_navigation_message"
E/libgps  (  380): Interface "gps_navigation_message" is not supported
E/libgps  (  380): proxy_gps_get_extension: Unsupported GpsInterface extension: "gnss_configuration"
E/libgps  (  380): Interface "gnss_configuration" is not supported
D/NuPlayerDriver(  114): start(0x4202d1c0)
I/GenericSource(  114): start
D/GpsLocationProvider(  380): Reset GPS properties, previous size = 0
D/GpsLocationProvider(  380): GpsParamsResource: SUPL_HOST=supl.google.com
D/GpsLocationProvider(  380): GpsParamsResource: SUPL_PORT=7275
D/GpsLocationProvider(  380): GpsParamsResource: NTP_SERVER=north-america.pool.ntp.org
D/GpsLocationProvider(  380): GpsParamsResource: SUPL_VER=0x20000
D/GpsLocationProvider(  380): GpsParamsResource: SUPL_MODE=1
D/GpsLocationProvider(  380): GPS properties reloaded, size = 8
D/libgps  (  380): SendGpsExtensionMessage: Waiting for IPC connection...
D/NuPlayerDriver(  114): reset(0x4202d1c0)
D/NuPlayerDriver(  114): notifyResetComplete(0x4202d1c0)
D/NuPlayerDriver(  114): start(0x41473d00)
I/GenericSource(  114): start
I/art     (  491): Background sticky concurrent mark sweep GC freed 53(10KB) AllocSpace objects, 0(0B) LOS objects, 1% free, 4MB/4MB, paused 6.866ms total 30.456ms
D/NuPlayerDriver(  114): reset(0x41473d00)
D/NuPlayerDriver(  114): notifyResetComplete(0x41473d00)
I/LatinIME(  643): Hardware accelerated drawing: true
D/NuPlayerDriver(  114): start(0x41473dc0)
I/GenericSource(  114): start
D/NuPlayerDriver(  114): reset(0x41473dc0)
D/NuPlayerDriver(  114): notifyResetComplete(0x41473dc0)
D/NuPlayerDriver(  114): start(0x4202d040)
I/GenericSource(  114): start
D/NuPlayerDriver(  114): reset(0x4202d040)
D/NuPlayerDriver(  114): notifyResetComplete(0x4202d040)
W/InputAttributes(  643): No editor info for this field. Bug?
I/LatinIME:LogUtils(  643): Dictionary info: dictionary = UserHistoryDictionary.en_US ; version = 1426415162 ; date = ?
I/LatinIME:LogUtils(  643): Dictionary info: dictionary = PersonalizationDictionary.en_US ; version = 1426415162 ; date = ?
I/LatinIME:LogUtils(  643): Dictionary info: dictionary = userunigram.en_US ; version = 1426415162 ; date = ?
I/LatinIME:LogUtils(  643): Dictionary info: dictionary = contacts.en_US ; version = 1426415162 ; date = ?
D/NuPlayerDriver(  114): start(0x4202d1c0)
I/GenericSource(  114): start
I/LatinIME:LogUtils(  643): Dictionary info: dictionary = ContextualDictionary.en_US ; version = 1426415162 ; date = ?
I/fsck_msdos(  107): ** Phase 4 - Checking for Lost Files
D/NuPlayerDriver(  114): reset(0x4202d1c0)
D/NuPlayerDriver(  114): notifyResetComplete(0x4202d1c0)
I/ActivityManager(  380): Start proc 699:android.process.acore/u0a2 for content provider com.android.providers.userdictionary/.UserDictionaryProvider
D/NuPlayerDriver(  114): start(0x41473d00)
I/GenericSource(  114): start
I/fsck_msdos(  107): 7037 files, 1439936 free (44998 clusters)
I/Vold    (  107): Filesystem check completed OK
D/NuPlayerDriver(  114): reset(0x41473d00)
D/NuPlayerDriver(  114): notifyResetComplete(0x41473d00)
D/WifiService(  380): New client listening to asynchronous messages
D/BluetoothManagerService(  380): Message: 20
D/BluetoothManagerService(  380): Added callback: android.bluetooth.IBluetoothManagerCallback$Stub$Proxy@389f24f:true
D/BluetoothAdapter(  491): 975489118: getState() :  mService = null. Returning STATE_OFF
D/BluetoothAdapter(  491): 975489118: getState() :  mService = null. Returning STATE_OFF
D/BluetoothManagerService(  380): Message: 30
D/BluetoothManagerService(  380): Message: 30
E/BluetoothA2dpSink(  491): Could not bind to Bluetooth A2DP Service with Intent { act=android.bluetooth.IBluetoothA2dpSink }
E/BluetoothAvrcpController(  491): Could not bind to Bluetooth AVRCP Controller Service with Intent { act=android.bluetooth.IBluetoothAvrcpController }
D/BluetoothManagerService(  380): Trying to bind to profile: 1, while Bluetooth was disabled
E/BluetoothHeadsetClient(  491): Could not bind to Bluetooth Headset Client Service with Intent { act=android.bluetooth.IBluetoothHeadsetClient }
D/BluetoothManagerService(  380): Message: 30
D/BluetoothManagerService(  380): Message: 30
D/BluetoothManagerService(  380): Message: 30
D/BluetoothManagerService(  380): Message: 30
D/BluetoothMap(  491): Create BluetoothMap proxy object
D/BluetoothManagerService(  380): Message: 30
D/BluetoothManagerService(  380): Message: 30
D/ConnectivityService(  380): listenForNetwork for NetworkRequest [ id=2, legacyType=-1, [] ]
I/CameraManagerGlobal(  491): getCameraService: Reconnecting to camera service
I/LatinIME:LogUtils(  643): Dictionary info: dictionary = PersonalizationDictionary.en_US ; version = 1426415163 ; date = ?
I/LatinIME:LogUtils(  643): Dictionary info: dictionary = PersonalizationDictionary.en_US ; version = 1426415163 ; date = ?
D/BluetoothAdapter(  491): 975489118: getState() :  mService = null. Returning STATE_OFF
D/BluetoothAdapter(  491): 975489118: getState() :  mService = null. Returning STATE_OFF
D/BluetoothAdapter(  491): 975489118: getState() :  mService = null. Returning STATE_OFF
D/BluetoothAdapter(  491): 975489118: getState() :  mService = null. Returning STATE_OFF
I/LatinIME:LogUtils(  643): Dictionary info: dictionary = main:en ; version = 47 ; date = 1402373178
D/OpenGLRenderer(  491): Use EGL_SWAP_BEHAVIOR_PRESERVED: true
W/linker  (  491): gralloc.omap4.so: unused DT entry: type 0xf arg 0x53b
W/linker  (  491): libpvr2d_SGX540_120.so: unused DT entry: type 0xf arg 0x767
D/Atlas   (  491): Validating map...
D/PhoneStatusBar(  491): disable: < expand icons alerts system_info back home recent clock search >
D/BluetoothAdapter(  491): 975489118: getState() :  mService = null. Returning STATE_OFF
D/BluetoothAdapter(  491): 975489118: getState() :  mService = null. Returning STATE_OFF
D/PhoneStatusBar(  491): heads up is enabled
I/Choreographer(  491): Skipped 88 frames!  The application may be doing too much work on its main thread.
D/ViewRootImpl(  491): changeCanvasOpacity: opaque=true
D/libgps  (  380): SendGpsExtensionMessage: Waiting for IPC connection - timeout
E/libgps  (  380): GpsiClient: Can't write to closed pipe
E/libgps  (  380): IPC Communication Error, /tmp/12126680/proprietary/deliverables/android/gps_interface/../gps_interface/gpsi_client/GpsiClient.cpp:448 SendGpsExtensionMessage
I/libgps  (  380): Save: type=1, hostname=supl.google.com, port=7276, ssl=0, ssl_version=0, ssl_type=0
D/libgps  (  380): agps_set_server: Waiting for IPC connection...
I/ContactLocale(  699): AddressBook Labels [en-US]: [, A, B, C, D, E, F, G, H, I, J, K, L, M, N, O, P, Q, R, S, T, U, V, W, X, Y, Z, , , , , , , , , , , , , , , , , , , , , , , , , , , , , , , , , , , , , , , , , , , , , , , , , , , , , , , , , , , , , , , , , , , , , , , , , , , , , , , , , , , , , , , , , , , , , , , , , , , , , , , , , , , , , , , , , , , , , , , , , , , , , , , , , , , , , , , , , , , , , , , , , , , , , , , , , , , , , , , , , , , , , , , , , , , , , , , , , , , , , , , , , , , , #, ]
I/OpenGLRenderer(  491): Initialized EGL, version 1.4
W/OpenGLRenderer(  491): Failed to choose config with EGL_SWAP_BEHAVIOR_PRESERVED, retrying without...
D/OpenGLRenderer(  491): Enabling debug mode 0
I/art     (  380): Explicit concurrent mark sweep GC freed 14450(1167KB) AllocSpace objects, 9(276KB) LOS objects, 33% free, 6MB/10MB, paused 1.495ms total 87.432ms
D/WifiService(  380): New client listening to asynchronous messages
D/OpenGLRenderer(  491): setting property extraRasterBucket to 0.95
D/OpenGLRenderer(  491):     failed
D/OpenGLRenderer(  491): setting property extraRasterBucket to 0.0
D/OpenGLRenderer(  491):     failed
D/Vold    (  107): blkid identified as /dev/block/vold/179:25: UUID="9016-4EF8" TYPE="vfat" 
D/Vold    (  107): Volume sdcard1 state changing 3 (Checking) -> 4 (Mounted)
E/VoldConnector(  380): NDC Command {5 volume mount /storage/sdcard1} took too long (3288ms)
W/MountService(  380): Duplicate state transition (mounted -> mounted) for /storage/emulated/0
D/MountService(  380): volume state changed for /storage/sdcard1 (checking -> mounted)
D/MtpService(  465): onStorageStateChanged /storage/sdcard1 checking -> mounted
D/MountService(  380): sendStorageIntent Intent { act=android.intent.action.MEDIA_MOUNTED dat=file:///storage/sdcard1 flg=0x4000000 (has extras) } to UserHandle{-1}
D/libgps  (  380): agps_set_server: Waiting for IPC connection - timeout
E/libgps  (  380): GpsiClient: Can't write to closed pipe
E/libgps  (  380): IPC Communication Error, /tmp/12126680/proprietary/deliverables/android/gps_interface/../gps_interface/gpsi_client/GpsiClient.cpp:1031 agps_set_server
E/GpsLocationProvider(  380): no GPS configuration interface in configuraiton_update
D/GpsLocationProvider(  380): final config = #Sun Mar 15 10:26:04 GMT+00:00 2015
D/GpsLocationProvider(  380): SUPL_VER=0x20000
D/GpsLocationProvider(  380): SUPL_HOST=supl.google.com
D/GpsLocationProvider(  380): XTRA_SERVER_3=http\://xtra3.gpsonextra.net/xtra.bin
D/GpsLocationProvider(  380): XTRA_SERVER_1=http\://xtra1.gpsonextra.net/xtra.bin
D/GpsLocationProvider(  380): SUPL_PORT=7276
D/GpsLocationProvider(  380): XTRA_SERVER_2=http\://xtra2.gpsonextra.net/xtra.bin
D/GpsLocationProvider(  380): NTP_SERVER=north-america.pool.ntp.org
D/GpsLocationProvider(  380): SUPL_MODE=1
W/LocationManagerService(  380): no network location provider found
E/LocationManagerService(  380): no geocoder provider found
E/FlpHardwareProvider(  380): Error hw_get_module 'flp': -2
E/LocationManagerService(  380): FLP HAL not supported
E/LocationManagerService(  380): Unable to bind FLP Geofence proxy.
E/ActivityRecognitionHardware(  380): Error hw_get_module: -2
E/LocationManagerService(  380): Hardware Activity-Recognition not supported.
D/libgps  (  380): SendGpsExtensionMessage: Waiting for IPC connection...
I/CommonTimeManagementService(  380): No common time service detected on this platform.  Common time services will be unavailable.
I/InputReader(  380): Reconfiguring input devices.  changes=0x00000020
I/MmsServiceBroker(  380): Delay connecting to MmsService until an API is called
W/VoiceInteractionManagerService(  380): no available voice interaction services found for user 0
W/VoiceInteractionManagerService(  380): no available voice recognition services found for user 0
I/InputReader(  380): Reconfiguring input devices.  changes=0x00000010
I/ActivityManager(  380): Start proc 746:com.android.phone/1001 for added application com.android.phone
I/ActivityManager(  380): START u0 {act=android.intent.action.MAIN cat=[android.intent.category.HOME] flg=0x10000000 cmp=com.android.launcher/com.android.launcher2.Launcher} from uid 0 on display 0
V/WindowManager(  380): addAppToken: AppWindowToken{3c0724ee token=Token{2e2db269 ActivityRecord{33266cf0 u0 com.android.launcher/com.android.launcher2.Launcher t9}}} to stack=0 task=9 at 0
I/ActivityManager(  380): Start proc 762:com.android.launcher/u0a6 for activity com.android.launcher/com.android.launcher2.Launcher
I/SystemServer(  380): Enabled StrictMode for system server main thread.
V/ActivityManager(  380): Display changed displayId=0
V/ActivityManager(  380): Display changed displayId=0
V/ActivityManager(  380): Display changed displayId=0
D/WifiScanningService(  380): SCAN_AVAILABLE : 1
D/RttService(  380): SCAN_AVAILABLE : 1
D/WifiScanningService(  380): DefaultState got{ when=0 what=160007 target=com.android.internal.util.StateMachine$SmHandler }
D/RttService(  380): DefaultState got{ when=-1ms what=160513 target=com.android.internal.util.StateMachine$SmHandler }
I/Choreographer(  380): Skipped 258 frames!  The application may be doing too much work on its main thread.
V/StatusBar(  491): userId 0 is in the house
V/ActivityManager(  380): Display changed displayId=0
I/Telecom (  380): TelecomGlobals: TelecomGlobals initializing
D/BluetoothManagerService(  380): Trying to bind to profile: 1, while Bluetooth was disabled
D/BluetoothManagerService(  380): Message: 30
D/PhoneStatusBar(  491): disable: < EXPAND* icons alerts system_info BACK* HOME* RECENT* clock SEARCH* >
I/Telecom (  380): TelecomGlobals: CallsManager initialized
W/ContextImpl(  380): Calling a method in the system process without a qualified user: android.app.ContextImpl.startService:1692 android.content.ContextWrapper.startService:516 com.android.server.telecom.BluetoothPhoneService.start:440 com.android.server.telecom.TelecomGlobals.initialize:93 com.android.server.telecom.TelecomService.onCreate:164 
I/ValidateNoPeople(  380): skipping global notification
I/ValidateNoPeople(  380): skipping global notification
D/ZenLog  (  380): downtime: Autotrigger skipped: not in downtime
W/ResourcesManager(  380): Asset path '/system/framework/com.android.location.provider.jar' does not exist or contains no resources.
I/ActivityManager(  380): Start proc 796:com.android.externalstorage/u0a5 for broadcast com.android.externalstorage/.MountReceiver
D/GpsNetInitiatedHandler(  380): location enabled :true
V/WiredAccessoryManager(  380): init()
I/art     (  121): Explicit concurrent mark sweep GC freed 704(30KB) AllocSpace objects, 0(0B) LOS objects, 40% free, 1918KB/3MB, paused 396us total 51.696ms
I/art     (  121): Explicit concurrent mark sweep GC freed 7(240B) AllocSpace objects, 0(0B) LOS objects, 39% free, 1918KB/3MB, paused 3.021ms total 38.909ms
D/BluetoothManagerService(  380): Message: 300
D/BluetoothManagerService(  380): MESSAGE_USER_SWITCHED
D/PermissionCache(  108): checking android.permission.HARDWARE_TEST for uid=1000 => granted (762 us)
E/AudioPolicyManager(  114): getDeviceForStrategy() speaker device not found for STRATEGY_SONIFICATION
E/AudioPolicyManager(  114): getDeviceForStrategy() speaker device not found for STRATEGY_SONIFICATION
E/AudioPolicyManager(  114): getDeviceForStrategy() speaker device not found for STRATEGY_SONIFICATION
E/AudioPolicyManager(  114): getDeviceForStrategy() speaker device not found for STRATEGY_SONIFICATION
E/AudioPolicyManager(  114): getDeviceForStrategy() no device found for STRATEGY_TRANSMITTED_THROUGH_SPEAKER
I/art     (  121): Explicit concurrent mark sweep GC freed 5(160B) AllocSpace objects, 0(0B) LOS objects, 39% free, 1918KB/3MB, paused 366us total 56.518ms
I/art     (  491): Background sticky concurrent mark sweep GC freed 10034(419KB) AllocSpace objects, 0(0B) LOS objects, 0% free, 13MB/13MB, paused 10.162ms total 47.607ms
V/BackupManagerService(  380): Connected to transport ComponentInfo{android/com.android.internal.backup.LocalTransportService}
V/BackupManagerService(  380): Registering transport android/com.android.internal.backup.LocalTransportService::android/com.android.internal.backup.LocalTransport = android.app.backup.BackupTransport$TransportImpl@80abd5b
V/ActivityManager(  380): Display changed displayId=0
D/BluetoothManagerService(  380): Message: 30
D/BluetoothManagerService(  380): Trying to bind to profile: 1, while Bluetooth was disabled
W/IInputConnectionWrapper(  380): showStatusIcon on inactive InputConnection
I/art     (  491): Background partial concurrent mark sweep GC freed 4233(286KB) AllocSpace objects, 0(0B) LOS objects, 22% free, 13MB/17MB, paused 3.417ms total 122.711ms
I/art     (  491): Background partial concurrent mark sweep GC freed 461(42KB) AllocSpace objects, 1(7MB) LOS objects, 22% free, 13MB/17MB, paused 16.174ms total 70.251ms
D/ExternalStorage(  796): After updating volumes, found 2 active roots
D/ExternalStorage(  796): After updating volumes, found 2 active roots
D/MediaScannerReceiver(  465): action: android.intent.action.MEDIA_MOUNTED path: /storage/sdcard1
I/ActivityManager(  380): Start proc 837:com.android.deskclock/u0a22 for broadcast com.android.deskclock/com.android.alarmclock.AnalogAppWidgetProvider
D/libgps  (  380): SendGpsExtensionMessage: Waiting for IPC connection - timeout
E/libgps  (  380): GpsiClient: Can't write to closed pipe
E/libgps  (  380): IPC Communication Error, /tmp/12126680/proprietary/deliverables/android/gps_interface/../gps_interface/gpsi_client/GpsiClient.cpp:448 SendGpsExtensionMessage
I/libgps  (  380): Save: type=1, hostname=supl.google.com, port=7276, ssl=0, ssl_version=0, ssl_type=0
D/libgps  (  380): agps_set_server: Waiting for IPC connection...
D/OpenGLRenderer(  762): Use EGL_SWAP_BEHAVIOR_PRESERVED: true
I/art     (  762): Background partial concurrent mark sweep GC freed 2304(143KB) AllocSpace objects, 1(20KB) LOS objects, 39% free, 2MB/4MB, paused 6.561ms total 49.407ms
W/linker  (  762): gralloc.omap4.so: unused DT entry: type 0xf arg 0x53b
W/linker  (  762): libpvr2d_SGX540_120.so: unused DT entry: type 0xf arg 0x767
D/Atlas   (  762): Validating map...
V/WindowManager(  380): Based on layer: Adding window Window{37ba053b u0 com.android.launcher/com.android.launcher2.Launcher} at 1 of 6
I/OpenGLRenderer(  762): Initialized EGL, version 1.4
W/OpenGLRenderer(  762): Failed to choose config with EGL_SWAP_BEHAVIOR_PRESERVED, retrying without...
D/OpenGLRenderer(  762): Enabling debug mode 0
I/ActivityManager(  380): Start proc 855:com.android.music/u0a33 for broadcast com.android.music/.MediaButtonIntentReceiver
I/Choreographer(  491): Skipped 59 frames!  The application may be doing too much work on its main thread.
I/ActivityManager(  380): Displayed com.android.launcher/com.android.launcher2.Launcher: +1s382ms
V/KeyguardServiceDelegate(  380): *** Keyguard started
W/KeyguardServiceDelegate(  380): onScreenTurnedOn(): no keyguard service!
V/KeyguardServiceDelegate(  380): *** Keyguard connected (yay!)
D/VoldCmdListener(  107): cryptfs getpw
D/VoldCmdListener(  107): cryptfs clearpw
D/PhoneStatusBar(  491): disable: < EXPAND ICONS* alerts SYSTEM_INFO* BACK HOME RECENT clock SEARCH >
D/BluetoothAdapter(  491): 975489118: getState() :  mService = null. Returning STATE_OFF
D/BluetoothAdapter(  491): 975489118: getState() :  mService = null. Returning STATE_OFF
D/BluetoothAdapter(  491): 975489118: getState() :  mService = null. Returning STATE_OFF
D/BluetoothAdapter(  491): 975489118: getState() :  mService = null. Returning STATE_OFF
D/PhoneStatusBar(  491): disable: < EXPAND ICONS alerts SYSTEM_INFO BACK HOME RECENT clock SEARCH >
D/PhoneStatusBar(  491): disable: < expand* ICONS alerts SYSTEM_INFO back* HOME RECENT clock SEARCH >
V/KeyguardServiceDelegate(  380): **** SHOWN CALLED ****
I/SurfaceFlinger(  108): Boot is finished (17292 ms)
D/libgps  (  380): agps_set_server: Waiting for IPC connection - timeout
E/libgps  (  380): GpsiClient: Can't write to closed pipe
E/libgps  (  380): IPC Communication Error, /tmp/12126680/proprietary/deliverables/android/gps_interface/../gps_interface/gpsi_client/GpsiClient.cpp:1031 agps_set_server
W/OpenGLRenderer(  762): Incorrectly called buildLayer on View: ShortcutAndWidgetContainer, destroying layer...
W/OpenGLRenderer(  762): Incorrectly called buildLayer on View: ShortcutAndWidgetContainer, destroying layer...
I/ActivityManager(  380): Start proc 876:com.android.printspooler/u0a41 for service com.android.printspooler/.model.PrintSpoolerService
I/SystemServiceManager(  380): Starting phase 1000
I/RecoverySystem(  380): Deleted: /cache/recovery/log
I/PrintSpoolerService(  876): No existing print spooler state.
I/ActivityManager(  380): Start proc 897:com.android.keychain/1000 for service com.android.keychain/.KeyChainService
I/BootReceiver(  380): Copying /proc/last_kmsg to DropBox (SYSTEM_LAST_KMSG)
I/art     (  380): Background sticky concurrent mark sweep GC freed 28431(2MB) AllocSpace objects, 12(1025KB) LOS objects, 19% free, 8MB/10MB, paused 4.699ms total 129.455ms
I/FusedLocation(  380): engine started (com.android.location.fused)
I/BootReceiver(  380): Copying audit failures to DropBox
I/BootReceiver(  380): Copied 0 worth of audits to DropBox
I/BootReceiver(  380): Checking for fsck errors
D/PhoneStatusBar(  491): disable: < expand ICONS alerts SYSTEM_INFO back HOME RECENT clock SEARCH >
W/AudioPolicyManager(  114): getOutput() could not find output for stream 1, samplingRate 0,format 0, channels 3, flags 0
W/AudioPolicyManager(  114): getOutput() could not find output for stream 1, samplingRate 0,format 0, channels 3, flags 0
W/AudioPolicyManager(  114): getOutput() could not find output for stream 1, samplingRate 44100,format 1, channels 3, flags 4
E/AudioTrack(  491): Could not get audio output for stream type 1, usage -2147483648, sample rate 44100, format 0x1, channel mask 0x3, flags 0x4
E/SoundPool(  491): Error creating AudioTrack
D/PhoneStatusBar(  491): disable: < expand icons* alerts system_info* back HOME RECENT clock SEARCH >
D/BluetoothAdapter(  491): 975489118: getState() :  mService = null. Returning STATE_OFF
D/BluetoothAdapter(  491): 975489118: getState() :  mService = null. Returning STATE_OFF
D/MtpService(  465): addStorageLocked 65537 /storage/emulated/0
D/MtpService(  465): addStorageLocked 131073 /storage/sdcard1
D/PhoneStatusBar(  491): disable: < expand icons alerts system_info back home* recent* clock search* >
D/lights  (  380): set_light_backlight brightness=31
D/lights  (  380): set_light_backlight brightness=32
E/AudioPolicyManager(  114): getDeviceForStrategy() speaker device not found for STRATEGY_SONIFICATION
W/AudioPolicyManager(  114): getOutput() could not find output for stream 5, samplingRate 0,format 0, channels 3, flags 0
E/ToneGenerator(  491): Unable to marshal AudioFlinger
E/ToneGenerator(  491): ToneGenerator init failed
E/AudioPolicyManager(  114): getDeviceForStrategy() speaker device not found for STRATEGY_SONIFICATION
W/AudioPolicyManager(  114): getOutput() could not find output for stream 5, samplingRate 0,format 0, channels 3, flags 0
E/ToneGenerator(  491): Unable to marshal AudioFlinger
E/ToneGenerator(  491): ToneGenerator init failed
D/lights  (  380): set_light_backlight brightness=33
E/AudioPolicyManager(  114): getDeviceForStrategy() speaker device not found for STRATEGY_SONIFICATION
W/AudioPolicyManager(  114): getOutput() could not find output for stream 5, samplingRate 0,format 0, channels 3, flags 0
E/ToneGenerator(  491): Unable to marshal AudioFlinger
E/ToneGenerator(  491): ToneGenerator init failed
W/AudioPolicyManager(  114): getOutput() could not find output for stream 1, samplingRate 0,format 0, channels 3, flags 0
W/AudioPolicyManager(  114): getOutput() could not find output for stream 1, samplingRate 0,format 0, channels 3, flags 0
W/AudioPolicyManager(  114): getOutput() could not find output for stream 1, samplingRate 48000,format 1, channels 3, flags 4
E/AudioTrack(  380): Could not get audio output for stream type 1, usage 0, sample rate 48000, format 0x1, channel mask 0x3, flags 0x4
E/SoundPool(  380): Error creating AudioTrack
W/AudioPolicyManager(  114): getOutput() could not find output for stream 1, samplingRate 0,format 0, channels 3, flags 0
W/AudioPolicyManager(  114): getOutput() could not find output for stream 1, samplingRate 0,format 0, channels 3, flags 0
W/AudioPolicyManager(  114): getOutput() could not find output for stream 1, samplingRate 48000,format 1, channels 3, flags 4
E/AudioTrack(  380): Could not get audio output for stream type 1, usage 0, sample rate 48000, format 0x1, channel mask 0x3, flags 0x4
I/ActivityManager(  380): START u0 {act=android.intent.action.MAIN cat=[android.intent.category.LAUNCHER] flg=0x10200000 cmp=com.android.music/.MusicBrowserActivity (has extras)} from uid 10006 on display 0
E/SoundPool(  380): Error creating AudioTrack
V/WindowManager(  380): addAppToken: AppWindowToken{3202ff71 token=Token{1ecc2918 ActivityRecord{f14e4fb u0 com.android.music/.MusicBrowserActivity t10}}} to stack=1 task=10 at 0
V/WindowManager(  380): Adding window Window{314a3ce2 u0 Starting com.android.music} at 2 of 7 (after Window{37ba053b u0 com.android.launcher/com.android.launcher2.Launcher})
V/PhoneStatusBar(  491): setLightsOn(true)
I/ActivityManager(  380): START u0 {act=android.intent.action.PICK dat= typ=vnd.android.cursor.dir/track flg=0x4000000 cmp=com.android.music/.TrackBrowserActivity (has extras)} from uid 10033 on display 0
V/WindowManager(  380): addAppToken: AppWindowToken{3f912ba9 token=Token{3ef30330 ActivityRecord{13f4f873 u0 com.android.music/.TrackBrowserActivity t10}}} to stack=1 task=10 at 1
V/WindowManager(  380): Based on layer: Adding window Window{314a3ce2 u0 Starting com.android.music} at 2 of 7
V/PhoneStatusBar(  491): setLightsOn(true)
V/WindowManager(  380): Adding window Window{bc1a6e1 u0 com.android.music/com.android.music.TrackBrowserActivity} at 2 of 8 (before Window{314a3ce2 u0 Starting com.android.music})
W/linker  (  855): gralloc.omap4.so: unused DT entry: type 0xf arg 0x53b
W/linker  (  855): libpvr2d_SGX540_120.so: unused DT entry: type 0xf arg 0x767
I/ActivityManager(  380): Displayed com.android.music/.TrackBrowserActivity: +202ms (total +417ms)
W/AudioPolicyManager(  114): getOutput() could not find output for stream 1, samplingRate 0,format 0, channels 3, flags 0
W/AudioPolicyManager(  114): getOutput() could not find output for stream 1, samplingRate 0,format 0, channels 3, flags 0
W/AudioPolicyManager(  114): getOutput() could not find output for stream 1, samplingRate 48000,format 1, channels 3, flags 4
E/AudioTrack(  380): Could not get audio output for stream type 1, usage 0, sample rate 48000, format 0x1, channel mask 0x3, flags 0x4
E/SoundPool(  380): Error creating AudioTrack
E/MediaPlayer(  855): Should have subtitle controller already set
E/MediaPlayer(  855): Should have subtitle controller already set
I/MediaFocusControl(  380):  AudioFocus  requestAudioFocus() from android.media.AudioManager@3ab16906com.android.music.MediaPlaybackService$3@c2dbbc7 req=1flags=0x0
D/NuPlayerDriver(  114): start(0x4202d1c0)
I/GenericSource(  114): start
E/Utils   (  114):  Couldn't map mime type "audio/g711-alaw" to a valid AudioSystem::audio_format !
E/Utils   (  114):  Couldn't map mime type "audio/g711-alaw" to a valid AudioSystem::audio_format !
I/ActivityManager(  380): START u0 {act=com.android.music.PLAYBACK_VIEWER flg=0x4000000 cmp=com.android.music/.MediaPlaybackActivity} from uid 10033 on display 0
V/WindowManager(  380): addAppToken: AppWindowToken{db07cdb token=Token{39f8f1ea ActivityRecord{3fdae5d5 u0 com.android.music/.MediaPlaybackActivity t11}}} to stack=1 task=11 at 0
D/PermissionCache(  108): checking android.permission.READ_FRAME_BUFFER for uid=1000 => granted (213 us)
W/AudioPolicyManager(  114): getOutput() could not find output for stream 3, samplingRate 0,format 0, channels 3, flags 0
W/NuPlayerRenderer(  114): openAudioSink: non offloaded open failed status: -19
E/NuPlayerDecoder(  114): Failed to open AudioSink on format change for OMX.google.g711.alaw.decoder (err=-19)
E/NuPlayer(  114): received error(0xffffffed) from audio decoder, flushing(0), now shutting down
E/MediaPlayer(  855): error (1, -19)
V/WindowManager(  380): Adding window Window{14f10a51 u0 Starting com.android.music} at 3 of 8 (after Window{bc1a6e1 u0 com.android.music/com.android.music.TrackBrowserActivity})
E/MediaPlayer(  855): Should have subtitle controller already set
E/MediaPlayer(  855): Should have subtitle controller already set
E/MediaPlayer(  855): Error (1,-19)
D/MultiPlayer(  855): Error: 1,-19
D/NuPlayerDriver(  114): reset(0x4202d1c0)
D/NuPlayerDriver(  114): notifyResetComplete(0x4202d1c0)
V/PhoneStatusBar(  491): setLightsOn(true)
E/MediaPlayer(  855): Should have subtitle controller already set
V/WindowManager(  380): Adding window Window{3c29a99a u0 com.android.music/com.android.music.MediaPlaybackActivity} at 3 of 9 (before Window{14f10a51 u0 Starting com.android.music})
I/Choreographer(  855): Skipped 42 frames!  The application may be doing too much work on its main thread.
E/MediaPlayer(  855): Should have subtitle controller already set
I/ActivityManager(  380): Displayed com.android.music/.MediaPlaybackActivity: +871ms
W/ResourceType(  491): No package identifier when getting value for resource number 0x00000000
W/PackageManager(  491): Failure retrieving resources for com.android.music: Resource ID #0x0
E/AudioPolicyManager(  114): getDeviceForStrategy() speaker device not found for STRATEGY_SONIFICATION
W/AudioPolicyManager(  114): getOutput() could not find output for stream 5, samplingRate 0,format 0, channels 3, flags 0
E/ToneGenerator(  491): Unable to marshal AudioFlinger
E/ToneGenerator(  491): ToneGenerator init failed
E/AudioPolicyManager(  114): getDeviceForStrategy() speaker device not found for STRATEGY_SONIFICATION
W/AudioPolicyManager(  114): getOutput() could not find output for stream 5, samplingRate 0,format 0, channels 3, flags 0
E/ToneGenerator(  491): Unable to marshal AudioFlinger
E/ToneGenerator(  491): ToneGenerator init failed
I/ActivityManager(  380): Waited long enough for: ServiceRecord{8c35d0e u0 com.android.providers.media/.MediaScannerService}
D/NuPlayerDriver(  114): seekTo(0x41473dc0) 103317 ms
W/AudioPolicyManager(  114): getOutput() could not find output for stream 1, samplingRate 0,format 0, channels 3, flags 0
W/AudioPolicyManager(  114): getOutput() could not find output for stream 1, samplingRate 0,format 0, channels 3, flags 0
W/AudioPolicyManager(  114): getOutput() could not find output for stream 1, samplingRate 48000,format 1, channels 3, flags 4
E/AudioTrack(  380): Could not get audio output for stream type 1, usage 0, sample rate 48000, format 0x1, channel mask 0x3, flags 0x4
E/SoundPool(  380): Error creating AudioTrack
V/PhoneStatusBar(  491): setLightsOn(true)
I/art     (  380): Background partial concurrent mark sweep GC freed 5846(494KB) AllocSpace objects, 15(1156KB) LOS objects, 31% free, 8MB/12MB, paused 2.197ms total 176.269ms
W/AudioPolicyManager(  114): getOutput() could not find output for stream 1, samplingRate 0,format 0, channels 3, flags 0
W/AudioPolicyManager(  114): getOutput() could not find output for stream 1, samplingRate 0,format 0, channels 3, flags 0
W/AudioPolicyManager(  114): getOutput() could not find output for stream 1, samplingRate 48000,format 1, channels 3, flags 4
I/Choreographer(  491): Skipped 123 frames!  The application may be doing too much work on its main thread.
E/AudioTrack(  380): Could not get audio output for stream type 1, usage 0, sample rate 48000, format 0x1, channel mask 0x3, flags 0x4
