I/DEBUG   (  111):     #04 pc 0004ec43  /system/lib/libmediaplayerservice.so (android::NuPlayer::Decoder::onMessageReceived(android::sp<android::AMessage> const&)+158)
I/DEBUG   (  111):     #05 pc 0000c533  /system/lib/libstagefright_foundation.so (android::ALooperRoster::deliverMessage(android::sp<android::AMessage> const&)+166)
I/DEBUG   (  111):     #06 pc 0000beb5  /system/lib/libstagefright_foundation.so (android::ALooper::loop()+220)
I/DEBUG   (  111):     #07 pc 000105ad  /system/lib/libutils.so (android::Thread::_threadLoop(void*)+112)
I/DEBUG   (  111):     #08 pc 0001011d  /system/lib/libutils.so
I/DEBUG   (  111):     #09 pc 00016ea3  /system/lib/libc.so (__pthread_start(void*)+30)
I/DEBUG   (  111):     #10 pc 00014deb  /system/lib/libc.so (__start_thread+6)
I/DEBUG   (  111): 
I/DEBUG   (  111): Tombstone written to: /data/tombstones/tombstone_06
I/BootReceiver(  403): Copying /data/tombstones/tombstone_06 to DropBox (SYSTEM_TOMBSTONE)
I/ServiceManager(  105): service 'media.audio_flinger' died
W/IMediaDeathNotifier(  403): media server died
E/SoundPool(  403): Unable to load sample: (null)
I/ServiceManager(  105): service 'media.player' died
I/ServiceManager(  105): service 'media.audio_policy' died
I/ServiceManager(  105): service 'media.camera' died
W/AudioSystem( 2797): AudioFlinger server died!
I/ServiceManager(  105): service 'media.sound_trigger_hw' died
I/ServiceManager(  403): Waiting for service media.player...
I/ActivityManager(  403): START u0 {act=android.settings.SETTINGS flg=0x14000000 cmp=com.android.settings/.Settings} from uid 10012 on display 0
V/WindowManager(  403): addAppToken: AppWindowToken{20170690 token=Token{26a36d53 ActivityRecord{2b47f942 u0 com.android.settings/.Settings t7}}} to stack=1 task=7 at 0
V/WindowManager(  403): Adding window Window{28872c1 u0 Starting com.android.settings} at 3 of 8 (after Window{121b0354 u0 com.android.launcher/com.android.launcher2.Launcher})
W/art     ( 1226): Suspending all threads took: 10.223ms
I/art     ( 1226): Background sticky concurrent mark sweep GC freed 1012(212KB) AllocSpace objects, 0(0B) LOS objects, 10% free, 2MB/2MB, paused 27.374ms total 70.037ms
D/OpenGLRenderer( 1226): Use EGL_SWAP_BEHAVIOR_PRESERVED: true
W/linker  ( 1226): gralloc.omap4.so: unused DT entry: type 0xf arg 0x53b
W/linker  ( 1226): libpvr2d_SGX540_120.so: unused DT entry: type 0xf arg 0x767
D/Atlas   ( 1226): Validating map...
V/WindowManager(  403): Adding window Window{205bac84 u0 com.android.settings/com.android.settings.Settings} at 3 of 9 (before Window{28872c1 u0 Starting com.android.settings})
D/PhoneStatusBar(  907): disable: < expand icons* alerts system_info* back home recent clock search >
I/IndexDatabaseHelper( 1226): Bootstrapped database
I/IndexDatabaseHelper( 1226): Using schema version: 115
D/DashboardSummary( 1226): rebuildUI took: 247 ms
I/IndexDatabaseHelper( 1226): Index is fine
I/ServiceManager(  403): Waiting for service media.player...
I/OpenGLRenderer( 1226): Initialized EGL, version 1.4
W/OpenGLRenderer( 1226): Failed to choose config with EGL_SWAP_BEHAVIOR_PRESERVED, retrying without...
D/OpenGLRenderer( 1226): Enabling debug mode 0
W/linker  ( 1226): libglslcompiler_SGX540_120.so: unused DT entry: type 0xf arg 0x3db
I/ActivityManager(  403): Displayed com.android.settings/.Settings: +1s230ms
V/NFC     ( 1226): this device does not have NFC support
D/WifiService(  403): New client listening to asynchronous messages
I/ServiceManager(  403): Waiting for service media.player...
D/BluetoothManagerService(  403): Message: 20
D/BluetoothManagerService(  403): Added callback: android.bluetooth.IBluetoothManagerCallback$Stub$Proxy@3cba8d8f:true
D/BluetoothAdapter( 1226): 526794544: getState() :  mService = null. Returning STATE_OFF
D/BluetoothManagerService(  403): Message: 30
D/LocalBluetoothProfileManager( 1226): Adding local MAP profile
D/BluetoothManagerService(  403): Message: 30
D/BluetoothMap( 1226): Create BluetoothMap proxy object
D/BluetoothManagerService(  403): Message: 30
D/BluetoothManagerService(  403): Message: 30
D/LocalBluetoothProfileManager( 1226): LocalBluetoothProfileManager construction complete
D/BluetoothAdapter( 1226): 526794544: getState() :  mService = null. Returning STATE_OFF
D/Index   ( 1226): Indexing locale 'en_US' took 1451 millis
I/ActivityManager(  403): START u0 {act=android.intent.action.MAIN cmp=com.android.settings/.SubSettings (has extras)} from uid 1000 on display 0
V/WindowManager(  403): addAppToken: AppWindowToken{381f1daa token=Token{2cd36895 ActivityRecord{168db04c u0 com.android.settings/.SubSettings t7}}} to stack=1 task=7 at 1
I/ServiceManager(  403): Waiting for service media.player...
D/SubSettings( 1226): Launching fragment com.android.settings.DeviceInfoSettings
I/art     ( 1226): Background sticky concurrent mark sweep GC freed 4094(303KB) AllocSpace objects, 0(0B) LOS objects, 8% free, 3MB/4MB, paused 6.134ms total 45.227ms
D/DeviceInfoSettings( 1226): Property 'ro.url.safetylegal' missing and no 'safetylegal' preference
V/WindowManager(  403): Adding window Window{9b02513 u0 com.android.settings/com.android.settings.SubSettings} at 4 of 9 (after Window{205bac84 u0 com.android.settings/com.android.settings.Settings})
I/ActivityManager(  403): Displayed com.android.settings/.SubSettings: +444ms
I/ServiceManager(  403): Waiting for service media.player...
I/mediaserver( 2908): ServiceManager: 0x414700c0
I/AudioFlinger( 2908): Using default 3000 mSec as standby time.
I/CameraService( 2908): CameraService started (pid=2908)
I/CameraService( 2908): Loaded "Espresso Camera Wrapper" camera module
V/CameraWrapper( 2908): camera_get_number_of_cameras
V/CameraWrapper( 2908): check_vendor_module
W/linker  ( 2908): libion.omap4.so has text relocations. This is wasting memory and prevents security hardening. Please fix.
W/linker  ( 2908): libmm_osal.so has text relocations. This is wasting memory and prevents security hardening. Please fix.
W/linker  ( 2908): libsecnativefeature.so has text relocations. This is wasting memory and prevents security hardening. Please fix.
W/linker  ( 2908): libdomx.so has text relocations. This is wasting memory and prevents security hardening. Please fix.
W/linker  ( 2908): libOMX_Core.so has text relocations. This is wasting memory and prevents security hardening. Please fix.
W/linker  ( 2908): libtiutils.so has text relocations. This is wasting memory and prevents security hardening. Please fix.
E/HAL     ( 2908): load: module=/system/lib/hw/camera.vendor.piranha.so
E/HAL     ( 2908): dlopen failed: cannot locate symbol "_ZN7android10VectorImpl19reservedVectorImpl1Ev" referenced by "libtiutils.so"...
E/CameraWrapper( 2908): failed to open vendor camera module
I/AudioPolicyService( 2908): AudioPolicyService CSTOR in new mode
I/AudioPolicyManager( 2908): loadAudioPolicyConfig() loaded /system/etc/audio_policy.conf
V/audio_hw_primary( 2908): Reading configuration from /system/etc/sound/p3110
E/audio_hw_primary( 2908): Failed to open /system/etc/sound/p3110
E/AudioFlinger( 2908): int android::load_audio_interface(const char*, audio_hw_device_t**) couldn't open audio hw device in audio.primary (Invalid argument)
I/AudioFlinger( 2908): loadHwModule() error -22 loading module primary 
W/AudioPolicyManager( 2908): could not open HW module primary
I/audio_a2dp_hw( 2908): adev_open:  adev_open in A2dp_hw module
I/AudioFlinger( 2908): loadHwModule() Loaded a2dp audio interface from A2DP Audio HW HAL (audio) handle 1
I/AudioFlinger( 2908): loadHwModule() Loaded usb audio interface from USB audio HW HAL (audio) handle 2
I/r_submix( 2908): adev_open(name=audio_hw_if)
I/r_submix( 2908): adev_init_check()
I/AudioFlinger( 2908): loadHwModule() Loaded r_submix audio interface from Wifi Display audio HAL (audio) handle 3
D/r_submix( 2908): adev_open_input_stream(addr=0)
D/r_submix( 2908): submix_audio_device_create_pipe_l(addr=0, idx=9)
D/r_submix( 2908):   now using address 0 for route 9
E/MonoPipe( 2908): Failed to fetch local time frequency when constructing a MonoPipe (res = -32).  getNextWriteTimestamp calls will be non-functional
I/AudioFlinger( 2908): AudioFlinger's thread 0x414e7000 ready to run
D/r_submix( 2908): adev_close_input_stream()
D/r_submix( 2908): submix_audio_device_release_pipe_l(idx=9) addr=0
D/r_submix( 2908): submix_audio_device_destroy_pipe_l(): pipe destroyed
W/AudioPolicyManager( 2908): Input device 00000002 unreachable
W/AudioPolicyManager( 2908): Input device 80000004 unreachable
E/AudioPolicyManager( 2908): Default device 00000002 is unreachable
E/AudioPolicyManager( 2908): Failed to open primary output
E/AudioPolicyManager( 2908): getDeviceForStrategy() speaker device not found for STRATEGY_SONIFICATION
E/AudioPolicyManager( 2908): getDeviceForStrategy() speaker device not found for STRATEGY_SONIFICATION
E/AudioPolicyManager( 2908): getDeviceForStrategy() no device found for STRATEGY_TRANSMITTED_THROUGH_SPEAKER
E/SoundTriggerHwService( 2908): couldn't load sound trigger module sound_trigger.primary (No such file or directory)
W/IMediaDeathNotifier(  403): Media player service not published, waiting...
D/NuPlayerDriver( 2908): start(0x41473d00)
I/GenericSource( 2908): start
E/OMX     ( 2908): FAILED to allocate omx component 'OMX.TI.DUCATI1.VIDEO.DECODER'
E/OMX     ( 2908): FAILED to allocate omx component 'OMX.TI.DUCATI1.VIDEO.DECODER'
E/OMX     ( 2908): FAILED to allocate omx component 'OMX.TI.DUCATI1.VIDEO.DECODER'
E/OMX     ( 2908): FAILED to allocate omx component 'OMX.TI.DUCATI1.VIDEO.MPEG4E'
E/OMX     ( 2908): FAILED to allocate omx component 'OMX.TI.DUCATI1.VIDEO.MPEG4E'
E/OMX     ( 2908): FAILED to allocate omx component 'OMX.TI.DUCATI1.VIDEO.H264E'
W/OMXNodeInstance( 2908): [f:google.mpeg4.decoder] component does not support metadata mode; using fallback
W/OMXNodeInstance( 2908): [10:google.mpeg4.decoder] component does not support metadata mode; using fallback
W/MediaCodecList( 2908): ignoring Limit specified outside of a Type
W/MediaCodecList( 2908): ignoring Limit specified outside of a Type
W/MediaCodecList( 2908): ignoring Limit specified outside of a Type
W/MediaCodecList( 2908): ignoring Limit specified outside of a Type
W/MediaCodecList( 2908): ignoring Limit specified outside of a Type
W/MediaCodecList( 2908): ignoring Feature specified outside of a Type
W/OMXNodeInstance( 2908): [11:google.h263.decoder] component does not support metadata mode; using fallback
W/OMXNodeInstance( 2908): [12:google.h264.decoder] component does not support metadata mode; using fallback
D/SoftHEVC( 2908): Number of CPU cores: 2
D/SoftHEVC( 2908): Initializing decoder
D/SoftHEVC( 2908): Set number of cores to 2
D/SoftHEVC( 2908): Ittiam decoder version number: @(#)Id:HEVCDEC_production Ver:04.01 Released by ITTIAM Build: Mar 15 2015 @ 02:21:21
W/OMXNodeInstance( 2908): [13:google.hevc.decoder] component does not support metadata mode; using fallback
D/SoftHEVC( 2908): Freeing codec memory
D/SoftHEVC( 2908): Number of CPU cores: 2
D/SoftHEVC( 2908): Initializing decoder
D/SoftHEVC( 2908): Set number of cores to 2
D/SoftHEVC( 2908): Ittiam decoder version number: @(#)Id:HEVCDEC_production Ver:04.01 Released by ITTIAM Build: Mar 15 2015 @ 02:21:21
D/SoftHEVC( 2908): In SoftHEVC::~SoftHEVC
D/SoftHEVC( 2908): Freeing codec memory
W/OMXNodeInstance( 2908): [14:google.vp8.decoder] component does not support metadata mode; using fallback
W/OMXNodeInstance( 2908): [15:google.vp9.decoder] component does not support metadata mode; using fallback
I/SoftMPEG4Encoder( 2908): Construct SoftMPEG4Encoder
W/ACodec  ( 2908): do not know color format 0x7f000789 = 2130708361
I/SoftAVCEncoder( 2908): Construct SoftAVCEncoder
W/ACodec  ( 2908): do not know color format 0x7f000789 = 2130708361
I/SoftMPEG4Encoder( 2908): Construct SoftMPEG4Encoder
W/ACodec  ( 2908): do not know color format 0x7f000789 = 2130708361
W/ACodec  ( 2908): do not know color format 0x7f000789 = 2130708361
W/MediaCodecList( 2908): unable to open media codecs configuration xml file: /etc/media_codecs_ffmpeg.xml
F/libc    ( 2908): Fatal signal 11 (SIGSEGV), code 1, fault addr 0x0 in tid 2917 (NPDecoder)
I/DEBUG   (  111): *** *** *** *** *** *** *** *** *** *** *** *** *** *** *** ***
I/DEBUG   (  111): Build fingerprint: 'samsung/aosp_p3110/p3110:5.1/LMY47D/android-andi03150145:userdebug/test-keys'
I/DEBUG   (  111): Revision: '10'
I/DEBUG   (  111): ABI: 'arm'
I/DEBUG   (  111): pid: 2908, tid: 2917, name: NPDecoder  >>> /system/bin/mediaserver <<<
I/DEBUG   (  111): signal 11 (SIGSEGV), code 1 (SEGV_MAPERR), fault addr 0x0
W/NativeCrashListener(  403): Couldn't find ProcessRecord for pid 2908
I/DEBUG   (  111):     r0 42772bc8  r1 40a037c8  r2 00000001  r3 00000000
E/DEBUG   (  111): AM write failure (32 / Broken pipe)
I/DEBUG   (  111):     r4 414936c0  r5 42772bdc  r6 42772bd0  r7 00000001
I/DEBUG   (  111):     r8 42772c1c  r9 40a00400  sl 42772bc8  fp 00000000
I/DEBUG   (  111):     ip 40a00b6c  sp 42772bb8  lr 40973f5f  pc 409700b2  cpsr 600d0030
I/DEBUG   (  111): 
I/DEBUG   (  111): backtrace:
I/DEBUG   (  111):     #00 pc 000820b2  /system/lib/libstagefright.so (android::MediaCodec::init(android::AString const&, bool, bool)+233)
I/DEBUG   (  111):     #01 pc 00082319  /system/lib/libstagefright.so (android::MediaCodec::CreateByType(android::sp<android::ALooper> const&, char const*, bool, int*)+66)
I/DEBUG   (  111):     #02 pc 0004d93d  /system/lib/libmediaplayerservice.so (android::NuPlayer::Decoder::onConfigure(android::sp<android::AMessage> const&)+256)
I/DEBUG   (  111):     #03 pc 0004f039  /system/lib/libmediaplayerservice.so (android::NuPlayer::DecoderBase::onMessageReceived(android::sp<android::AMessage> const&)+116)
I/DEBUG   (  111):     #04 pc 0004ec43  /system/lib/libmediaplayerservice.so (android::NuPlayer::Decoder::onMessageReceived(android::sp<android::AMessage> const&)+158)
I/DEBUG   (  111):     #05 pc 0000c533  /system/lib/libstagefright_foundation.so (android::ALooperRoster::deliverMessage(android::sp<android::AMessage> const&)+166)
I/DEBUG   (  111):     #06 pc 0000beb5  /system/lib/libstagefright_foundation.so (android::ALooper::loop()+220)
I/DEBUG   (  111):     #07 pc 000105ad  /system/lib/libutils.so (android::Thread::_threadLoop(void*)+112)
I/DEBUG   (  111):     #08 pc 0001011d  /system/lib/libutils.so
I/DEBUG   (  111):     #09 pc 00016ea3  /system/lib/libc.so (__pthread_start(void*)+30)
I/DEBUG   (  111):     #10 pc 00014deb  /system/lib/libc.so (__start_thread+6)
I/DEBUG   (  111): 
I/DEBUG   (  111): Tombstone written to: /data/tombstones/tombstone_07
I/BootReceiver(  403): Copying /data/tombstones/tombstone_07 to DropBox (SYSTEM_TOMBSTONE)
E/SoundPool(  403): Unable to load sample: (null)
W/IMediaDeathNotifier(  403): media server died
I/ServiceManager(  105): service 'media.audio_flinger' died
I/ServiceManager(  105): service 'media.player' died
I/ServiceManager(  105): service 'media.audio_policy' died
I/ServiceManager(  105): service 'media.camera' died
I/ServiceManager(  105): service 'media.sound_trigger_hw' died
W/AudioService(  403): onLoadSoundEffects(), Error -32 while loading samples
I/ServiceManager(  403): Waiting for service media.player...
I/ServiceManager(  403): Waiting for service media.player...
I/ServiceManager(  403): Waiting for service media.player...
I/mediaserver( 2974): ServiceManager: 0x414700c0
I/AudioFlinger( 2974): Using default 3000 mSec as standby time.
I/CameraService( 2974): CameraService started (pid=2974)
I/CameraService( 2974): Loaded "Espresso Camera Wrapper" camera module
V/CameraWrapper( 2974): camera_get_number_of_cameras
V/CameraWrapper( 2974): check_vendor_module
W/linker  ( 2974): libion.omap4.so has text relocations. This is wasting memory and prevents security hardening. Please fix.
W/linker  ( 2974): libmm_osal.so has text relocations. This is wasting memory and prevents security hardening. Please fix.
W/linker  ( 2974): libsecnativefeature.so has text relocations. This is wasting memory and prevents security hardening. Please fix.
W/linker  ( 2974): libdomx.so has text relocations. This is wasting memory and prevents security hardening. Please fix.
W/linker  ( 2974): libOMX_Core.so has text relocations. This is wasting memory and prevents security hardening. Please fix.
W/linker  ( 2974): libtiutils.so has text relocations. This is wasting memory and prevents security hardening. Please fix.
E/HAL     ( 2974): load: module=/system/lib/hw/camera.vendor.piranha.so
E/HAL     ( 2974): dlopen failed: cannot locate symbol "_ZN7android10VectorImpl19reservedVectorImpl1Ev" referenced by "libtiutils.so"...
E/CameraWrapper( 2974): failed to open vendor camera module
I/AudioPolicyService( 2974): AudioPolicyService CSTOR in new mode
I/AudioPolicyManager( 2974): loadAudioPolicyConfig() loaded /system/etc/audio_policy.conf
V/audio_hw_primary( 2974): Reading configuration from /system/etc/sound/p3110
E/audio_hw_primary( 2974): Failed to open /system/etc/sound/p3110
E/AudioFlinger( 2974): int android::load_audio_interface(const char*, audio_hw_device_t**) couldn't open audio hw device in audio.primary (Invalid argument)
I/AudioFlinger( 2974): loadHwModule() error -22 loading module primary 
W/AudioPolicyManager( 2974): could not open HW module primary
I/audio_a2dp_hw( 2974): adev_open:  adev_open in A2dp_hw module
I/AudioFlinger( 2974): loadHwModule() Loaded a2dp audio interface from A2DP Audio HW HAL (audio) handle 1
I/AudioFlinger( 2974): loadHwModule() Loaded usb audio interface from USB audio HW HAL (audio) handle 2
I/r_submix( 2974): adev_open(name=audio_hw_if)
I/r_submix( 2974): adev_init_check()
I/AudioFlinger( 2974): loadHwModule() Loaded r_submix audio interface from Wifi Display audio HAL (audio) handle 3
D/r_submix( 2974): adev_open_input_stream(addr=0)
D/r_submix( 2974): submix_audio_device_create_pipe_l(addr=0, idx=9)
D/r_submix( 2974):   now using address 0 for route 9
E/MonoPipe( 2974): Failed to fetch local time frequency when constructing a MonoPipe (res = -32).  getNextWriteTimestamp calls will be non-functional
I/AudioFlinger( 2974): AudioFlinger's thread 0x414e7000 ready to run
D/r_submix( 2974): adev_close_input_stream()
D/r_submix( 2974): submix_audio_device_release_pipe_l(idx=9) addr=0
D/r_submix( 2974): submix_audio_device_destroy_pipe_l(): pipe destroyed
W/AudioPolicyManager( 2974): Input device 00000002 unreachable
W/AudioPolicyManager( 2974): Input device 80000004 unreachable
E/AudioPolicyManager( 2974): Default device 00000002 is unreachable
E/AudioPolicyManager( 2974): Failed to open primary output
E/AudioPolicyManager( 2974): getDeviceForStrategy() speaker device not found for STRATEGY_SONIFICATION
E/AudioPolicyManager( 2974): getDeviceForStrategy() speaker device not found for STRATEGY_SONIFICATION
E/AudioPolicyManager( 2974): getDeviceForStrategy() no device found for STRATEGY_TRANSMITTED_THROUGH_SPEAKER
E/SoundTriggerHwService( 2974): couldn't load sound trigger module sound_trigger.primary (No such file or directory)
D/NuPlayerDriver( 2974): start(0x41473d00)
I/GenericSource( 2974): start
E/OMX     ( 2974): FAILED to allocate omx component 'OMX.TI.DUCATI1.VIDEO.DECODER'
E/OMX     ( 2974): FAILED to allocate omx component 'OMX.TI.DUCATI1.VIDEO.DECODER'
E/OMX     ( 2974): FAILED to allocate omx component 'OMX.TI.DUCATI1.VIDEO.DECODER'
E/OMX     ( 2974): FAILED to allocate omx component 'OMX.TI.DUCATI1.VIDEO.MPEG4E'
E/OMX     ( 2974): FAILED to allocate omx component 'OMX.TI.DUCATI1.VIDEO.MPEG4E'
E/OMX     ( 2974): FAILED to allocate omx component 'OMX.TI.DUCATI1.VIDEO.H264E'
W/OMXNodeInstance( 2974): [f:google.mpeg4.decoder] component does not support metadata mode; using fallback
W/OMXNodeInstance( 2974): [10:google.mpeg4.decoder] component does not support metadata mode; using fallback
W/MediaCodecList( 2974): ignoring Limit specified outside of a Type
W/MediaCodecList( 2974): ignoring Limit specified outside of a Type
W/MediaCodecList( 2974): ignoring Limit specified outside of a Type
W/MediaCodecList( 2974): ignoring Limit specified outside of a Type
W/MediaCodecList( 2974): ignoring Limit specified outside of a Type
W/MediaCodecList( 2974): ignoring Feature specified outside of a Type
W/OMXNodeInstance( 2974): [11:google.h263.decoder] component does not support metadata mode; using fallback
W/OMXNodeInstance( 2974): [12:google.h264.decoder] component does not support metadata mode; using fallback
D/SoftHEVC( 2974): Number of CPU cores: 2
D/SoftHEVC( 2974): Initializing decoder
D/SoftHEVC( 2974): Set number of cores to 2
D/SoftHEVC( 2974): Ittiam decoder version number: @(#)Id:HEVCDEC_production Ver:04.01 Released by ITTIAM Build: Mar 15 2015 @ 02:21:21
W/OMXNodeInstance( 2974): [13:google.hevc.decoder] component does not support metadata mode; using fallback
D/SoftHEVC( 2974): Freeing codec memory
D/SoftHEVC( 2974): Number of CPU cores: 2
D/SoftHEVC( 2974): Initializing decoder
D/SoftHEVC( 2974): Set number of cores to 2
D/SoftHEVC( 2974): Ittiam decoder version number: @(#)Id:HEVCDEC_production Ver:04.01 Released by ITTIAM Build: Mar 15 2015 @ 02:21:21
D/SoftHEVC( 2974): In SoftHEVC::~SoftHEVC
D/SoftHEVC( 2974): Freeing codec memory
W/OMXNodeInstance( 2974): [14:google.vp8.decoder] component does not support metadata mode; using fallback
W/OMXNodeInstance( 2974): [15:google.vp9.decoder] component does not support metadata mode; using fallback
I/SoftMPEG4Encoder( 2974): Construct SoftMPEG4Encoder
W/ACodec  ( 2974): do not know color format 0x7f000789 = 2130708361
I/SoftAVCEncoder( 2974): Construct SoftAVCEncoder
W/ACodec  ( 2974): do not know color format 0x7f000789 = 2130708361
I/SoftMPEG4Encoder( 2974): Construct SoftMPEG4Encoder
W/ACodec  ( 2974): do not know color format 0x7f000789 = 2130708361
W/ACodec  ( 2974): do not know color format 0x7f000789 = 2130708361
W/MediaCodecList( 2974): unable to open media codecs configuration xml file: /etc/media_codecs_ffmpeg.xml
F/libc    ( 2974): Fatal signal 11 (SIGSEGV), code 1, fault addr 0x0 in tid 2983 (NPDecoder)
I/DEBUG   (  111): *** *** *** *** *** *** *** *** *** *** *** *** *** *** *** ***
I/DEBUG   (  111): Build fingerprint: 'samsung/aosp_p3110/p3110:5.1/LMY47D/android-andi03150145:userdebug/test-keys'
I/DEBUG   (  111): Revision: '10'
I/DEBUG   (  111): ABI: 'arm'
W/NativeCrashListener(  403): Couldn't find ProcessRecord for pid 2974
I/DEBUG   (  111): pid: 2974, tid: 2983, name: NPDecoder  >>> /system/bin/mediaserver <<<
E/DEBUG   (  111): AM write failure (32 / Broken pipe)
I/DEBUG   (  111): signal 11 (SIGSEGV), code 1 (SEGV_MAPERR), fault addr 0x0
I/DEBUG   (  111):     r0 42772bc8  r1 40a277c8  r2 00000001  r3 00000000
I/DEBUG   (  111):     r4 414936c0  r5 42772bdc  r6 42772bd0  r7 00000001
I/DEBUG   (  111):     r8 42772c1c  r9 40a24400  sl 42772bc8  fp 00000000
I/DEBUG   (  111):     ip 40a24b6c  sp 42772bb8  lr 40997f5f  pc 409940b2  cpsr 600d0030
I/DEBUG   (  111): 
I/DEBUG   (  111): backtrace:
I/DEBUG   (  111):     #00 pc 000820b2  /system/lib/libstagefright.so (android::MediaCodec::init(android::AString const&, bool, bool)+233)
I/DEBUG   (  111):     #01 pc 00082319  /system/lib/libstagefright.so (android::MediaCodec::CreateByType(android::sp<android::ALooper> const&, char const*, bool, int*)+66)
I/DEBUG   (  111):     #02 pc 0004d93d  /system/lib/libmediaplayerservice.so (android::NuPlayer::Decoder::onConfigure(android::sp<android::AMessage> const&)+256)
I/DEBUG   (  111):     #03 pc 0004f039  /system/lib/libmediaplayerservice.so (android::NuPlayer::DecoderBase::onMessageReceived(android::sp<android::AMessage> const&)+116)
I/DEBUG   (  111):     #04 pc 0004ec43  /system/lib/libmediaplayerservice.so (android::NuPlayer::Decoder::onMessageReceived(android::sp<android::AMessage> const&)+158)
I/DEBUG   (  111):     #05 pc 0000c533  /system/lib/libstagefright_foundation.so (android::ALooperRoster::deliverMessage(android::sp<android::AMessage> const&)+166)
I/DEBUG   (  111):     #06 pc 0000beb5  /system/lib/libstagefright_foundation.so (android::ALooper::loop()+220)
I/DEBUG   (  111):     #07 pc 000105ad  /system/lib/libutils.so (android::Thread::_threadLoop(void*)+112)
I/DEBUG   (  111):     #08 pc 0001011d  /system/lib/libutils.so
I/DEBUG   (  111):     #09 pc 00016ea3  /system/lib/libc.so (__pthread_start(void*)+30)
I/DEBUG   (  111):     #10 pc 00014deb  /system/lib/libc.so (__start_thread+6)
I/DEBUG   (  111): 
I/DEBUG   (  111): Tombstone written to: /data/tombstones/tombstone_08
I/BootReceiver(  403): Copying /data/tombstones/tombstone_08 to DropBox (SYSTEM_TOMBSTONE)
E/SoundPool(  403): Unable to load sample: (null)
I/ServiceManager(  105): service 'media.audio_flinger' died
I/ServiceManager(  105): service 'media.player' died
I/ServiceManager(  105): service 'media.audio_policy' died
W/IMediaDeathNotifier(  403): media server died
I/ServiceManager(  105): service 'media.camera' died
I/ServiceManager(  105): service 'media.sound_trigger_hw' died
I/ServiceManager(  403): Waiting for service media.player...
I/ServiceManager(  403): Waiting for service media.player...
D/DashboardSummary( 1226): rebuildUI took: 130 ms
I/ServiceManager(  403): Waiting for service media.player...
I/ServiceManager(  403): Waiting for service media.player...
W/OpenGLRenderer( 1315): Incorrectly called buildLayer on View: ShortcutAndWidgetContainer, destroying layer...
W/OpenGLRenderer( 1315): Incorrectly called buildLayer on View: ShortcutAndWidgetContainer, destroying layer...
W/ResourceType(  907): No package identifier when getting value for resource number 0x00000000
W/PackageManager(  907): Failure retrieving resources for com.android.settings: Resource ID #0x0
I/ServiceManager(  403): Waiting for service media.player...
I/mediaserver( 3045): ServiceManager: 0x414700c0
I/AudioFlinger( 3045): Using default 3000 mSec as standby time.
I/CameraService( 3045): CameraService started (pid=3045)
I/CameraService( 3045): Loaded "Espresso Camera Wrapper" camera module
V/CameraWrapper( 3045): camera_get_number_of_cameras
V/CameraWrapper( 3045): check_vendor_module
W/linker  ( 3045): libion.omap4.so has text relocations. This is wasting memory and prevents security hardening. Please fix.
W/linker  ( 3045): libmm_osal.so has text relocations. This is wasting memory and prevents security hardening. Please fix.
W/linker  ( 3045): libsecnativefeature.so has text relocations. This is wasting memory and prevents security hardening. Please fix.
W/linker  ( 3045): libdomx.so has text relocations. This is wasting memory and prevents security hardening. Please fix.
W/linker  ( 3045): libOMX_Core.so has text relocations. This is wasting memory and prevents security hardening. Please fix.
W/linker  ( 3045): libtiutils.so has text relocations. This is wasting memory and prevents security hardening. Please fix.
E/HAL     ( 3045): load: module=/system/lib/hw/camera.vendor.piranha.so
E/HAL     ( 3045): dlopen failed: cannot locate symbol "_ZN7android10VectorImpl19reservedVectorImpl1Ev" referenced by "libtiutils.so"...
E/CameraWrapper( 3045): failed to open vendor camera module
I/AudioPolicyService( 3045): AudioPolicyService CSTOR in new mode
I/AudioPolicyManager( 3045): loadAudioPolicyConfig() loaded /system/etc/audio_policy.conf
V/audio_hw_primary( 3045): Reading configuration from /system/etc/sound/p3110
E/audio_hw_primary( 3045): Failed to open /system/etc/sound/p3110
E/AudioFlinger( 3045): int android::load_audio_interface(const char*, audio_hw_device_t**) couldn't open audio hw device in audio.primary (Invalid argument)
I/AudioFlinger( 3045): loadHwModule() error -22 loading module primary 
W/AudioPolicyManager( 3045): could not open HW module primary
I/audio_a2dp_hw( 3045): adev_open:  adev_open in A2dp_hw module
I/AudioFlinger( 3045): loadHwModule() Loaded a2dp audio interface from A2DP Audio HW HAL (audio) handle 1
I/AudioFlinger( 3045): loadHwModule() Loaded usb audio interface from USB audio HW HAL (audio) handle 2
I/r_submix( 3045): adev_open(name=audio_hw_if)
I/r_submix( 3045): adev_init_check()
I/AudioFlinger( 3045): loadHwModule() Loaded r_submix audio interface from Wifi Display audio HAL (audio) handle 3
D/r_submix( 3045): adev_open_input_stream(addr=0)
D/r_submix( 3045): submix_audio_device_create_pipe_l(addr=0, idx=9)
D/r_submix( 3045):   now using address 0 for route 9
E/MonoPipe( 3045): Failed to fetch local time frequency when constructing a MonoPipe (res = -32).  getNextWriteTimestamp calls will be non-functional
I/AudioFlinger( 3045): AudioFlinger's thread 0x414e7000 ready to run
D/r_submix( 3045): adev_close_input_stream()
D/r_submix( 3045): submix_audio_device_release_pipe_l(idx=9) addr=0
D/r_submix( 3045): submix_audio_device_destroy_pipe_l(): pipe destroyed
W/AudioPolicyManager( 3045): Input device 00000002 unreachable
W/AudioPolicyManager( 3045): Input device 80000004 unreachable
E/AudioPolicyManager( 3045): Default device 00000002 is unreachable
E/AudioPolicyManager( 3045): Failed to open primary output
E/AudioPolicyManager( 3045): getDeviceForStrategy() speaker device not found for STRATEGY_SONIFICATION
E/AudioPolicyManager( 3045): getDeviceForStrategy() speaker device not found for STRATEGY_SONIFICATION
E/AudioPolicyManager( 3045): getDeviceForStrategy() no device found for STRATEGY_TRANSMITTED_THROUGH_SPEAKER
E/SoundTriggerHwService( 3045): couldn't load sound trigger module sound_trigger.primary (No such file or directory)
W/IMediaDeathNotifier(  403): Media player service not published, waiting...
D/NuPlayerDriver( 3045): start(0x41473d00)
I/GenericSource( 3045): start
E/OMX     ( 3045): FAILED to allocate omx component 'OMX.TI.DUCATI1.VIDEO.DECODER'
E/OMX     ( 3045): FAILED to allocate omx component 'OMX.TI.DUCATI1.VIDEO.DECODER'
E/OMX     ( 3045): FAILED to allocate omx component 'OMX.TI.DUCATI1.VIDEO.DECODER'
E/OMX     ( 3045): FAILED to allocate omx component 'OMX.TI.DUCATI1.VIDEO.MPEG4E'
E/OMX     ( 3045): FAILED to allocate omx component 'OMX.TI.DUCATI1.VIDEO.MPEG4E'
E/OMX     ( 3045): FAILED to allocate omx component 'OMX.TI.DUCATI1.VIDEO.H264E'
W/OMXNodeInstance( 3045): [f:google.mpeg4.decoder] component does not support metadata mode; using fallback
W/OMXNodeInstance( 3045): [10:google.mpeg4.decoder] component does not support metadata mode; using fallback
W/MediaCodecList( 3045): ignoring Limit specified outside of a Type
W/MediaCodecList( 3045): ignoring Limit specified outside of a Type
W/MediaCodecList( 3045): ignoring Limit specified outside of a Type
W/MediaCodecList( 3045): ignoring Limit specified outside of a Type
W/MediaCodecList( 3045): ignoring Limit specified outside of a Type
W/MediaCodecList( 3045): ignoring Feature specified outside of a Type
W/OMXNodeInstance( 3045): [11:google.h263.decoder] component does not support metadata mode; using fallback
W/OMXNodeInstance( 3045): [12:google.h264.decoder] component does not support metadata mode; using fallback
D/SoftHEVC( 3045): Number of CPU cores: 2
D/SoftHEVC( 3045): Initializing decoder
D/SoftHEVC( 3045): Set number of cores to 2
D/SoftHEVC( 3045): Ittiam decoder version number: @(#)Id:HEVCDEC_production Ver:04.01 Released by ITTIAM Build: Mar 15 2015 @ 02:21:21
W/OMXNodeInstance( 3045): [13:google.hevc.decoder] component does not support metadata mode; using fallback
D/SoftHEVC( 3045): Freeing codec memory
D/SoftHEVC( 3045): Number of CPU cores: 2
D/SoftHEVC( 3045): Initializing decoder
D/SoftHEVC( 3045): Set number of cores to 2
D/SoftHEVC( 3045): Ittiam decoder version number: @(#)Id:HEVCDEC_production Ver:04.01 Released by ITTIAM Build: Mar 15 2015 @ 02:21:21
D/SoftHEVC( 3045): In SoftHEVC::~SoftHEVC
D/SoftHEVC( 3045): Freeing codec memory
W/OMXNodeInstance( 3045): [14:google.vp8.decoder] component does not support metadata mode; using fallback
W/OMXNodeInstance( 3045): [15:google.vp9.decoder] component does not support metadata mode; using fallback
I/SoftMPEG4Encoder( 3045): Construct SoftMPEG4Encoder
W/ACodec  ( 3045): do not know color format 0x7f000789 = 2130708361
I/SoftAVCEncoder( 3045): Construct SoftAVCEncoder
W/ACodec  ( 3045): do not know color format 0x7f000789 = 2130708361
I/SoftMPEG4Encoder( 3045): Construct SoftMPEG4Encoder
W/ACodec  ( 3045): do not know color format 0x7f000789 = 2130708361
W/ACodec  ( 3045): do not know color format 0x7f000789 = 2130708361
W/MediaCodecList( 3045): unable to open media codecs configuration xml file: /etc/media_codecs_ffmpeg.xml
F/libc    ( 3045): Fatal signal 11 (SIGSEGV), code 1, fault addr 0x0 in tid 3054 (NPDecoder)
I/DEBUG   (  111): *** *** *** *** *** *** *** *** *** *** *** *** *** *** *** ***
I/DEBUG   (  111): Build fingerprint: 'samsung/aosp_p3110/p3110:5.1/LMY47D/android-andi03150145:userdebug/test-keys'
I/DEBUG   (  111): Revision: '10'
I/DEBUG   (  111): ABI: 'arm'
W/NativeCrashListener(  403): Couldn't find ProcessRecord for pid 3045
I/DEBUG   (  111): pid: 3045, tid: 3054, name: NPDecoder  >>> /system/bin/mediaserver <<<
E/DEBUG   (  111): AM write failure (32 / Broken pipe)
I/DEBUG   (  111): signal 11 (SIGSEGV), code 1 (SEGV_MAPERR), fault addr 0x0
I/DEBUG   (  111):     r0 42870bc8  r1 40a2c7c8  r2 00000001  r3 00000000
I/DEBUG   (  111):     r4 414936c0  r5 42870bdc  r6 42870bd0  r7 00000001
I/DEBUG   (  111):     r8 42870c1c  r9 40a29400  sl 42870bc8  fp 00000000
I/DEBUG   (  111):     ip 40a29b6c  sp 42870bb8  lr 4099cf5f  pc 409990b2  cpsr 600d0030
I/DEBUG   (  111): 
I/DEBUG   (  111): backtrace:
I/DEBUG   (  111):     #00 pc 000820b2  /system/lib/libstagefright.so (android::MediaCodec::init(android::AString const&, bool, bool)+233)
I/DEBUG   (  111):     #01 pc 00082319  /system/lib/libstagefright.so (android::MediaCodec::CreateByType(android::sp<android::ALooper> const&, char const*, bool, int*)+66)
I/DEBUG   (  111):     #02 pc 0004d93d  /system/lib/libmediaplayerservice.so (android::NuPlayer::Decoder::onConfigure(android::sp<android::AMessage> const&)+256)
I/DEBUG   (  111):     #03 pc 0004f039  /system/lib/libmediaplayerservice.so (android::NuPlayer::DecoderBase::onMessageReceived(android::sp<android::AMessage> const&)+116)
I/DEBUG   (  111):     #04 pc 0004ec43  /system/lib/libmediaplayerservice.so (android::NuPlayer::Decoder::onMessageReceived(android::sp<android::AMessage> const&)+158)
I/DEBUG   (  111):     #05 pc 0000c533  /system/lib/libstagefright_foundation.so (android::ALooperRoster::deliverMessage(android::sp<android::AMessage> const&)+166)
I/DEBUG   (  111):     #06 pc 0000beb5  /system/lib/libstagefright_foundation.so (android::ALooper::loop()+220)
I/DEBUG   (  111):     #07 pc 000105ad  /system/lib/libutils.so (android::Thread::_threadLoop(void*)+112)
I/DEBUG   (  111):     #08 pc 0001011d  /system/lib/libutils.so
I/DEBUG   (  111):     #09 pc 00016ea3  /system/lib/libc.so (__pthread_start(void*)+30)
I/DEBUG   (  111):     #10 pc 00014deb  /system/lib/libc.so (__start_thread+6)
I/DEBUG   (  111): 
I/DEBUG   (  111): Tombstone written to: /data/tombstones/tombstone_09
I/BootReceiver(  403): Copying /data/tombstones/tombstone_09 to DropBox (SYSTEM_TOMBSTONE)
E/SoundPool(  403): Unable to load sample: (null)
E/SoundPool(  403): Unable to load sample: (null)
W/AudioService(  403): onLoadSoundEffects(), Error -32 while loading samples
I/ServiceManager(  105): service 'media.audio_flinger' died
E/SoundPool(  403): Unable to load sample: (null)
I/ServiceManager(  105): service 'media.player' died
I/ServiceManager(  105): service 'media.audio_policy' died
I/ServiceManager(  105): service 'media.camera' died
I/ServiceManager(  105): service 'media.sound_trigger_hw' died
W/IMediaDeathNotifier(  403): media server died
I/ServiceManager(  403): Waiting for service media.player...
I/ServiceManager(  403): Waiting for service media.player...
I/ServiceManager(  403): Waiting for service media.player...
I/ServiceManager(  403): Waiting for service media.player...
I/mediaserver( 3114): ServiceManager: 0x414700c0
I/AudioFlinger( 3114): Using default 3000 mSec as standby time.
I/CameraService( 3114): CameraService started (pid=3114)
I/CameraService( 3114): Loaded "Espresso Camera Wrapper" camera module
V/CameraWrapper( 3114): camera_get_number_of_cameras
V/CameraWrapper( 3114): check_vendor_module
W/linker  ( 3114): libion.omap4.so has text relocations. This is wasting memory and prevents security hardening. Please fix.
W/linker  ( 3114): libmm_osal.so has text relocations. This is wasting memory and prevents security hardening. Please fix.
W/linker  ( 3114): libsecnativefeature.so has text relocations. This is wasting memory and prevents security hardening. Please fix.
W/linker  ( 3114): libdomx.so has text relocations. This is wasting memory and prevents security hardening. Please fix.
W/linker  ( 3114): libOMX_Core.so has text relocations. This is wasting memory and prevents security hardening. Please fix.
W/linker  ( 3114): libtiutils.so has text relocations. This is wasting memory and prevents security hardening. Please fix.
E/HAL     ( 3114): load: module=/system/lib/hw/camera.vendor.piranha.so
E/HAL     ( 3114): dlopen failed: cannot locate symbol "_ZN7android10VectorImpl19reservedVectorImpl1Ev" referenced by "libtiutils.so"...
E/CameraWrapper( 3114): failed to open vendor camera module
I/AudioPolicyService( 3114): AudioPolicyService CSTOR in new mode
I/AudioPolicyManager( 3114): loadAudioPolicyConfig() loaded /system/etc/audio_policy.conf
V/audio_hw_primary( 3114): Reading configuration from /system/etc/sound/p3110
E/audio_hw_primary( 3114): Failed to open /system/etc/sound/p3110
E/AudioFlinger( 3114): int android::load_audio_interface(const char*, audio_hw_device_t**) couldn't open audio hw device in audio.primary (Invalid argument)
I/AudioFlinger( 3114): loadHwModule() error -22 loading module primary 
W/AudioPolicyManager( 3114): could not open HW module primary
I/audio_a2dp_hw( 3114): adev_open:  adev_open in A2dp_hw module
I/AudioFlinger( 3114): loadHwModule() Loaded a2dp audio interface from A2DP Audio HW HAL (audio) handle 1
I/AudioFlinger( 3114): loadHwModule() Loaded usb audio interface from USB audio HW HAL (audio) handle 2
I/r_submix( 3114): adev_open(name=audio_hw_if)
I/r_submix( 3114): adev_init_check()
I/AudioFlinger( 3114): loadHwModule() Loaded r_submix audio interface from Wifi Display audio HAL (audio) handle 3
D/r_submix( 3114): adev_open_input_stream(addr=0)
D/r_submix( 3114): submix_audio_device_create_pipe_l(addr=0, idx=9)
D/r_submix( 3114):   now using address 0 for route 9
E/MonoPipe( 3114): Failed to fetch local time frequency when constructing a MonoPipe (res = -32).  getNextWriteTimestamp calls will be non-functional
I/AudioFlinger( 3114): AudioFlinger's thread 0x414e7000 ready to run
D/r_submix( 3114): adev_close_input_stream()
D/r_submix( 3114): submix_audio_device_release_pipe_l(idx=9) addr=0
D/r_submix( 3114): submix_audio_device_destroy_pipe_l(): pipe destroyed
W/AudioPolicyManager( 3114): Input device 00000002 unreachable
W/AudioPolicyManager( 3114): Input device 80000004 unreachable
E/AudioPolicyManager( 3114): Default device 00000002 is unreachable
E/AudioPolicyManager( 3114): Failed to open primary output
E/AudioPolicyManager( 3114): getDeviceForStrategy() speaker device not found for STRATEGY_SONIFICATION
E/AudioPolicyManager( 3114): getDeviceForStrategy() speaker device not found for STRATEGY_SONIFICATION
E/AudioPolicyManager( 3114): getDeviceForStrategy() no device found for STRATEGY_TRANSMITTED_THROUGH_SPEAKER
E/SoundTriggerHwService( 3114): couldn't load sound trigger module sound_trigger.primary (No such file or directory)
D/NuPlayerDriver( 3114): start(0x41473d00)
I/GenericSource( 3114): start
E/OMX     ( 3114): FAILED to allocate omx component 'OMX.TI.DUCATI1.VIDEO.DECODER'
E/OMX     ( 3114): FAILED to allocate omx component 'OMX.TI.DUCATI1.VIDEO.DECODER'
E/OMX     ( 3114): FAILED to allocate omx component 'OMX.TI.DUCATI1.VIDEO.DECODER'
E/OMX     ( 3114): FAILED to allocate omx component 'OMX.TI.DUCATI1.VIDEO.MPEG4E'
E/OMX     ( 3114): FAILED to allocate omx component 'OMX.TI.DUCATI1.VIDEO.MPEG4E'
E/OMX     ( 3114): FAILED to allocate omx component 'OMX.TI.DUCATI1.VIDEO.H264E'
W/OMXNodeInstance( 3114): [f:google.mpeg4.decoder] component does not support metadata mode; using fallback
W/OMXNodeInstance( 3114): [10:google.mpeg4.decoder] component does not support metadata mode; using fallback
W/MediaCodecList( 3114): ignoring Limit specified outside of a Type
W/MediaCodecList( 3114): ignoring Limit specified outside of a Type
W/MediaCodecList( 3114): ignoring Limit specified outside of a Type
W/MediaCodecList( 3114): ignoring Limit specified outside of a Type
W/MediaCodecList( 3114): ignoring Limit specified outside of a Type
W/MediaCodecList( 3114): ignoring Feature specified outside of a Type
W/OMXNodeInstance( 3114): [11:google.h263.decoder] component does not support metadata mode; using fallback
W/OMXNodeInstance( 3114): [12:google.h264.decoder] component does not support metadata mode; using fallback
D/SoftHEVC( 3114): Number of CPU cores: 2
D/SoftHEVC( 3114): Initializing decoder
D/SoftHEVC( 3114): Set number of cores to 2
D/SoftHEVC( 3114): Ittiam decoder version number: @(#)Id:HEVCDEC_production Ver:04.01 Released by ITTIAM Build: Mar 15 2015 @ 02:21:21
W/OMXNodeInstance( 3114): [13:google.hevc.decoder] component does not support metadata mode; using fallback
D/SoftHEVC( 3114): Freeing codec memory
D/SoftHEVC( 3114): Number of CPU cores: 2
D/SoftHEVC( 3114): Initializing decoder
D/SoftHEVC( 3114): Set number of cores to 2
D/SoftHEVC( 3114): Ittiam decoder version number: @(#)Id:HEVCDEC_production Ver:04.01 Released by ITTIAM Build: Mar 15 2015 @ 02:21:21
D/SoftHEVC( 3114): In SoftHEVC::~SoftHEVC
D/SoftHEVC( 3114): Freeing codec memory
W/OMXNodeInstance( 3114): [14:google.vp8.decoder] component does not support metadata mode; using fallback
W/OMXNodeInstance( 3114): [15:google.vp9.decoder] component does not support metadata mode; using fallback
I/SoftMPEG4Encoder( 3114): Construct SoftMPEG4Encoder
W/ACodec  ( 3114): do not know color format 0x7f000789 = 2130708361
I/SoftAVCEncoder( 3114): Construct SoftAVCEncoder
W/ACodec  ( 3114): do not know color format 0x7f000789 = 2130708361
I/SoftMPEG4Encoder( 3114): Construct SoftMPEG4Encoder
W/ACodec  ( 3114): do not know color format 0x7f000789 = 2130708361
W/ACodec  ( 3114): do not know color format 0x7f000789 = 2130708361
W/MediaCodecList( 3114): unable to open media codecs configuration xml file: /etc/media_codecs_ffmpeg.xml
F/libc    ( 3114): Fatal signal 11 (SIGSEGV), code 1, fault addr 0x0 in tid 3123 (NPDecoder)
I/DEBUG   (  111): *** *** *** *** *** *** *** *** *** *** *** *** *** *** *** ***
I/DEBUG   (  111): Build fingerprint: 'samsung/aosp_p3110/p3110:5.1/LMY47D/android-andi03150145:userdebug/test-keys'
I/DEBUG   (  111): Revision: '10'
I/DEBUG   (  111): ABI: 'arm'
I/DEBUG   (  111): pid: 3114, tid: 3123, name: NPDecoder  >>> /system/bin/mediaserver <<<
I/DEBUG   (  111): signal 11 (SIGSEGV), code 1 (SEGV_MAPERR), fault addr 0x0
W/NativeCrashListener(  403): Couldn't find ProcessRecord for pid 3114
I/DEBUG   (  111):     r0 42870bc8  r1 40a367c8  r2 00000001  r3 00000000
E/DEBUG   (  111): AM write failure (32 / Broken pipe)
I/DEBUG   (  111):     r4 414936c0  r5 42870bdc  r6 42870bd0  r7 00000001
I/DEBUG   (  111):     r8 42870c1c  r9 40a33400  sl 42870bc8  fp 00000000
I/DEBUG   (  111):     ip 40a33b6c  sp 42870bb8  lr 409a6f5f  pc 409a30b2  cpsr 600d0030
I/DEBUG   (  111): 
I/DEBUG   (  111): backtrace:
I/DEBUG   (  111):     #00 pc 000820b2  /system/lib/libstagefright.so (android::MediaCodec::init(android::AString const&, bool, bool)+233)
I/DEBUG   (  111):     #01 pc 00082319  /system/lib/libstagefright.so (android::MediaCodec::CreateByType(android::sp<android::ALooper> const&, char const*, bool, int*)+66)
I/DEBUG   (  111):     #02 pc 0004d93d  /system/lib/libmediaplayerservice.so (android::NuPlayer::Decoder::onConfigure(android::sp<android::AMessage> const&)+256)
I/DEBUG   (  111):     #03 pc 0004f039  /system/lib/libmediaplayerservice.so (android::NuPlayer::DecoderBase::onMessageReceived(android::sp<android::AMessage> const&)+116)
I/DEBUG   (  111):     #04 pc 0004ec43  /system/lib/libmediaplayerservice.so (android::NuPlayer::Decoder::onMessageReceived(android::sp<android::AMessage> const&)+158)
I/DEBUG   (  111):     #05 pc 0000c533  /system/lib/libstagefright_foundation.so (android::ALooperRoster::deliverMessage(android::sp<android::AMessage> const&)+166)
I/DEBUG   (  111):     #06 pc 0000beb5  /system/lib/libstagefright_foundation.so (android::ALooper::loop()+220)
I/DEBUG   (  111):     #07 pc 000105ad  /system/lib/libutils.so (android::Thread::_threadLoop(void*)+112)
I/DEBUG   (  111):     #08 pc 0001011d  /system/lib/libutils.so
I/DEBUG   (  111):     #09 pc 00016ea3  /system/lib/libc.so (__pthread_start(void*)+30)
I/DEBUG   (  111):     #10 pc 00014deb  /system/lib/libc.so (__start_thread+6)
I/DEBUG   (  111): 
I/DEBUG   (  111): Tombstone written to: /data/tombstones/tombstone_00
I/BootReceiver(  403): Copying /data/tombstones/tombstone_00 to DropBox (SYSTEM_TOMBSTONE)
E/SoundPool(  403): Unable to load sample: (null)
E/SoundPool(  403): Unable to load sample: (null)
E/SoundPool(  403): Unable to load sample: (null)
I/ServiceManager(  105): service 'media.audio_flinger' died
W/IMediaDeathNotifier(  403): media server died
I/ServiceManager(  105): service 'media.player' died
I/ServiceManager(  105): service 'media.audio_policy' died
I/ServiceManager(  105): service 'media.camera' died
I/ServiceManager(  105): service 'media.sound_trigger_hw' died
W/AudioService(  403): onLoadSoundEffects(), Error -32 while loading samples
I/ServiceManager(  403): Waiting for service media.player...
I/ServiceManager(  403): Waiting for service media.player...
I/ServiceManager(  403): Waiting for service media.player...
D/lights  (  403): set_light_backlight brightness=31
D/lights  (  403): set_light_backlight brightness=32
I/ServiceManager(  403): Waiting for service media.player...
I/mediaserver( 3180): ServiceManager: 0x414700c0
I/AudioFlinger( 3180): Using default 3000 mSec as standby time.
I/CameraService( 3180): CameraService started (pid=3180)
I/CameraService( 3180): Loaded "Espresso Camera Wrapper" camera module
V/CameraWrapper( 3180): camera_get_number_of_cameras
V/CameraWrapper( 3180): check_vendor_module
W/linker  ( 3180): libion.omap4.so has text relocations. This is wasting memory and prevents security hardening. Please fix.
W/linker  ( 3180): libmm_osal.so has text relocations. This is wasting memory and prevents security hardening. Please fix.
W/linker  ( 3180): libsecnativefeature.so has text relocations. This is wasting memory and prevents security hardening. Please fix.
W/linker  ( 3180): libdomx.so has text relocations. This is wasting memory and prevents security hardening. Please fix.
W/linker  ( 3180): libOMX_Core.so has text relocations. This is wasting memory and prevents security hardening. Please fix.
W/linker  ( 3180): libtiutils.so has text relocations. This is wasting memory and prevents security hardening. Please fix.
E/HAL     ( 3180): load: module=/system/lib/hw/camera.vendor.piranha.so
E/HAL     ( 3180): dlopen failed: cannot locate symbol "_ZN7android10VectorImpl19reservedVectorImpl1Ev" referenced by "libtiutils.so"...
E/CameraWrapper( 3180): failed to open vendor camera module
I/AudioPolicyService( 3180): AudioPolicyService CSTOR in new mode
I/AudioPolicyManager( 3180): loadAudioPolicyConfig() loaded /system/etc/audio_policy.conf
V/audio_hw_primary( 3180): Reading configuration from /system/etc/sound/p3110
E/audio_hw_primary( 3180): Failed to open /system/etc/sound/p3110
E/AudioFlinger( 3180): int android::load_audio_interface(const char*, audio_hw_device_t**) couldn't open audio hw device in audio.primary (Invalid argument)
I/AudioFlinger( 3180): loadHwModule() error -22 loading module primary 
W/AudioPolicyManager( 3180): could not open HW module primary
I/audio_a2dp_hw( 3180): adev_open:  adev_open in A2dp_hw module
I/AudioFlinger( 3180): loadHwModule() Loaded a2dp audio interface from A2DP Audio HW HAL (audio) handle 1
I/AudioFlinger( 3180): loadHwModule() Loaded usb audio interface from USB audio HW HAL (audio) handle 2
I/r_submix( 3180): adev_open(name=audio_hw_if)
I/r_submix( 3180): adev_init_check()
I/AudioFlinger( 3180): loadHwModule() Loaded r_submix audio interface from Wifi Display audio HAL (audio) handle 3
D/r_submix( 3180): adev_open_input_stream(addr=0)
D/r_submix( 3180): submix_audio_device_create_pipe_l(addr=0, idx=9)
D/r_submix( 3180):   now using address 0 for route 9
E/MonoPipe( 3180): Failed to fetch local time frequency when constructing a MonoPipe (res = -32).  getNextWriteTimestamp calls will be non-functional
I/AudioFlinger( 3180): AudioFlinger's thread 0x414e7000 ready to run
D/r_submix( 3180): adev_close_input_stream()
D/r_submix( 3180): submix_audio_device_release_pipe_l(idx=9) addr=0
D/r_submix( 3180): submix_audio_device_destroy_pipe_l(): pipe destroyed
W/AudioPolicyManager( 3180): Input device 00000002 unreachable
W/AudioPolicyManager( 3180): Input device 80000004 unreachable
E/AudioPolicyManager( 3180): Default device 00000002 is unreachable
E/AudioPolicyManager( 3180): Failed to open primary output
E/AudioPolicyManager( 3180): getDeviceForStrategy() speaker device not found for STRATEGY_SONIFICATION
E/AudioPolicyManager( 3180): getDeviceForStrategy() speaker device not found for STRATEGY_SONIFICATION
E/AudioPolicyManager( 3180): getDeviceForStrategy() no device found for STRATEGY_TRANSMITTED_THROUGH_SPEAKER
E/SoundTriggerHwService( 3180): couldn't load sound trigger module sound_trigger.primary (No such file or directory)
D/NuPlayerDriver( 3180): start(0x41473d00)
I/GenericSource( 3180): start
E/OMX     ( 3180): FAILED to allocate omx component 'OMX.TI.DUCATI1.VIDEO.DECODER'
E/OMX     ( 3180): FAILED to allocate omx component 'OMX.TI.DUCATI1.VIDEO.DECODER'
E/OMX     ( 3180): FAILED to allocate omx component 'OMX.TI.DUCATI1.VIDEO.DECODER'
E/OMX     ( 3180): FAILED to allocate omx component 'OMX.TI.DUCATI1.VIDEO.MPEG4E'
