E/MediaMetadataRetriever( 1246): failed to create IMediaMetadataRetriever object from server
E/MediaMetadataRetriever( 1246): retriever is not initialized
E/MediaScannerJNI( 1246): An error occurred while scanning file '/system/media/audio/notifications/Pollux.ogg'.
E/MediaMetadataRetriever( 1246): failed to create IMediaMetadataRetriever object from server
E/MediaMetadataRetriever( 1246): retriever is not initialized
E/MediaScannerJNI( 1246): An error occurred while scanning file '/system/media/audio/notifications/Procyon.ogg'.
E/MediaMetadataRetriever( 1246): failed to create IMediaMetadataRetriever object from server
E/MediaMetadataRetriever( 1246): retriever is not initialized
E/MediaScannerJNI( 1246): An error occurred while scanning file '/system/media/audio/notifications/Proxima.ogg'.
E/MediaMetadataRetriever( 1246): failed to create IMediaMetadataRetriever object from server
E/MediaMetadataRetriever( 1246): retriever is not initialized
E/MediaScannerJNI( 1246): An error occurred while scanning file '/system/media/audio/notifications/Radon.ogg'.
E/MediaMetadataRetriever( 1246): failed to create IMediaMetadataRetriever object from server
E/MediaMetadataRetriever( 1246): retriever is not initialized
E/MediaScannerJNI( 1246): An error occurred while scanning file '/system/media/audio/notifications/Rubidium.ogg'.
E/MediaMetadataRetriever( 1246): failed to create IMediaMetadataRetriever object from server
E/MediaMetadataRetriever( 1246): retriever is not initialized
E/MediaScannerJNI( 1246): An error occurred while scanning file '/system/media/audio/notifications/Selenium.ogg'.
E/MediaMetadataRetriever( 1246): failed to create IMediaMetadataRetriever object from server
E/MediaMetadataRetriever( 1246): retriever is not initialized
E/MediaScannerJNI( 1246): An error occurred while scanning file '/system/media/audio/notifications/Shaula.ogg'.
E/MediaMetadataRetriever( 1246): failed to create IMediaMetadataRetriever object from server
E/MediaMetadataRetriever( 1246): retriever is not initialized
E/MediaScannerJNI( 1246): An error occurred while scanning file '/system/media/audio/notifications/Sirrah.ogg'.
E/MediaMetadataRetriever( 1246): failed to create IMediaMetadataRetriever object from server
E/MediaMetadataRetriever( 1246): failed to create IMediaMetadataRetriever object from server
E/MediaMetadataRetriever( 1246): retriever is not initialized
E/MediaMetadataRetriever( 1246): retriever is not initialized
E/MediaScannerJNI( 1246): An error occurred while scanning file '/system/media/audio/notifications/SpaceSeed.ogg'.
E/MediaMetadataRetriever( 1246): failed to create IMediaMetadataRetriever object from server
E/MediaMetadataRetriever( 1246): retriever is not initialized
E/MediaScannerJNI( 1246): An error occurred while scanning file '/system/media/audio/notifications/Spica.ogg'.
E/MediaMetadataRetriever( 1246): failed to create IMediaMetadataRetriever object from server
E/MediaMetadataRetriever( 1246): retriever is not initialized
E/MediaScannerJNI( 1246): An error occurred while scanning file '/system/media/audio/notifications/Strontium.ogg'.
E/MediaMetadataRetriever( 1246): failed to create IMediaMetadataRetriever object from server
E/MediaMetadataRetriever( 1246): retriever is not initialized
E/MediaScannerJNI( 1246): An error occurred while scanning file '/system/media/audio/notifications/Syrma.ogg'.
E/MediaMetadataRetriever( 1246): failed to create IMediaMetadataRetriever object from server
E/MediaMetadataRetriever( 1246): retriever is not initialized
E/MediaScannerJNI( 1246): An error occurred while scanning file '/system/media/audio/notifications/TaDa.ogg'.
E/MediaMetadataRetriever( 1246): failed to create IMediaMetadataRetriever object from server
E/MediaMetadataRetriever( 1246): retriever is not initialized
E/MediaScannerJNI( 1246): An error occurred while scanning file '/system/media/audio/notifications/Talitha.ogg'.
E/MediaMetadataRetriever( 1246): failed to create IMediaMetadataRetriever object from server
E/MediaMetadataRetriever( 1246): retriever is not initialized
E/MediaScannerJNI( 1246): An error occurred while scanning file '/system/media/audio/notifications/Tejat.ogg'.
E/MediaMetadataRetriever( 1246): failed to create IMediaMetadataRetriever object from server
E/MediaMetadataRetriever( 1246): retriever is not initialized
E/MediaScannerJNI( 1246): An error occurred while scanning file '/system/media/audio/notifications/Thallium.ogg'.
E/MediaMetadataRetriever( 1246): failed to create IMediaMetadataRetriever object from server
E/MediaMetadataRetriever( 1246): retriever is not initialized
E/MediaScannerJNI( 1246): An error occurred while scanning file '/system/media/audio/notifications/Tinkerbell.ogg'.
E/MediaMetadataRetriever( 1246): failed to create IMediaMetadataRetriever object from server
E/MediaMetadataRetriever( 1246): retriever is not initialized
E/MediaScannerJNI( 1246): An error occurred while scanning file '/system/media/audio/notifications/Upsilon.ogg'.
E/MediaMetadataRetriever( 1246): failed to create IMediaMetadataRetriever object from server
E/MediaMetadataRetriever( 1246): retriever is not initialized
E/MediaScannerJNI( 1246): An error occurred while scanning file '/system/media/audio/notifications/Vega.ogg'.
E/MediaMetadataRetriever( 1246): failed to create IMediaMetadataRetriever object from server
E/MediaMetadataRetriever( 1246): retriever is not initialized
E/MediaScannerJNI( 1246): An error occurred while scanning file '/system/media/audio/notifications/Voila.ogg'.
E/MediaMetadataRetriever( 1246): failed to create IMediaMetadataRetriever object from server
E/MediaMetadataRetriever( 1246): retriever is not initialized
E/MediaScannerJNI( 1246): An error occurred while scanning file '/system/media/audio/notifications/Xenon.ogg'.
E/MediaMetadataRetriever( 1246): failed to create IMediaMetadataRetriever object from server
E/MediaMetadataRetriever( 1246): retriever is not initialized
E/MediaScannerJNI( 1246): An error occurred while scanning file '/system/media/audio/notifications/Zirconium.ogg'.
E/MediaMetadataRetriever( 1246): failed to create IMediaMetadataRetriever object from server
E/MediaMetadataRetriever( 1246): retriever is not initialized
E/MediaScannerJNI( 1246): An error occurred while scanning file '/system/media/audio/notifications/arcturus.ogg'.
E/MediaMetadataRetriever( 1246): failed to create IMediaMetadataRetriever object from server
E/MediaMetadataRetriever( 1246): retriever is not initialized
E/MediaScannerJNI( 1246): An error occurred while scanning file '/system/media/audio/notifications/moonbeam.ogg'.
E/MediaMetadataRetriever( 1246): failed to create IMediaMetadataRetriever object from server
E/MediaMetadataRetriever( 1246): retriever is not initialized
E/MediaMetadataRetriever( 1246): failed to create IMediaMetadataRetriever object from server
E/MediaMetadataRetriever( 1246): retriever is not initialized
E/MediaScannerJNI( 1246): An error occurred while scanning file '/system/media/audio/notifications/pixiedust.ogg'.
E/MediaMetadataRetriever( 1246): failed to create IMediaMetadataRetriever object from server
E/MediaMetadataRetriever( 1246): retriever is not initialized
E/MediaMetadataRetriever( 1246): failed to create IMediaMetadataRetriever object from server
E/MediaMetadataRetriever( 1246): retriever is not initialized
E/MediaMetadataRetriever( 1246): failed to create IMediaMetadataRetriever object from server
E/MediaMetadataRetriever( 1246): retriever is not initialized
E/MediaMetadataRetriever( 1246): failed to create IMediaMetadataRetriever object from server
E/MediaMetadataRetriever( 1246): retriever is not initialized
E/MediaMetadataRetriever( 1246): failed to create IMediaMetadataRetriever object from server
E/MediaMetadataRetriever( 1246): retriever is not initialized
E/MediaMetadataRetriever( 1246): failed to create IMediaMetadataRetriever object from server
E/MediaMetadataRetriever( 1246): retriever is not initialized
E/MediaMetadataRetriever( 1246): failed to create IMediaMetadataRetriever object from server
E/MediaMetadataRetriever( 1246): retriever is not initialized
E/MediaMetadataRetriever( 1246): failed to create IMediaMetadataRetriever object from server
E/MediaMetadataRetriever( 1246): retriever is not initialized
E/MediaMetadataRetriever( 1246): failed to create IMediaMetadataRetriever object from server
E/MediaMetadataRetriever( 1246): retriever is not initialized
E/MediaMetadataRetriever( 1246): failed to create IMediaMetadataRetriever object from server
E/MediaMetadataRetriever( 1246): retriever is not initialized
W/BackupManagerService(  403): dataChanged but no participant pkg='com.android.providers.settings' uid=10004
E/MediaMetadataRetriever( 1246): failed to create IMediaMetadataRetriever object from server
E/MediaMetadataRetriever( 1246): retriever is not initialized
E/MediaScannerJNI( 1246): An error occurred while scanning file '/system/media/audio/notifications/pizzicato.ogg'.
E/MediaMetadataRetriever( 1246): failed to create IMediaMetadataRetriever object from server
E/MediaMetadataRetriever( 1246): retriever is not initialized
E/MediaScannerJNI( 1246): An error occurred while scanning file '/system/media/audio/notifications/regulus.ogg'.
E/MediaMetadataRetriever( 1246): failed to create IMediaMetadataRetriever object from server
E/MediaMetadataRetriever( 1246): retriever is not initialized
E/MediaScannerJNI( 1246): An error occurred while scanning file '/system/media/audio/notifications/sirius.ogg'.
E/MediaMetadataRetriever( 1246): failed to create IMediaMetadataRetriever object from server
E/MediaMetadataRetriever( 1246): retriever is not initialized
E/MediaScannerJNI( 1246): An error occurred while scanning file '/system/media/audio/notifications/tweeters.ogg'.
E/MediaMetadataRetriever( 1246): failed to create IMediaMetadataRetriever object from server
E/MediaMetadataRetriever( 1246): retriever is not initialized
E/MediaMetadataRetriever( 1246): failed to create IMediaMetadataRetriever object from server
E/MediaMetadataRetriever( 1246): retriever is not initialized
E/MediaScannerJNI( 1246): An error occurred while scanning file '/system/media/audio/notifications/vega.ogg'.
E/MediaMetadataRetriever( 1246): failed to create IMediaMetadataRetriever object from server
E/MediaMetadataRetriever( 1246): retriever is not initialized
E/MediaScannerJNI( 1246): An error occurred while scanning file '/system/media/audio/ringtones/ANDROMEDA.ogg'.
E/MediaMetadataRetriever( 1246): failed to create IMediaMetadataRetriever object from server
E/MediaMetadataRetriever( 1246): retriever is not initialized
E/MediaScannerJNI( 1246): An error occurred while scanning file '/system/media/audio/ringtones/Andromeda.ogg'.
E/MediaMetadataRetriever( 1246): failed to create IMediaMetadataRetriever object from server
E/MediaMetadataRetriever( 1246): retriever is not initialized
E/MediaScannerJNI( 1246): An error occurred while scanning file '/system/media/audio/ringtones/Aquila.ogg'.
E/MediaMetadataRetriever( 1246): failed to create IMediaMetadataRetriever object from server
E/MediaMetadataRetriever( 1246): retriever is not initialized
E/MediaScannerJNI( 1246): An error occurred while scanning file '/system/media/audio/ringtones/ArgoNavis.ogg'.
E/MediaMetadataRetriever( 1246): failed to create IMediaMetadataRetriever object from server
E/MediaMetadataRetriever( 1246): retriever is not initialized
E/MediaScannerJNI( 1246): An error occurred while scanning file '/system/media/audio/ringtones/Atria.ogg'.
E/MediaMetadataRetriever( 1246): failed to create IMediaMetadataRetriever object from server
E/MediaMetadataRetriever( 1246): retriever is not initialized
E/MediaScannerJNI( 1246): An error occurred while scanning file '/system/media/audio/ringtones/BOOTES.ogg'.
E/MediaMetadataRetriever( 1246): failed to create IMediaMetadataRetriever object from server
E/MediaMetadataRetriever( 1246): retriever is not initialized
E/MediaMetadataRetriever( 1246): failed to create IMediaMetadataRetriever object from server
E/MediaMetadataRetriever( 1246): retriever is not initialized
E/MediaScannerJNI( 1246): An error occurred while scanning file '/system/media/audio/ringtones/Backroad.ogg'.
E/MediaMetadataRetriever( 1246): failed to create IMediaMetadataRetriever object from server
E/MediaMetadataRetriever( 1246): retriever is not initialized
E/MediaScannerJNI( 1246): An error occurred while scanning file '/system/media/audio/ringtones/BeatPlucker.ogg'.
E/MediaMetadataRetriever( 1246): failed to create IMediaMetadataRetriever object from server
E/MediaMetadataRetriever( 1246): retriever is not initialized
E/MediaScannerJNI( 1246): An error occurred while scanning file '/system/media/audio/ringtones/BentleyDubs.ogg'.
E/MediaMetadataRetriever( 1246): failed to create IMediaMetadataRetriever object from server
E/MediaMetadataRetriever( 1246): retriever is not initialized
E/MediaScannerJNI( 1246): An error occurred while scanning file '/system/media/audio/ringtones/Big_Easy.ogg'.
E/MediaMetadataRetriever( 1246): failed to create IMediaMetadataRetriever object from server
E/MediaMetadataRetriever( 1246): retriever is not initialized
E/MediaScannerJNI( 1246): An error occurred while scanning file '/system/media/audio/ringtones/BirdLoop.ogg'.
E/MediaMetadataRetriever( 1246): failed to create IMediaMetadataRetriever object from server
E/MediaMetadataRetriever( 1246): retriever is not initialized
E/MediaScannerJNI( 1246): An error occurred while scanning file '/system/media/audio/ringtones/Bollywood.ogg'.
E/MediaMetadataRetriever( 1246): failed to create IMediaMetadataRetriever object from server
E/MediaMetadataRetriever( 1246): retriever is not initialized
E/MediaScannerJNI( 1246): An error occurred while scanning file '/system/media/audio/ringtones/BussaMove.ogg'.
E/MediaMetadataRetriever( 1246): failed to create IMediaMetadataRetriever object from server
E/MediaMetadataRetriever( 1246): retriever is not initialized
E/MediaScannerJNI( 1246): An error occurred while scanning file '/system/media/audio/ringtones/CANISMAJOR.ogg'.
E/MediaMetadataRetriever( 1246): failed to create IMediaMetadataRetriever object from server
E/MediaMetadataRetriever( 1246): retriever is not initialized
E/MediaScannerJNI( 1246): An error occurred while scanning file '/system/media/audio/ringtones/CASSIOPEIA.ogg'.
E/MediaMetadataRetriever( 1246): failed to create IMediaMetadataRetriever object from server
E/MediaMetadataRetriever( 1246): retriever is not initialized
E/MediaScannerJNI( 1246): An error occurred while scanning file '/system/media/audio/ringtones/Cairo.ogg'.
E/MediaMetadataRetriever( 1246): failed to create IMediaMetadataRetriever object from server
E/MediaMetadataRetriever( 1246): retriever is not initialized
E/MediaScannerJNI( 1246): An error occurred while scanning file '/system/media/audio/ringtones/Calypso_Steel.ogg'.
E/MediaMetadataRetriever( 1246): failed to create IMediaMetadataRetriever object from server
E/MediaMetadataRetriever( 1246): retriever is not initialized
E/MediaScannerJNI( 1246): An error occurred while scanning file '/system/media/audio/ringtones/CanisMajor.ogg'.
E/MediaMetadataRetriever( 1246): failed to create IMediaMetadataRetriever object from server
E/MediaMetadataRetriever( 1246): retriever is not initialized
E/MediaScannerJNI( 1246): An error occurred while scanning file '/system/media/audio/ringtones/CaribbeanIce.ogg'.
E/MediaMetadataRetriever( 1246): failed to create IMediaMetadataRetriever object from server
E/MediaMetadataRetriever( 1246): retriever is not initialized
E/MediaScannerJNI( 1246): An error occurred while scanning file '/system/media/audio/ringtones/Carina.ogg'.
E/MediaMetadataRetriever( 1246): failed to create IMediaMetadataRetriever object from server
E/MediaMetadataRetriever( 1246): retriever is not initialized
E/MediaScannerJNI( 1246): An error occurred while scanning file '/system/media/audio/ringtones/Centaurus.ogg'.
E/MediaMetadataRetriever( 1246): failed to create IMediaMetadataRetriever object from server
E/MediaMetadataRetriever( 1246): retriever is not initialized
E/MediaScannerJNI( 1246): An error occurred while scanning file '/system/media/audio/ringtones/Champagne_Edition.ogg'.
E/MediaMetadataRetriever( 1246): failed to create IMediaMetadataRetriever object from server
E/MediaMetadataRetriever( 1246): retriever is not initialized
E/MediaScannerJNI( 1246): An error occurred while scanning file '/system/media/audio/ringtones/Club_Cubano.ogg'.
E/MediaMetadataRetriever( 1246): failed to create IMediaMetadataRetriever object from server
E/MediaMetadataRetriever( 1246): retriever is not initialized
E/MediaScannerJNI( 1246): An error occurred while scanning file '/system/media/audio/ringtones/CrayonRock.ogg'.
E/MediaMetadataRetriever( 1246): failed to create IMediaMetadataRetriever object from server
E/MediaMetadataRetriever( 1246): retriever is not initialized
E/MediaMetadataRetriever( 1246): failed to create IMediaMetadataRetriever object from server
E/MediaMetadataRetriever( 1246): retriever is not initialized
E/MediaScannerJNI( 1246): An error occurred while scanning file '/system/media/audio/ringtones/CrazyDream.ogg'.
E/MediaMetadataRetriever( 1246): failed to create IMediaMetadataRetriever object from server
E/MediaMetadataRetriever( 1246): retriever is not initialized
E/MediaScannerJNI( 1246): An error occurred while scanning file '/system/media/audio/ringtones/CurveBall.ogg'.
E/MediaMetadataRetriever( 1246): failed to create IMediaMetadataRetriever object from server
E/MediaMetadataRetriever( 1246): retriever is not initialized
E/MediaScannerJNI( 1246): An error occurred while scanning file '/system/media/audio/ringtones/Cygnus.ogg'.
E/MediaMetadataRetriever( 1246): failed to create IMediaMetadataRetriever object from server
E/MediaMetadataRetriever( 1246): retriever is not initialized
E/MediaScannerJNI( 1246): An error occurred while scanning file '/system/media/audio/ringtones/DancinFool.ogg'.
E/MediaMetadataRetriever( 1246): failed to create IMediaMetadataRetriever object from server
E/MediaMetadataRetriever( 1246): retriever is not initialized
E/MediaScannerJNI( 1246): An error occurred while scanning file '/system/media/audio/ringtones/Ding.ogg'.
E/MediaMetadataRetriever( 1246): failed to create IMediaMetadataRetriever object from server
E/MediaMetadataRetriever( 1246): retriever is not initialized
E/MediaScannerJNI( 1246): An error occurred while scanning file '/system/media/audio/ringtones/DonMessWivIt.ogg'.
E/MediaMetadataRetriever( 1246): failed to create IMediaMetadataRetriever object from server
E/MediaMetadataRetriever( 1246): retriever is not initialized
E/MediaScannerJNI( 1246): An error occurred while scanning file '/system/media/audio/ringtones/Draco.ogg'.
E/MediaMetadataRetriever( 1246): failed to create IMediaMetadataRetriever object from server
E/MediaMetadataRetriever( 1246): retriever is not initialized
E/MediaScannerJNI( 1246): An error occurred while scanning file '/system/media/audio/ringtones/DreamTheme.ogg'.
E/MediaMetadataRetriever( 1246): failed to create IMediaMetadataRetriever object from server
E/MediaMetadataRetriever( 1246): retriever is not initialized
E/MediaScannerJNI( 1246): An error occurred while scanning file '/system/media/audio/ringtones/Eastern_Sky.ogg'.
E/MediaMetadataRetriever( 1246): failed to create IMediaMetadataRetriever object from server
E/MediaMetadataRetriever( 1246): retriever is not initialized
E/MediaScannerJNI( 1246): An error occurred while scanning file '/system/media/audio/ringtones/Enter_the_Nexus.ogg'.
E/MediaMetadataRetriever( 1246): failed to create IMediaMetadataRetriever object from server
E/MediaMetadataRetriever( 1246): retriever is not initialized
E/MediaScannerJNI( 1246): An error occurred while scanning file '/system/media/audio/ringtones/Eridani.ogg'.
E/MediaMetadataRetriever( 1246): failed to create IMediaMetadataRetriever object from server
E/MediaMetadataRetriever( 1246): retriever is not initialized
E/MediaScannerJNI( 1246): An error occurred while scanning file '/system/media/audio/ringtones/EtherShake.ogg'.
E/MediaMetadataRetriever( 1246): failed to create IMediaMetadataRetriever object from server
E/MediaMetadataRetriever( 1246): retriever is not initialized
E/MediaScannerJNI( 1246): An error occurred while scanning file '/system/media/audio/ringtones/FreeFlight.ogg'.
E/MediaMetadataRetriever( 1246): failed to create IMediaMetadataRetriever object from server
E/MediaMetadataRetriever( 1246): retriever is not initialized
E/MediaScannerJNI( 1246): An error occurred while scanning file '/system/media/audio/ringtones/FriendlyGhost.ogg'.
E/MediaMetadataRetriever( 1246): failed to create IMediaMetadataRetriever object from server
E/MediaMetadataRetriever( 1246): retriever is not initialized
E/MediaScannerJNI( 1246): An error occurred while scanning file '/system/media/audio/ringtones/Funk_Yall.ogg'.
E/MediaMetadataRetriever( 1246): failed to create IMediaMetadataRetriever object from server
E/MediaMetadataRetriever( 1246): retriever is not initialized
E/MediaScannerJNI( 1246): An error occurred while scanning file '/system/media/audio/ringtones/GameOverGuitar.ogg'.
E/MediaMetadataRetriever( 1246): failed to create IMediaMetadataRetriever object from server
E/MediaMetadataRetriever( 1246): retriever is not initialized
E/MediaScannerJNI( 1246): An error occurred while scanning file '/system/media/audio/ringtones/Gimme_Mo_Town.ogg'.
E/MediaMetadataRetriever( 1246): failed to create IMediaMetadataRetriever object from server
E/MediaMetadataRetriever( 1246): retriever is not initialized
E/MediaScannerJNI( 1246): An error occurred while scanning file '/system/media/audio/ringtones/Girtab.ogg'.
E/MediaMetadataRetriever( 1246): failed to create IMediaMetadataRetriever object from server
E/MediaMetadataRetriever( 1246): retriever is not initialized
E/MediaScannerJNI( 1246): An error occurred while scanning file '/system/media/audio/ringtones/Glacial_Groove.ogg'.
E/MediaMetadataRetriever( 1246): failed to create IMediaMetadataRetriever object from server
E/MediaMetadataRetriever( 1246): retriever is not initialized
E/MediaScannerJNI( 1246): An error occurred while scanning file '/system/media/audio/ringtones/Growl.ogg'.
E/MediaMetadataRetriever( 1246): failed to create IMediaMetadataRetriever object from server
E/MediaMetadataRetriever( 1246): retriever is not initialized
E/MediaScannerJNI( 1246): An error occurred while scanning file '/system/media/audio/ringtones/HalfwayHome.ogg'.
E/MediaMetadataRetriever( 1246): failed to create IMediaMetadataRetriever object from server
E/MediaMetadataRetriever( 1246): retriever is not initialized
E/MediaScannerJNI( 1246): An error occurred while scanning file '/system/media/audio/ringtones/Hydra.ogg'.
E/MediaMetadataRetriever( 1246): failed to create IMediaMetadataRetriever object from server
E/MediaMetadataRetriever( 1246): retriever is not initialized
E/MediaScannerJNI( 1246): An error occurred while scanning file '/system/media/audio/ringtones/InsertCoin.ogg'.
E/MediaMetadataRetriever( 1246): failed to create IMediaMetadataRetriever object from server
E/MediaMetadataRetriever( 1246): retriever is not initialized
E/MediaScannerJNI( 1246): An error occurred while scanning file '/system/media/audio/ringtones/Kuma.ogg'.
E/MediaMetadataRetriever( 1246): failed to create IMediaMetadataRetriever object from server
E/MediaMetadataRetriever( 1246): retriever is not initialized
E/MediaScannerJNI( 1246): An error occurred while scanning file '/system/media/audio/ringtones/LoopyLounge.ogg'.
E/MediaMetadataRetriever( 1246): failed to create IMediaMetadataRetriever object from server
E/MediaMetadataRetriever( 1246): retriever is not initialized
E/MediaScannerJNI( 1246): An error occurred while scanning file '/system/media/audio/ringtones/LoveFlute.ogg'.
E/MediaMetadataRetriever( 1246): failed to create IMediaMetadataRetriever object from server
E/MediaMetadataRetriever( 1246): retriever is not initialized
E/MediaScannerJNI( 1246): An error occurred while scanning file '/system/media/audio/ringtones/Lyra.ogg'.
E/MediaMetadataRetriever( 1246): failed to create IMediaMetadataRetriever object from server
E/MediaMetadataRetriever( 1246): retriever is not initialized
E/MediaScannerJNI( 1246): An error occurred while scanning file '/system/media/audio/ringtones/Machina.ogg'.
E/MediaMetadataRetriever( 1246): failed to create IMediaMetadataRetriever object from server
E/MediaMetadataRetriever( 1246): retriever is not initialized
E/MediaScannerJNI( 1246): An error occurred while scanning file '/system/media/audio/ringtones/MidEvilJaunt.ogg'.
E/MediaMetadataRetriever( 1246): failed to create IMediaMetadataRetriever object from server
E/MediaMetadataRetriever( 1246): retriever is not initialized
E/MediaScannerJNI( 1246): An error occurred while scanning file '/system/media/audio/ringtones/MildlyAlarming.ogg'.
E/MediaMetadataRetriever( 1246): failed to create IMediaMetadataRetriever object from server
E/MediaMetadataRetriever( 1246): retriever is not initialized
E/MediaScannerJNI( 1246): An error occurred while scanning file '/system/media/audio/ringtones/Nairobi.ogg'.
E/MediaMetadataRetriever( 1246): failed to create IMediaMetadataRetriever object from server
E/MediaMetadataRetriever( 1246): retriever is not initialized
E/MediaScannerJNI( 1246): An error occurred while scanning file '/system/media/audio/ringtones/Nassau.ogg'.
E/MediaMetadataRetriever( 1246): failed to create IMediaMetadataRetriever object from server
E/MediaMetadataRetriever( 1246): retriever is not initialized
E/MediaScannerJNI( 1246): An error occurred while scanning file '/system/media/audio/ringtones/NewPlayer.ogg'.
E/MediaMetadataRetriever( 1246): failed to create IMediaMetadataRetriever object from server
E/MediaMetadataRetriever( 1246): retriever is not initialized
E/MediaScannerJNI( 1246): An error occurred while scanning file '/system/media/audio/ringtones/No_Limits.ogg'.
E/MediaMetadataRetriever( 1246): failed to create IMediaMetadataRetriever object from server
E/MediaMetadataRetriever( 1246): retriever is not initialized
E/MediaScannerJNI( 1246): An error occurred while scanning file '/system/media/audio/ringtones/Noises1.ogg'.
E/MediaMetadataRetriever( 1246): failed to create IMediaMetadataRetriever object from server
E/MediaMetadataRetriever( 1246): retriever is not initialized
E/MediaScannerJNI( 1246): An error occurred while scanning file '/system/media/audio/ringtones/Noises2.ogg'.
E/MediaMetadataRetriever( 1246): failed to create IMediaMetadataRetriever object from server
E/MediaMetadataRetriever( 1246): retriever is not initialized
E/MediaScannerJNI( 1246): An error occurred while scanning file '/system/media/audio/ringtones/Noises3.ogg'.
E/MediaMetadataRetriever( 1246): failed to create IMediaMetadataRetriever object from server
E/MediaMetadataRetriever( 1246): retriever is not initialized
E/MediaScannerJNI( 1246): An error occurred while scanning file '/system/media/audio/ringtones/OrganDub.ogg'.
E/MediaMetadataRetriever( 1246): failed to create IMediaMetadataRetriever object from server
E/MediaMetadataRetriever( 1246): retriever is not initialized
E/MediaScannerJNI( 1246): An error occurred while scanning file '/system/media/audio/ringtones/Orion.ogg'.
E/MediaMetadataRetriever( 1246): failed to create IMediaMetadataRetriever object from server
E/MediaMetadataRetriever( 1246): retriever is not initialized
E/MediaScannerJNI( 1246): An error occurred while scanning file '/system/media/audio/ringtones/PERSEUS.ogg'.
E/MediaMetadataRetriever( 1246): failed to create IMediaMetadataRetriever object from server
E/MediaMetadataRetriever( 1246): retriever is not initialized
E/MediaScannerJNI( 1246): An error occurred while scanning file '/system/media/audio/ringtones/Paradise_Island.ogg'.
E/MediaMetadataRetriever( 1246): failed to create IMediaMetadataRetriever object from server
E/MediaMetadataRetriever( 1246): retriever is not initialized
E/MediaScannerJNI( 1246): An error occurred while scanning file '/system/media/audio/ringtones/Pegasus.ogg'.
E/MediaMetadataRetriever( 1246): failed to create IMediaMetadataRetriever object from server
E/MediaMetadataRetriever( 1246): retriever is not initialized
E/MediaScannerJNI( 1246): An error occurred while scanning file '/system/media/audio/ringtones/Perseus.ogg'.
E/MediaMetadataRetriever( 1246): failed to create IMediaMetadataRetriever object from server
E/MediaMetadataRetriever( 1246): retriever is not initialized
E/MediaScannerJNI( 1246): An error occurred while scanning file '/system/media/audio/ringtones/Playa.ogg'.
E/MediaMetadataRetriever( 1246): failed to create IMediaMetadataRetriever object from server
E/MediaMetadataRetriever( 1246): retriever is not initialized
E/MediaScannerJNI( 1246): An error occurred while scanning file '/system/media/audio/ringtones/Pyxis.ogg'.
E/MediaMetadataRetriever( 1246): failed to create IMediaMetadataRetriever object from server
E/MediaMetadataRetriever( 1246): retriever is not initialized
E/MediaScannerJNI( 1246): An error occurred while scanning file '/system/media/audio/ringtones/Rasalas.ogg'.
E/MediaMetadataRetriever( 1246): failed to create IMediaMetadataRetriever object from server
E/MediaMetadataRetriever( 1246): retriever is not initialized
E/MediaScannerJNI( 1246): An error occurred while scanning file '/system/media/audio/ringtones/Revelation.ogg'.
E/MediaMetadataRetriever( 1246): failed to create IMediaMetadataRetriever object from server
E/MediaMetadataRetriever( 1246): retriever is not initialized
E/MediaScannerJNI( 1246): An error occurred while scanning file '/system/media/audio/ringtones/Rigel.ogg'.
E/MediaMetadataRetriever( 1246): failed to create IMediaMetadataRetriever object from server
E/MediaMetadataRetriever( 1246): retriever is not initialized
E/MediaScannerJNI( 1246): An error occurred while scanning file '/system/media/audio/ringtones/Ring_Classic_02.ogg'.
E/MediaMetadataRetriever( 1246): failed to create IMediaMetadataRetriever object from server
E/MediaMetadataRetriever( 1246): retriever is not initialized
E/MediaScannerJNI( 1246): An error occurred while scanning file '/system/media/audio/ringtones/Ring_Digital_02.ogg'.
E/MediaMetadataRetriever( 1246): failed to create IMediaMetadataRetriever object from server
E/MediaMetadataRetriever( 1246): retriever is not initialized
E/MediaScannerJNI( 1246): An error occurred while scanning file '/system/media/audio/ringtones/Ring_Synth_02.ogg'.
E/MediaMetadataRetriever( 1246): failed to create IMediaMetadataRetriever object from server
E/MediaMetadataRetriever( 1246): retriever is not initialized
E/MediaScannerJNI( 1246): An error occurred while scanning file '/system/media/audio/ringtones/Ring_Synth_04.ogg'.
E/MediaMetadataRetriever( 1246): failed to create IMediaMetadataRetriever object from server
E/MediaMetadataRetriever( 1246): retriever is not initialized
W/BackupManagerService(  403): dataChanged but no participant pkg='com.android.providers.settings' uid=10004
E/MediaMetadataRetriever( 1246): failed to create IMediaMetadataRetriever object from server
E/MediaMetadataRetriever( 1246): retriever is not initialized
E/MediaScannerJNI( 1246): An error occurred while scanning file '/system/media/audio/ringtones/Road_Trip.ogg'.
E/MediaMetadataRetriever( 1246): failed to create IMediaMetadataRetriever object from server
E/MediaMetadataRetriever( 1246): retriever is not initialized
E/MediaScannerJNI( 1246): An error occurred while scanning file '/system/media/audio/ringtones/RomancingTheTone.ogg'.
E/MediaMetadataRetriever( 1246): failed to create IMediaMetadataRetriever object from server
E/MediaMetadataRetriever( 1246): retriever is not initialized
E/MediaScannerJNI( 1246): An error occurred while scanning file '/system/media/audio/ringtones/Safari.ogg'.
E/MediaMetadataRetriever( 1246): failed to create IMediaMetadataRetriever object from server
E/MediaMetadataRetriever( 1246): retriever is not initialized
E/MediaScannerJNI( 1246): An error occurred while scanning file '/system/media/audio/ringtones/Savannah.ogg'.
E/MediaMetadataRetriever( 1246): failed to create IMediaMetadataRetriever object from server
E/MediaMetadataRetriever( 1246): retriever is not initialized
E/MediaScannerJNI( 1246): An error occurred while scanning file '/system/media/audio/ringtones/Scarabaeus.ogg'.
E/MediaMetadataRetriever( 1246): failed to create IMediaMetadataRetriever object from server
E/MediaMetadataRetriever( 1246): retriever is not initialized
E/MediaScannerJNI( 1246): An error occurred while scanning file '/system/media/audio/ringtones/Sceptrum.ogg'.
E/MediaMetadataRetriever( 1246): failed to create IMediaMetadataRetriever object from server
E/MediaMetadataRetriever( 1246): retriever is not initialized
E/MediaScannerJNI( 1246): An error occurred while scanning file '/system/media/audio/ringtones/Seville.ogg'.
E/MediaMetadataRetriever( 1246): failed to create IMediaMetadataRetriever object from server
E/MediaMetadataRetriever( 1246): retriever is not initialized
E/MediaScannerJNI( 1246): An error occurred while scanning file '/system/media/audio/ringtones/Shes_All_That.ogg'.
E/MediaMetadataRetriever( 1246): failed to create IMediaMetadataRetriever object from server
E/MediaMetadataRetriever( 1246): retriever is not initialized
E/MediaScannerJNI( 1246): An error occurred while scanning file '/system/media/audio/ringtones/SilkyWay.ogg'.
E/MediaMetadataRetriever( 1246): failed to create IMediaMetadataRetriever object from server
E/MediaMetadataRetriever( 1246): retriever is not initialized
E/MediaScannerJNI( 1246): An error occurred while scanning file '/system/media/audio/ringtones/SitarVsSitar.ogg'.
E/MediaMetadataRetriever( 1246): failed to create IMediaMetadataRetriever object from server
E/MediaMetadataRetriever( 1246): retriever is not initialized
E/MediaScannerJNI( 1246): An error occurred while scanning file '/system/media/audio/ringtones/Solarium.ogg'.
E/MediaMetadataRetriever( 1246): failed to create IMediaMetadataRetriever object from server
E/MediaMetadataRetriever( 1246): retriever is not initialized
E/MediaScannerJNI( 1246): An error occurred while scanning file '/system/media/audio/ringtones/SpringyJalopy.ogg'.
E/MediaMetadataRetriever( 1246): failed to create IMediaMetadataRetriever object from server
E/MediaMetadataRetriever( 1246): retriever is not initialized
E/MediaScannerJNI( 1246): An error occurred while scanning file '/system/media/audio/ringtones/Steppin_Out.ogg'.
E/MediaMetadataRetriever( 1246): failed to create IMediaMetadataRetriever object from server
E/MediaMetadataRetriever( 1246): retriever is not initialized
E/MediaScannerJNI( 1246): An error occurred while scanning file '/system/media/audio/ringtones/Terminated.ogg'.
E/MediaMetadataRetriever( 1246): failed to create IMediaMetadataRetriever object from server
E/MediaMetadataRetriever( 1246): retriever is not initialized
E/MediaScannerJNI( 1246): An error occurred while scanning file '/system/media/audio/ringtones/Testudo.ogg'.
E/MediaMetadataRetriever( 1246): failed to create IMediaMetadataRetriever object from server
E/MediaMetadataRetriever( 1246): retriever is not initialized
E/MediaScannerJNI( 1246): An error occurred while scanning file '/system/media/audio/ringtones/Themos.ogg'.
E/MediaMetadataRetriever( 1246): failed to create IMediaMetadataRetriever object from server
E/MediaMetadataRetriever( 1246): retriever is not initialized
E/MediaScannerJNI( 1246): An error occurred while scanning file '/system/media/audio/ringtones/Third_Eye.ogg'.
E/MediaMetadataRetriever( 1246): failed to create IMediaMetadataRetriever object from server
E/MediaMetadataRetriever( 1246): retriever is not initialized
E/MediaScannerJNI( 1246): An error occurred while scanning file '/system/media/audio/ringtones/Thunderfoot.ogg'.
E/MediaMetadataRetriever( 1246): failed to create IMediaMetadataRetriever object from server
E/MediaMetadataRetriever( 1246): retriever is not initialized
E/MediaScannerJNI( 1246): An error occurred while scanning file '/system/media/audio/ringtones/TwirlAway.ogg'.
E/MediaMetadataRetriever( 1246): failed to create IMediaMetadataRetriever object from server
E/MediaMetadataRetriever( 1246): retriever is not initialized
E/MediaScannerJNI( 1246): An error occurred while scanning file '/system/media/audio/ringtones/URSAMINOR.ogg'.
E/MediaMetadataRetriever( 1246): failed to create IMediaMetadataRetriever object from server
E/MediaMetadataRetriever( 1246): retriever is not initialized
E/MediaScannerJNI( 1246): An error occurred while scanning file '/system/media/audio/ringtones/UrsaMinor.ogg'.
E/MediaMetadataRetriever( 1246): failed to create IMediaMetadataRetriever object from server
E/MediaMetadataRetriever( 1246): retriever is not initialized
E/MediaScannerJNI( 1246): An error occurred while scanning file '/system/media/audio/ringtones/VeryAlarmed.ogg'.
E/MediaMetadataRetriever( 1246): failed to create IMediaMetadataRetriever object from server
E/MediaMetadataRetriever( 1246): retriever is not initialized
E/MediaScannerJNI( 1246): An error occurred while scanning file '/system/media/audio/ringtones/Vespa.ogg'.
E/MediaMetadataRetriever( 1246): failed to create IMediaMetadataRetriever object from server
E/MediaMetadataRetriever( 1246): retriever is not initialized
E/MediaScannerJNI( 1246): An error occurred while scanning file '/system/media/audio/ringtones/World.ogg'.
E/MediaMetadataRetriever( 1246): failed to create IMediaMetadataRetriever object from server
E/MediaMetadataRetriever( 1246): retriever is not initialized
E/MediaScannerJNI( 1246): An error occurred while scanning file '/system/media/audio/ringtones/Zeta.ogg'.
E/MediaMetadataRetriever( 1246): failed to create IMediaMetadataRetriever object from server
E/MediaMetadataRetriever( 1246): retriever is not initialized
E/MediaScannerJNI( 1246): An error occurred while scanning file '/system/media/audio/ringtones/hydra.ogg'.
E/MediaMetadataRetriever( 1246): failed to create IMediaMetadataRetriever object from server
E/MediaMetadataRetriever( 1246): retriever is not initialized
E/MediaScannerJNI( 1246): An error occurred while scanning file '/system/media/audio/ui/Dock.ogg'.
E/MediaMetadataRetriever( 1246): failed to create IMediaMetadataRetriever object from server
E/MediaMetadataRetriever( 1246): retriever is not initialized
E/MediaScannerJNI( 1246): An error occurred while scanning file '/system/media/audio/ui/Effect_Tick.ogg'.
E/MediaMetadataRetriever( 1246): failed to create IMediaMetadataRetriever object from server
E/MediaMetadataRetriever( 1246): retriever is not initialized
E/MediaScannerJNI( 1246): An error occurred while scanning file '/system/media/audio/ui/KeypressDelete.ogg'.
E/MediaMetadataRetriever( 1246): failed to create IMediaMetadataRetriever object from server
E/MediaMetadataRetriever( 1246): retriever is not initialized
E/MediaScannerJNI( 1246): An error occurred while scanning file '/system/media/audio/ui/KeypressInvalid.ogg'.
E/MediaMetadataRetriever( 1246): failed to create IMediaMetadataRetriever object from server
E/MediaMetadataRetriever( 1246): retriever is not initialized
E/MediaScannerJNI( 1246): An error occurred while scanning file '/system/media/audio/ui/KeypressReturn.ogg'.
E/MediaMetadataRetriever( 1246): failed to create IMediaMetadataRetriever object from server
E/MediaMetadataRetriever( 1246): retriever is not initialized
E/MediaScannerJNI( 1246): An error occurred while scanning file '/system/media/audio/ui/KeypressSpacebar.ogg'.
E/MediaMetadataRetriever( 1246): failed to create IMediaMetadataRetriever object from server
E/MediaMetadataRetriever( 1246): retriever is not initialized
E/MediaScannerJNI( 1246): An error occurred while scanning file '/system/media/audio/ui/KeypressStandard.ogg'.
E/MediaMetadataRetriever( 1246): failed to create IMediaMetadataRetriever object from server
E/MediaMetadataRetriever( 1246): retriever is not initialized
E/MediaScannerJNI( 1246): An error occurred while scanning file '/system/media/audio/ui/Lock.ogg'.
E/MediaMetadataRetriever( 1246): failed to create IMediaMetadataRetriever object from server
E/MediaMetadataRetriever( 1246): retriever is not initialized
E/MediaScannerJNI( 1246): An error occurred while scanning file '/system/media/audio/ui/LowBattery.ogg'.
E/MediaMetadataRetriever( 1246): failed to create IMediaMetadataRetriever object from server
E/MediaMetadataRetriever( 1246): retriever is not initialized
E/MediaScannerJNI( 1246): An error occurred while scanning file '/system/media/audio/ui/Trusted.ogg'.
E/MediaMetadataRetriever( 1246): failed to create IMediaMetadataRetriever object from server
E/MediaMetadataRetriever( 1246): retriever is not initialized
E/MediaScannerJNI( 1246): An error occurred while scanning file '/system/media/audio/ui/Undock.ogg'.
E/MediaMetadataRetriever( 1246): failed to create IMediaMetadataRetriever object from server
E/MediaMetadataRetriever( 1246): retriever is not initialized
E/MediaScannerJNI( 1246): An error occurred while scanning file '/system/media/audio/ui/Unlock.ogg'.
E/MediaMetadataRetriever( 1246): failed to create IMediaMetadataRetriever object from server
E/MediaMetadataRetriever( 1246): retriever is not initialized
E/MediaScannerJNI( 1246): An error occurred while scanning file '/system/media/audio/ui/VideoRecord.ogg'.
E/MediaMetadataRetriever( 1246): failed to create IMediaMetadataRetriever object from server
E/MediaMetadataRetriever( 1246): retriever is not initialized
E/MediaScannerJNI( 1246): An error occurred while scanning file '/system/media/audio/ui/WirelessChargingStarted.ogg'.
E/MediaMetadataRetriever( 1246): failed to create IMediaMetadataRetriever object from server
E/MediaMetadataRetriever( 1246): retriever is not initialized
E/MediaScannerJNI( 1246): An error occurred while scanning file '/system/media/audio/ui/camera_click.ogg'.
E/MediaMetadataRetriever( 1246): failed to create IMediaMetadataRetriever object from server
E/MediaMetadataRetriever( 1246): retriever is not initialized
E/MediaScannerJNI( 1246): An error occurred while scanning file '/system/media/audio/ui/camera_focus.ogg'.
W/MediaScanner( 1246): Error opening directory '/oem/media/', skipping: No such file or directory.
E/MediaMetadataRetriever( 1246): failed to create IMediaMetadataRetriever object from server
E/MediaMetadataRetriever( 1246): retriever is not initialized
I/ServiceManager(  403): Waiting for service media.player...
I/ServiceManager( 1246): Waiting for service media.audio_flinger...
I/ServiceManager(  403): Waiting for service media.player...
I/ServiceManager( 1246): Waiting for service media.audio_flinger...
I/ServiceManager(  403): Waiting for service media.player...
I/ServiceManager( 1246): Waiting for service media.audio_flinger...
I/ServiceManager(  403): Waiting for service media.player...
I/ServiceManager( 1246): Waiting for service media.audio_flinger...
I/mediaserver( 4422): ServiceManager: 0x414700c0
I/AudioFlinger( 4422): Using default 3000 mSec as standby time.
I/CameraService( 4422): CameraService started (pid=4422)
I/CameraService( 4422): Loaded "Espresso Camera Wrapper" camera module
V/CameraWrapper( 4422): camera_get_number_of_cameras
V/CameraWrapper( 4422): check_vendor_module
W/linker  ( 4422): libion.omap4.so has text relocations. This is wasting memory and prevents security hardening. Please fix.
W/linker  ( 4422): libmm_osal.so has text relocations. This is wasting memory and prevents security hardening. Please fix.
W/linker  ( 4422): libsecnativefeature.so has text relocations. This is wasting memory and prevents security hardening. Please fix.
W/linker  ( 4422): libdomx.so has text relocations. This is wasting memory and prevents security hardening. Please fix.
W/linker  ( 4422): libOMX_Core.so has text relocations. This is wasting memory and prevents security hardening. Please fix.
W/linker  ( 4422): libtiutils.so has text relocations. This is wasting memory and prevents security hardening. Please fix.
E/HAL     ( 4422): load: module=/system/lib/hw/camera.vendor.piranha.so
E/HAL     ( 4422): dlopen failed: cannot locate symbol "_ZN7android10VectorImpl19reservedVectorImpl1Ev" referenced by "libtiutils.so"...
E/CameraWrapper( 4422): failed to open vendor camera module
I/AudioPolicyService( 4422): AudioPolicyService CSTOR in new mode
I/AudioPolicyManager( 4422): loadAudioPolicyConfig() loaded /system/etc/audio_policy.conf
V/audio_hw_primary( 4422): Reading configuration from /system/etc/sound/p3110
E/audio_hw_primary( 4422): Failed to open /system/etc/sound/p3110
E/AudioFlinger( 4422): int android::load_audio_interface(const char*, audio_hw_device_t**) couldn't open audio hw device in audio.primary (Invalid argument)
I/AudioFlinger( 4422): loadHwModule() error -22 loading module primary 
W/AudioPolicyManager( 4422): could not open HW module primary
I/audio_a2dp_hw( 4422): adev_open:  adev_open in A2dp_hw module
I/AudioFlinger( 4422): loadHwModule() Loaded a2dp audio interface from A2DP Audio HW HAL (audio) handle 1
I/AudioFlinger( 4422): loadHwModule() Loaded usb audio interface from USB audio HW HAL (audio) handle 2
I/r_submix( 4422): adev_open(name=audio_hw_if)
I/r_submix( 4422): adev_init_check()
I/AudioFlinger( 4422): loadHwModule() Loaded r_submix audio interface from Wifi Display audio HAL (audio) handle 3
D/r_submix( 4422): adev_open_input_stream(addr=0)
D/r_submix( 4422): submix_audio_device_create_pipe_l(addr=0, idx=9)
D/r_submix( 4422):   now using address 0 for route 9
E/MonoPipe( 4422): Failed to fetch local time frequency when constructing a MonoPipe (res = -32).  getNextWriteTimestamp calls will be non-functional
I/AudioFlinger( 4422): AudioFlinger's thread 0x414e7000 ready to run
D/r_submix( 4422): adev_close_input_stream()
D/r_submix( 4422): submix_audio_device_release_pipe_l(idx=9) addr=0
D/r_submix( 4422): submix_audio_device_destroy_pipe_l(): pipe destroyed
W/AudioPolicyManager( 4422): Input device 00000002 unreachable
W/AudioPolicyManager( 4422): Input device 80000004 unreachable
E/AudioPolicyManager( 4422): Default device 00000002 is unreachable
E/AudioPolicyManager( 4422): Failed to open primary output
E/AudioPolicyManager( 4422): getDeviceForStrategy() speaker device not found for STRATEGY_SONIFICATION
E/AudioPolicyManager( 4422): getDeviceForStrategy() speaker device not found for STRATEGY_SONIFICATION
E/AudioPolicyManager( 4422): getDeviceForStrategy() no device found for STRATEGY_TRANSMITTED_THROUGH_SPEAKER
E/SoundTriggerHwService( 4422): couldn't load sound trigger module sound_trigger.primary (No such file or directory)
W/IMediaDeathNotifier(  403): Media player service not published, waiting...
W/AudioSystem( 1246): AudioFlinger not published, waiting...
W/MediaMetadataRetriever( 1246): MediaMetadataRetriever server died!
V/ActivityManager(  403): Display changed displayId=0
D/NuPlayerDriver( 4422): start(0x41473d00)
I/GenericSource( 4422): start
I/ActivityManager(  403): Config changes=480 {1.0 ?mcc?mnc en_US ?layoutDir sw600dp w1024dp h527dp 160dpi lrg land finger -keyb/v/h -nav/h s.13}
E/MediaPlayer( 1246): Should have subtitle controller already set
D/Ringtone( 1246): Successfully created local player
I/InputReader(  403): Reconfiguring input devices.  changes=0x00000004
I/InputReader(  403): Device reconfigured: id=5, name='melfas_ts', size 600x1024, orientation 1, mode 1, display id 0
D/NuPlayerDriver( 4422): start(0x4203c1c0)
I/GenericSource( 4422): start
I/InputDispatcher(  403): Window 'Window{6fa0883 u0 com.android.providers.media/com.android.providers.media.RingtonePickerActivity}' spent 4107.7ms processing the last input event: MotionEvent(deviceId=5, source=0x00001002, action=0, flags=0x00000000, metaState=0x00000000, buttonState=0x00000000, edgeFlags=0x00000000, xPrecision=1.0, yPrecision=1.0, displayId=0, pointers=[0: (116.0, 605.0)]), policyFlags=0x62000000
I/InputDispatcher(  403): Window 'Window{6fa0883 u0 com.android.providers.media/com.android.providers.media.RingtonePickerActivity}' spent 4061.9ms processing the last input event: MotionEvent(deviceId=5, source=0x00001002, action=2, flags=0x00000000, metaState=0x00000000, buttonState=0x00000000, edgeFlags=0x00000000, xPrecision=1.0, yPrecision=1.0, displayId=0, pointers=[0: (115.0, 606.0)]), policyFlags=0x62000000
I/InputDispatcher(  403): Window 'Window{6fa0883 u0 com.android.providers.media/com.android.providers.media.RingtonePickerActivity}' spent 4032.4ms processing the last input event: MotionEvent(deviceId=5, source=0x00001002, action=1, flags=0x00000000, metaState=0x00000000, buttonState=0x00000000, edgeFlags=0x00000000, xPrecision=1.0, yPrecision=1.0, displayId=0, pointers=[0: (115.0, 606.0)]), policyFlags=0x62000000
I/Choreographer( 1246): Skipped 351 frames!  The application may be doing too much work on its main thread.
E/MediaPlayer( 1246): Should have subtitle controller already set
I/NotificationService(  403): cancelToast pkg=com.android.deskclock callback=android.app.ITransientNotification$Stub$Proxy@1c03607e
W/NotificationService(  403): Toast already cancelled. pkg=com.android.deskclock callback=android.app.ITransientNotification$Stub$Proxy@1c03607e
E/OMX     ( 4422): FAILED to allocate omx component 'OMX.TI.DUCATI1.VIDEO.DECODER'
E/OMX     ( 4422): FAILED to allocate omx component 'OMX.TI.DUCATI1.VIDEO.DECODER'
E/OMX     ( 4422): FAILED to allocate omx component 'OMX.TI.DUCATI1.VIDEO.DECODER'
E/OMX     ( 4422): FAILED to allocate omx component 'OMX.TI.DUCATI1.VIDEO.MPEG4E'
E/OMX     ( 4422): FAILED to allocate omx component 'OMX.TI.DUCATI1.VIDEO.MPEG4E'
E/OMX     ( 4422): FAILED to allocate omx component 'OMX.TI.DUCATI1.VIDEO.H264E'
W/OMXNodeInstance( 4422): [f:google.mpeg4.decoder] component does not support metadata mode; using fallback
W/OMXNodeInstance( 4422): [10:google.mpeg4.decoder] component does not support metadata mode; using fallback
W/MediaCodecList( 4422): ignoring Limit specified outside of a Type
W/MediaCodecList( 4422): ignoring Limit specified outside of a Type
W/MediaCodecList( 4422): ignoring Limit specified outside of a Type
